Archive member included to satisfy reference by file (symbol)

c:/intelfpga/18.1/nios2eds/bin/gnu/h-x86_64-mingw32/bin/../lib/gcc/nios2-elf/5.3.0/../../../../../H-x86_64-mingw32/nios2-elf/lib\libsmallc.a(lib_a-printf.o)
                              obj/default/main.o (printf)
c:/intelfpga/18.1/nios2eds/bin/gnu/h-x86_64-mingw32/bin/../lib/gcc/nios2-elf/5.3.0/../../../../../H-x86_64-mingw32/nios2-elf/lib\libsmallc.a(lib_a-vfprintf.o)
                              c:/intelfpga/18.1/nios2eds/bin/gnu/h-x86_64-mingw32/bin/../lib/gcc/nios2-elf/5.3.0/../../../../../H-x86_64-mingw32/nios2-elf/lib\libsmallc.a(lib_a-printf.o) (___vfprintf_internal_r)
c:/intelfpga/18.1/nios2eds/bin/gnu/h-x86_64-mingw32/bin/../lib/gcc/nios2-elf/5.3.0/../../../../../H-x86_64-mingw32/nios2-elf/lib\libsmallc.a(lib_a-fvwrite_small_dev.o)
                              c:/intelfpga/18.1/nios2eds/bin/gnu/h-x86_64-mingw32/bin/../lib/gcc/nios2-elf/5.3.0/../../../../../H-x86_64-mingw32/nios2-elf/lib\libsmallc.a(lib_a-printf.o) (__sfvwrite_small_dev)
c:/intelfpga/18.1/nios2eds/bin/gnu/h-x86_64-mingw32/bin/../lib/gcc/nios2-elf/5.3.0/../../../../../H-x86_64-mingw32/nios2-elf/lib\libsmallc.a(lib_a-impure.o)
                              c:/intelfpga/18.1/nios2eds/bin/gnu/h-x86_64-mingw32/bin/../lib/gcc/nios2-elf/5.3.0/../../../../../H-x86_64-mingw32/nios2-elf/lib\libsmallc.a(lib_a-printf.o) (_impure_ptr)
c:/intelfpga/18.1/nios2eds/bin/gnu/h-x86_64-mingw32/bin/../lib/gcc/nios2-elf/5.3.0/../../../../../H-x86_64-mingw32/nios2-elf/lib\libsmallc.a(lib_a-strlen.o)
                              c:/intelfpga/18.1/nios2eds/bin/gnu/h-x86_64-mingw32/bin/../lib/gcc/nios2-elf/5.3.0/../../../../../H-x86_64-mingw32/nios2-elf/lib\libsmallc.a(lib_a-vfprintf.o) (strlen)
c:/intelfpga/18.1/nios2eds/bin/gnu/h-x86_64-mingw32/bin/../lib/gcc/nios2-elf/5.3.0/../../../../../H-x86_64-mingw32/nios2-elf/lib\libsmallc.a(lib_a-writer.o)
                              c:/intelfpga/18.1/nios2eds/bin/gnu/h-x86_64-mingw32/bin/../lib/gcc/nios2-elf/5.3.0/../../../../../H-x86_64-mingw32/nios2-elf/lib\libsmallc.a(lib_a-fvwrite_small_dev.o) (_write_r)
c:/intelfpga/18.1/nios2eds/bin/gnu/h-x86_64-mingw32/bin/../lib/gcc/nios2-elf/5.3.0/../../../../../H-x86_64-mingw32/nios2-elf/lib\libsmallc.a(lib_a-int_errno.o)
                              c:/intelfpga/18.1/nios2eds/bin/gnu/h-x86_64-mingw32/bin/../lib/gcc/nios2-elf/5.3.0/../../../../../H-x86_64-mingw32/nios2-elf/lib\libsmallc.a(lib_a-writer.o) (errno)
c:/intelfpga/18.1/nios2eds/bin/gnu/h-x86_64-mingw32/bin/../lib/gcc/nios2-elf/5.3.0\libgcc.a(lib2-divmod.o)
                              c:/intelfpga/18.1/nios2eds/bin/gnu/h-x86_64-mingw32/bin/../lib/gcc/nios2-elf/5.3.0/../../../../../H-x86_64-mingw32/nios2-elf/lib\libsmallc.a(lib_a-vfprintf.o) (__udivsi3)
../Lab_2_Example_Replace_bsp/\libhal_bsp.a(alt_load.o)
                              ../Lab_2_Example_Replace_bsp//obj/HAL/src/crt0.o (alt_load)
../Lab_2_Example_Replace_bsp/\libhal_bsp.a(alt_main.o)
                              ../Lab_2_Example_Replace_bsp//obj/HAL/src/crt0.o (alt_main)
../Lab_2_Example_Replace_bsp/\libhal_bsp.a(alt_usleep.o)
                              obj/default/main.o (usleep)
../Lab_2_Example_Replace_bsp/\libhal_bsp.a(alt_write.o)
                              c:/intelfpga/18.1/nios2eds/bin/gnu/h-x86_64-mingw32/bin/../lib/gcc/nios2-elf/5.3.0/../../../../../H-x86_64-mingw32/nios2-elf/lib\libsmallc.a(lib_a-writer.o) (write)
../Lab_2_Example_Replace_bsp/\libhal_bsp.a(alt_sys_init.o)
                              ../Lab_2_Example_Replace_bsp/\libhal_bsp.a(alt_main.o) (alt_irq_init)
../Lab_2_Example_Replace_bsp/\libhal_bsp.a(altera_avalon_jtag_uart_fd.o)
                              ../Lab_2_Example_Replace_bsp/\libhal_bsp.a(alt_sys_init.o) (altera_avalon_jtag_uart_read_fd)
../Lab_2_Example_Replace_bsp/\libhal_bsp.a(altera_avalon_jtag_uart_init.o)
                              ../Lab_2_Example_Replace_bsp/\libhal_bsp.a(alt_sys_init.o) (altera_avalon_jtag_uart_init)
../Lab_2_Example_Replace_bsp/\libhal_bsp.a(altera_avalon_jtag_uart_ioctl.o)
                              ../Lab_2_Example_Replace_bsp/\libhal_bsp.a(altera_avalon_jtag_uart_fd.o) (altera_avalon_jtag_uart_ioctl)
../Lab_2_Example_Replace_bsp/\libhal_bsp.a(altera_avalon_jtag_uart_read.o)
                              ../Lab_2_Example_Replace_bsp/\libhal_bsp.a(altera_avalon_jtag_uart_fd.o) (altera_avalon_jtag_uart_read)
../Lab_2_Example_Replace_bsp/\libhal_bsp.a(altera_avalon_jtag_uart_write.o)
                              ../Lab_2_Example_Replace_bsp/\libhal_bsp.a(altera_avalon_jtag_uart_fd.o) (altera_avalon_jtag_uart_write)
../Lab_2_Example_Replace_bsp/\libhal_bsp.a(altera_avalon_timer_sc.o)
                              ../Lab_2_Example_Replace_bsp/\libhal_bsp.a(alt_sys_init.o) (alt_avalon_timer_sc_init)
../Lab_2_Example_Replace_bsp/\libhal_bsp.a(alt_alarm_start.o)
                              ../Lab_2_Example_Replace_bsp/\libhal_bsp.a(altera_avalon_jtag_uart_init.o) (alt_alarm_start)
[...]
Memory Configuration

Name             Origin             Length             Attributes
reset            0x0000000004000000 0x0000000000000020
sdram            0x0000000004000020 0x0000000003ffffe0
onchip_memory    0x0000000008008000 0x0000000000005000
*default*        0x0000000000000000 0xffffffffffffffff

Linker script and memory map

LOAD ../Lab_2_Example_Replace_bsp//obj/HAL/src/crt0.o
LOAD obj/default/main.o
LOAD c:/intelfpga/18.1/nios2eds/bin/gnu/h-x86_64-mingw32/bin/../lib/gcc/nios2-elf/5.3.0/../../../../../H-x86_64-mingw32/nios2-elf/lib\libstdc++.a
LOAD c:/intelfpga/18.1/nios2eds/bin/gnu/h-x86_64-mingw32/bin/../lib/gcc/nios2-elf/5.3.0/../../../../../H-x86_64-mingw32/nios2-elf/lib\libm.a
LOAD c:/intelfpga/18.1/nios2eds/bin/gnu/h-x86_64-mingw32/bin/../lib/gcc/nios2-elf/5.3.0\libgcc.a
START GROUP
LOAD c:/intelfpga/18.1/nios2eds/bin/gnu/h-x86_64-mingw32/bin/../lib/gcc/nios2-elf/5.3.0/../../../../../H-x86_64-mingw32/nios2-elf/lib\libsmallc.a
LOAD c:/intelfpga/18.1/nios2eds/bin/gnu/h-x86_64-mingw32/bin/../lib/gcc/nios2-elf/5.3.0\libgcc.a
LOAD ../Lab_2_Example_Replace_bsp/\libhal_bsp.a
LOAD c:/intelfpga/18.1/nios2eds/bin/gnu/h-x86_64-mingw32/bin/../lib/gcc/nios2-elf/5.3.0/../../../../../H-x86_64-mingw32/nios2-elf/lib\libm.a
END GROUP
LOAD c:/intelfpga/18.1/nios2eds/bin/gnu/h-x86_64-mingw32/bin/../lib/gcc/nios2-elf/5.3.0\libgcc.a
                0x0000000004000000                __alt_mem_sdram = 0x4000000
                0x0000000008008000                __alt_mem_onchip_memory = 0x8008000

.entry          0x0000000004000000       0x20
 *(.entry)
 .entry         0x0000000004000000       0x20 ../Lab_2_Example_Replace_bsp//obj/HAL/src/crt0.o
                0x0000000004000000                __reset

.exceptions     0x0000000004000020      0x224
                0x0000000004000020                PROVIDE (__ram_exceptions_start, ABSOLUTE (.))
                0x0000000004000020                . = ALIGN (0x20)
 *(.irq)
 *(.exceptions.entry.label)
 .exceptions.entry.label
                0x0000000004000020        0x0 ../Lab_2_Example_Replace_bsp/\libhal_bsp.a(alt_irq_entry.o)
                0x0000000004000020                alt_irq_entry
 .exceptions.entry.label
                0x0000000004000020        0x0 ../Lab_2_Example_Replace_bsp/\libhal_bsp.a(alt_exception_entry.o)
                0x0000000004000020                alt_exception
 *(.exceptions.entry.user)
 *(.exceptions.entry.ecc_fatal)
 *(.exceptions.entry)
 .exceptions.entry
                0x0000000004000020       0x54 ../Lab_2_Example_Replace_bsp/\libhal_bsp.a(alt_exception_entry.o)
 *(.exceptions.irqtest.user)
 *(.exceptions.irqtest)
 .exceptions.irqtest
                0x0000000004000074       0x10 ../Lab_2_Example_Replace_bsp/\libhal_bsp.a(alt_irq_entry.o)
 *(.exceptions.irqhandler.user)
 *(.exceptions.irqhandler)
 .exceptions.irqhandler
                0x0000000004000084        0x4 ../Lab_2_Example_Replace_bsp/\libhal_bsp.a(alt_irq_entry.o)
 *(.exceptions.irqreturn.user)
 *(.exceptions.irqreturn)
 .exceptions.irqreturn
                0x0000000004000088        0x4 ../Lab_2_Example_Replace_bsp/\libhal_bsp.a(alt_irq_entry.o)
 *(.exceptions.notirq.label)
 .exceptions.notirq.label
                0x000000000400008c        0x0 ../Lab_2_Example_Replace_bsp/\libhal_bsp.a(alt_irq_entry.o)
 *(.exceptions.notirq.user)
 *(.exceptions.notirq)
 .exceptions.notirq
                0x000000000400008c        0x8 ../Lab_2_Example_Replace_bsp/\libhal_bsp.a(alt_exception_entry.o)
 *(.exceptions.soft.user)
 *(.exceptions.soft)
 *(.exceptions.unknown.user)
 *(.exceptions.unknown)
 .exceptions.unknown
                0x0000000004000094       0x14 ../Lab_2_Example_Replace_bsp/\libhal_bsp.a(alt_exception_entry.o)
 *(.exceptions.exit.label)
 .exceptions.exit.label
                0x00000000040000a8        0x0 ../Lab_2_Example_Replace_bsp/\libhal_bsp.a(alt_irq_entry.o)
 .exceptions.exit.label
                0x00000000040000a8        0x0 ../Lab_2_Example_Replace_bsp/\libhal_bsp.a(alt_exception_entry.o)
 *(.exceptions.exit.user)
 *(.exceptions.exit)
 .exceptions.exit
                0x00000000040000a8       0x54 ../Lab_2_Example_Replace_bsp/\libhal_bsp.a(alt_exception_entry.o)
 *(.exceptions)
 .exceptions    0x00000000040000fc       0xd4 ../Lab_2_Example_Replace_bsp/\libhal_bsp.a(alt_irq_handler.o)
                0x00000000040000fc                alt_irq_handler
 .exceptions    0x00000000040001d0       0x74 ../Lab_2_Example_Replace_bsp/\libhal_bsp.a(alt_instruction_exception_entry.o)
                0x00000000040001d0                alt_instruction_exception_entry
                0x0000000004000244                PROVIDE (__ram_exceptions_end, ABSOLUTE (.))
                0x0000000004000020                PROVIDE (__flash_exceptions_start, LOADADDR (.exceptions))

.text           0x0000000004000244     0x3254
                [!provide]                        PROVIDE (stext, ABSOLUTE (.))
 *(.interp)
 *(.hash)
 *(.dynsym)
 *(.dynstr)
 *(.gnu.version)
 *(.gnu.version_d)
 *(.gnu.version_r)
 *(.rel.init)
 *(.rela.init)
 *(.rel.text .rel.text.* .rel.gnu.linkonce.t.*)
 *(.rela.text .rela.text.* .rela.gnu.linkonce.t.*)
 *(.rel.fini)
 *(.rela.fini)
 *(.rel.rodata .rel.rodata.* .rel.gnu.linkonce.r.*)
 *(.rela.rodata .rela.rodata.* .rela.gnu.linkonce.r.*)
 *(.rel.data .rel.data.* .rel.gnu.linkonce.d.*)
 *(.rela.data .rela.data.* .rela.gnu.linkonce.d.*)
 *(.rel.tdata .rel.tdata.* .rel.gnu.linkonce.td.*)
 *(.rela.tdata .rela.tdata.* .rela.gnu.linkonce.td.*)
 *(.rel.tbss .rel.tbss.* .rel.gnu.linkonce.tb.*)
 *(.rela.tbss .rela.tbss.* .rela.gnu.linkonce.tb.*)
 *(.rel.ctors)
 *(.rela.ctors)
 *(.rel.dtors)
 *(.rela.dtors)
 *(.rel.got)
 *(.rela.got)
 *(.rel.sdata .rel.sdata.* .rel.gnu.linkonce.s.*)
 *(.rela.sdata .rela.sdata.* .rela.gnu.linkonce.s.*)
 *(.rel.sbss .rel.sbss.* .rel.gnu.linkonce.sb.*)
 *(.rela.sbss .rela.sbss.* .rela.gnu.linkonce.sb.*)
 *(.rel.sdata2 .rel.sdata2.* .rel.gnu.linkonce.s2.*)
 *(.rela.sdata2 .rela.sdata2.* .rela.gnu.linkonce.s2.*)
 *(.rel.sbss2 .rel.sbss2.* .rel.gnu.linkonce.sb2.*)
 *(.rela.sbss2 .rela.sbss2.* .rela.gnu.linkonce.sb2.*)
 *(.rel.bss .rel.bss.* .rel.gnu.linkonce.b.*)
 *(.rela.bss .rela.bss.* .rela.gnu.linkonce.b.*)
 *(.rel.plt)
 *(.rela.plt)
 *(.rel.dyn)
 *(.init)
 *(.plt)
 *(.text .stub .text.* .gnu.linkonce.t.*)
 .text          0x0000000004000244       0x4c ../Lab_2_Example_Replace_bsp//obj/HAL/src/crt0.o
                0x0000000004000244                _start
 .text          0x0000000004000290      0x4b8 obj/default/main.o
                0x0000000004000290                display_count
                0x0000000004000354                main
 .text          0x0000000004000748        0x0 c:/intelfpga/18.1/nios2eds/bin/gnu/h-x86_64-mingw32/bin/../lib/gcc/nios2-elf/5.3.0/../../../../../H-x86_64-mingw32/nios2-elf/lib\libsmallc.a(lib_a-printf.o)
 .text._printf_r
                0x0000000004000748       0x3c c:/intelfpga/18.1/nios2eds/bin/gnu/h-x86_64-mingw32/bin/../lib/gcc/nios2-elf/5.3.0/../../../../../H-x86_64-mingw32/nios2-elf/lib\libsmallc.a(lib_a-printf.o)
                0x0000000004000748                _printf_r
 .text.printf   0x0000000004000784       0x4c c:/intelfpga/18.1/nios2eds/bin/gnu/h-x86_64-mingw32/bin/../lib/gcc/nios2-elf/5.3.0/../../../../../H-x86_64-mingw32/nios2-elf/lib\libsmallc.a(lib_a-printf.o)
                0x0000000004000784                printf
 .text          0x00000000040007d0        0x0 c:/intelfpga/18.1/nios2eds/bin/gnu/h-x86_64-mingw32/bin/../lib/gcc/nios2-elf/5.3.0/../../../../../H-x86_64-mingw32/nios2-elf/lib\libsmallc.a(lib_a-vfprintf.o)
 .text.print_repeat
                0x00000000040007d0       0x6c c:/intelfpga/18.1/nios2eds/bin/gnu/h-x86_64-mingw32/bin/../lib/gcc/nios2-elf/5.3.0/../../../../../H-x86_64-mingw32/nios2-elf/lib\libsmallc.a(lib_a-vfprintf.o)
 .text.___vfprintf_internal_r
                0x000000000400083c      0x524 c:/intelfpga/18.1/nios2eds/bin/gnu/h-x86_64-mingw32/bin/../lib/gcc/nios2-elf/5.3.0/../../../../../H-x86_64-mingw32/nios2-elf/lib\libsmallc.a(lib_a-vfprintf.o)
                0x000000000400083c                ___vfprintf_internal_r
 .text.__vfprintf_internal
                0x0000000004000d60       0x1c c:/intelfpga/18.1/nios2eds/bin/gnu/h-x86_64-mingw32/bin/../lib/gcc/nios2-elf/5.3.0/../../../../../H-x86_64-mingw32/nios2-elf/lib\libsmallc.a(lib_a-vfprintf.o)
                0x0000000004000d60                __vfprintf_internal
 .text          0x0000000004000d7c        0x0 c:/intelfpga/18.1/nios2eds/bin/gnu/h-x86_64-mingw32/bin/../lib/gcc/nios2-elf/5.3.0/../../../../../H-x86_64-mingw32/nios2-elf/lib\libsmallc.a(lib_a-fvwrite_small_dev.o)
 .text.__sfvwrite_small_dev
                0x0000000004000d7c       0xb8 c:/intelfpga/18.1/nios2eds/bin/gnu/h-x86_64-mingw32/bin/../lib/gcc/nios2-elf/5.3.0/../../../../../H-x86_64-mingw32/nios2-elf/lib\libsmallc.a(lib_a-fvwrite_small_dev.o)
                0x0000000004000d7c                __sfvwrite_small_dev
 .text          0x0000000004000e34        0x0 c:/intelfpga/18.1/nios2eds/bin/gnu/h-x86_64-mingw32/bin/../lib/gcc/nios2-elf/5.3.0/../../../../../H-x86_64-mingw32/nios2-elf/lib\libsmallc.a(lib_a-impure.o)
 .text          0x0000000004000e34        0x0 c:/intelfpga/18.1/nios2eds/bin/gnu/h-x86_64-mingw32/bin/../lib/gcc/nios2-elf/5.3.0/../../../../../H-x86_64-mingw32/nios2-elf/lib\libsmallc.a(lib_a-strlen.o)
 .text.strlen   0x0000000004000e34       0x1c c:/intelfpga/18.1/nios2eds/bin/gnu/h-x86_64-mingw32/bin/../lib/gcc/nios2-elf/5.3.0/../../../../../H-x86_64-mingw32/nios2-elf/lib\libsmallc.a(lib_a-strlen.o)
                0x0000000004000e34                strlen
 .text          0x0000000004000e50        0x0 c:/intelfpga/18.1/nios2eds/bin/gnu/h-x86_64-mingw32/bin/../lib/gcc/nios2-elf/5.3.0/../../../../../H-x86_64-mingw32/nios2-elf/lib\libsmallc.a(lib_a-writer.o)
 .text._write_r
                0x0000000004000e50       0x58 c:/intelfpga/18.1/nios2eds/bin/gnu/h-x86_64-mingw32/bin/../lib/gcc/nios2-elf/5.3.0/../../../../../H-x86_64-mingw32/nios2-elf/lib\libsmallc.a(lib_a-writer.o)
                0x0000000004000e50                _write_r
 .text          0x0000000004000ea8        0x0 c:/intelfpga/18.1/nios2eds/bin/gnu/h-x86_64-mingw32/bin/../lib/gcc/nios2-elf/5.3.0/../../../../../H-x86_64-mingw32/nios2-elf/lib\libsmallc.a(lib_a-int_errno.o)
 .text          0x0000000004000ea8      0x1b4 c:/intelfpga/18.1/nios2eds/bin/gnu/h-x86_64-mingw32/bin/../lib/gcc/nios2-elf/5.3.0\libgcc.a(lib2-divmod.o)
                0x0000000004000ea8                __divsi3
                0x0000000004000f2c                __modsi3
                0x0000000004000fa0                __udivsi3
                0x0000000004001004                __umodsi3
 .text          0x000000000400105c       0xec ../Lab_2_Example_Replace_bsp/\libhal_bsp.a(alt_load.o)
                0x00000000040010c4                alt_load
 .text          0x0000000004001148       0x7c ../Lab_2_Example_Replace_bsp/\libhal_bsp.a(alt_main.o)
                0x0000000004001148                alt_main
 .text          0x00000000040011c4       0x30 ../Lab_2_Example_Replace_bsp/\libhal_bsp.a(alt_usleep.o)
                0x00000000040011c4                usleep
 .text          0x00000000040011f4      0x134 ../Lab_2_Example_Replace_bsp/\libhal_bsp.a(alt_write.o)
                0x0000000004001230                write
 .text          0x0000000004001328       0xcc ../Lab_2_Example_Replace_bsp/\libhal_bsp.a(alt_sys_init.o)
                0x000000000400135c                alt_irq_init
                0x0000000004001394                alt_sys_init
 .text          0x00000000040013f4      0x164 ../Lab_2_Example_Replace_bsp/\libhal_bsp.a(altera_avalon_jtag_uart_fd.o)
                0x00000000040013f4                altera_avalon_jtag_uart_read_fd
                0x0000000004001454                altera_avalon_jtag_uart_write_fd
                0x00000000040014b4                altera_avalon_jtag_uart_close_fd
                0x0000000004001504                altera_avalon_jtag_uart_ioctl_fd
 .text          0x0000000004001558      0x3d4 ../Lab_2_Example_Replace_bsp/\libhal_bsp.a(altera_avalon_jtag_uart_init.o)
                0x0000000004001558                altera_avalon_jtag_uart_init
                0x00000000040018c4                altera_avalon_jtag_uart_close
 .text          0x000000000400192c       0xf0 ../Lab_2_Example_Replace_bsp/\libhal_bsp.a(altera_avalon_jtag_uart_ioctl.o)
                0x000000000400192c                altera_avalon_jtag_uart_ioctl
 .text          0x0000000004001a1c      0x21c ../Lab_2_Example_Replace_bsp/\libhal_bsp.a(altera_avalon_jtag_uart_read.o)
                0x0000000004001a1c                altera_avalon_jtag_uart_read
 .text          0x0000000004001c38      0x224 ../Lab_2_Example_Replace_bsp/\libhal_bsp.a(altera_avalon_jtag_uart_write.o)
                0x0000000004001c38                altera_avalon_jtag_uart_write
 .text          0x0000000004001e5c       0xf4 ../Lab_2_Example_Replace_bsp/\libhal_bsp.a(altera_avalon_timer_sc.o)
                0x0000000004001ed4                alt_avalon_timer_sc_init
 .text          0x0000000004001f50      0x12c ../Lab_2_Example_Replace_bsp/\libhal_bsp.a(alt_alarm_start.o)
                0x0000000004001f50                alt_alarm_start
 .text          0x000000000400207c      0x158 ../Lab_2_Example_Replace_bsp/\libhal_bsp.a(alt_busy_sleep.o)
                0x000000000400207c                alt_busy_sleep
 .text          0x00000000040021d4      0x10c ../Lab_2_Example_Replace_bsp/\libhal_bsp.a(alt_close.o)
                0x0000000004002210                close
 .text          0x00000000040022e0       0x48 ../Lab_2_Example_Replace_bsp/\libhal_bsp.a(alt_dcache_flush_all.o)
                0x00000000040022e0                alt_dcache_flush_all
 .text          0x0000000004002328       0x2c ../Lab_2_Example_Replace_bsp/\libhal_bsp.a(alt_dev.o)
 .text          0x0000000004002354       0xe0 ../Lab_2_Example_Replace_bsp/\libhal_bsp.a(alt_dev_llist_insert.o)
                0x0000000004002390                alt_dev_llist_insert
 .text          0x0000000004002434       0x60 ../Lab_2_Example_Replace_bsp/\libhal_bsp.a(alt_do_ctors.o)
                0x0000000004002434                _do_ctors
 .text          0x0000000004002494       0x60 ../Lab_2_Example_Replace_bsp/\libhal_bsp.a(alt_do_dtors.o)
                0x0000000004002494                _do_dtors
 .text          0x00000000040024f4        0x0 ../Lab_2_Example_Replace_bsp/\libhal_bsp.a(alt_errno.o)
 .text          0x00000000040024f4       0x34 ../Lab_2_Example_Replace_bsp/\libhal_bsp.a(alt_icache_flush_all.o)
                0x00000000040024f4                alt_icache_flush_all
 .text          0x0000000004002528      0x1b0 ../Lab_2_Example_Replace_bsp/\libhal_bsp.a(alt_iic.o)
                0x0000000004002528                alt_ic_isr_register
                0x0000000004002578                alt_ic_irq_enable
                0x0000000004002600                alt_ic_irq_disable
                0x000000000400268c                alt_ic_irq_enabled
 .text          0x00000000040026d8       0xf0 ../Lab_2_Example_Replace_bsp/\libhal_bsp.a(alt_iic_isr_register.o)
                0x00000000040026d8                alt_iic_isr_register
 .text          0x00000000040027c8      0x140 ../Lab_2_Example_Replace_bsp/\libhal_bsp.a(alt_io_redirect.o)
                0x000000000400288c                alt_io_redirect
 .text          0x0000000004002908        0x0 ../Lab_2_Example_Replace_bsp/\libhal_bsp.a(alt_irq_entry.o)
 .text          0x0000000004002908        0x0 ../Lab_2_Example_Replace_bsp/\libhal_bsp.a(alt_irq_handler.o)
 .text          0x0000000004002908        0x0 ../Lab_2_Example_Replace_bsp/\libhal_bsp.a(alt_irq_vars.o)
 .text          0x0000000004002908      0x254 ../Lab_2_Example_Replace_bsp/\libhal_bsp.a(alt_open.o)
                0x0000000004002a08                open
 .text          0x0000000004002b5c       0x64 ../Lab_2_Example_Replace_bsp/\libhal_bsp.a(alt_release_fd.o)
                0x0000000004002b5c                alt_release_fd
 .text          0x0000000004002bc0      0x1a4 ../Lab_2_Example_Replace_bsp/\libhal_bsp.a(alt_tick.o)
                0x0000000004002bc0                alt_alarm_stop
                0x0000000004002c5c                alt_tick
 .text          0x0000000004002d64       0x24 ../Lab_2_Example_Replace_bsp/\libhal_bsp.a(altera_nios2_gen2_irq.o)
                0x0000000004002d64                altera_nios2_gen2_irq_init
 .text          0x0000000004002d88        0x0 ../Lab_2_Example_Replace_bsp/\libhal_bsp.a(alt_exception_entry.o)
 .text          0x0000000004002d88       0x90 ../Lab_2_Example_Replace_bsp/\libhal_bsp.a(alt_find_dev.o)
                0x0000000004002d88                alt_find_dev
 .text          0x0000000004002e18      0x108 ../Lab_2_Example_Replace_bsp/\libhal_bsp.a(alt_find_file.o)
                0x0000000004002e18                alt_find_file
 .text          0x0000000004002f20       0xa4 ../Lab_2_Example_Replace_bsp/\libhal_bsp.a(alt_get_fd.o)
                0x0000000004002f20                alt_get_fd
 .text          0x0000000004002fc4       0x90 ../Lab_2_Example_Replace_bsp/\libhal_bsp.a(alt_icache_flush.o)
                0x0000000004002fc4                alt_icache_flush
 .text          0x0000000004003054       0x9c ../Lab_2_Example_Replace_bsp/\libhal_bsp.a(alt_instruction_exception_entry.o)
                0x0000000004003054                alt_exception_cause_generated_bad_addr
 .text          0x00000000040030f0        0x0 c:/intelfpga/18.1/nios2eds/bin/gnu/h-x86_64-mingw32/bin/../lib/gcc/nios2-elf/5.3.0/../../../../../H-x86_64-mingw32/nios2-elf/lib\libsmallc.a(lib_a-atexit.o)
 .text.atexit   0x00000000040030f0       0x14 c:/intelfpga/18.1/nios2eds/bin/gnu/h-x86_64-mingw32/bin/../lib/gcc/nios2-elf/5.3.0/../../../../../H-x86_64-mingw32/nios2-elf/lib\libsmallc.a(lib_a-atexit.o)
                0x00000000040030f0                atexit
 .text          0x0000000004003104        0x0 c:/intelfpga/18.1/nios2eds/bin/gnu/h-x86_64-mingw32/bin/../lib/gcc/nios2-elf/5.3.0/../../../../../H-x86_64-mingw32/nios2-elf/lib\libsmallc.a(lib_a-exit.o)
 .text.exit     0x0000000004003104       0x20 c:/intelfpga/18.1/nios2eds/bin/gnu/h-x86_64-mingw32/bin/../lib/gcc/nios2-elf/5.3.0/../../../../../H-x86_64-mingw32/nios2-elf/lib\libsmallc.a(lib_a-exit.o)
                0x0000000004003104                exit
 .text          0x0000000004003124        0x0 c:/intelfpga/18.1/nios2eds/bin/gnu/h-x86_64-mingw32/bin/../lib/gcc/nios2-elf/5.3.0/../../../../../H-x86_64-mingw32/nios2-elf/lib\libsmallc.a(lib_a-memcmp.o)
 .text.memcmp   0x0000000004003124       0x30 c:/intelfpga/18.1/nios2eds/bin/gnu/h-x86_64-mingw32/bin/../lib/gcc/nios2-elf/5.3.0/../../../../../H-x86_64-mingw32/nios2-elf/lib\libsmallc.a(lib_a-memcmp.o)
                0x0000000004003124                memcmp
 .text          0x0000000004003154        0x0 c:/intelfpga/18.1/nios2eds/bin/gnu/h-x86_64-mingw32/bin/../lib/gcc/nios2-elf/5.3.0/../../../../../H-x86_64-mingw32/nios2-elf/lib\libsmallc.a(lib_a-memcpy.o)
 .text.memcpy   0x0000000004003154       0x28 c:/intelfpga/18.1/nios2eds/bin/gnu/h-x86_64-mingw32/bin/../lib/gcc/nios2-elf/5.3.0/../../../../../H-x86_64-mingw32/nios2-elf/lib\libsmallc.a(lib_a-memcpy.o)
                0x0000000004003154                memcpy
 .text          0x000000000400317c        0x0 c:/intelfpga/18.1/nios2eds/bin/gnu/h-x86_64-mingw32/bin/../lib/gcc/nios2-elf/5.3.0/../../../../../H-x86_64-mingw32/nios2-elf/lib\libsmallc.a(lib_a-__atexit.o)
 .text.__register_exitproc
                0x000000000400317c      0x158 c:/intelfpga/18.1/nios2eds/bin/gnu/h-x86_64-mingw32/bin/../lib/gcc/nios2-elf/5.3.0/../../../../../H-x86_64-mingw32/nios2-elf/lib\libsmallc.a(lib_a-__atexit.o)
                0x000000000400317c                __register_exitproc
 .text          0x00000000040032d4        0x0 c:/intelfpga/18.1/nios2eds/bin/gnu/h-x86_64-mingw32/bin/../lib/gcc/nios2-elf/5.3.0/../../../../../H-x86_64-mingw32/nios2-elf/lib\libsmallc.a(lib_a-__call_atexit.o)
 .text.__call_exitprocs
                0x00000000040032d4      0x190 c:/intelfpga/18.1/nios2eds/bin/gnu/h-x86_64-mingw32/bin/../lib/gcc/nios2-elf/5.3.0/../../../../../H-x86_64-mingw32/nios2-elf/lib\libsmallc.a(lib_a-__call_atexit.o)
                0x00000000040032d4                __call_exitprocs
 .text          0x0000000004003464       0x34 ../Lab_2_Example_Replace_bsp/\libhal_bsp.a(alt_exit.o)
                0x0000000004003464                _exit
 *(.gnu.warning.*)
 *(.fini)
                [!provide]                        PROVIDE (__etext, ABSOLUTE (.))
                [!provide]                        PROVIDE (_etext, ABSOLUTE (.))
                [!provide]                        PROVIDE (etext, ABSOLUTE (.))
 *(.eh_frame_hdr)
                0x0000000004003498                . = ALIGN (0x4)
                [!provide]                        PROVIDE (__preinit_array_start, ABSOLUTE (.))
 *(.preinit_array)
                [!provide]                        PROVIDE (__preinit_array_end, ABSOLUTE (.))
                [!provide]                        PROVIDE (__init_array_start, ABSOLUTE (.))
 *(.init_array)
                [!provide]                        PROVIDE (__init_array_end, ABSOLUTE (.))
                [!provide]                        PROVIDE (__fini_array_start, ABSOLUTE (.))
 *(.fini_array)
                [!provide]                        PROVIDE (__fini_array_end, ABSOLUTE (.))
 *(.eh_frame)
 *(.gcc_except_table .gcc_except_table.*)
 *(.dynamic)
                0x0000000004003498                PROVIDE (__CTOR_LIST__, ABSOLUTE (.))
 *(.ctors)
 *(SORT(.ctors.*))
                0x0000000004003498                PROVIDE (__CTOR_END__, ABSOLUTE (.))
                0x0000000004003498                PROVIDE (__DTOR_LIST__, ABSOLUTE (.))
 *(.dtors)
 *(SORT(.dtors.*))
                0x0000000004003498                PROVIDE (__DTOR_END__, ABSOLUTE (.))
 *(.jcr)
                0x0000000004003498                . = ALIGN (0x4)

.rodata         0x0000000004003498       0x3c
                0x0000000004003498                PROVIDE (__ram_rodata_start, ABSOLUTE (.))
                0x0000000004003498                . = ALIGN (0x4)
 *(.rodata .rodata.* .gnu.linkonce.r.*)
 .rodata        0x0000000004003498        0xd obj/default/main.o
 *fill*         0x00000000040034a5        0x3 
 .rodata        0x00000000040034a8        0xf ../Lab_2_Example_Replace_bsp/\libhal_bsp.a(alt_main.o)
 *fill*         0x00000000040034b7        0x1 
 .rodata        0x00000000040034b8        0xf ../Lab_2_Example_Replace_bsp/\libhal_bsp.a(alt_sys_init.o)
 *fill*         0x00000000040034c7        0x1 
 .rodata        0x00000000040034c8        0xa ../Lab_2_Example_Replace_bsp/\libhal_bsp.a(alt_dev.o)
 *(.rodata1)
                0x00000000040034d4                . = ALIGN (0x4)
 *fill*         0x00000000040034d2        0x2 
                0x00000000040034d4                PROVIDE (__ram_rodata_end, ABSOLUTE (.))
                0x0000000004003498                PROVIDE (__flash_rodata_start, LOADADDR (.rodata))

.rwdata         0x00000000040034d4     0x1314 load address 0x00000000040047e8
                0x00000000040034d4                PROVIDE (__ram_rwdata_start, ABSOLUTE (.))
                0x00000000040034d4                . = ALIGN (0x4)
 *(.got.plt)
 *(.got)
 *(.data1)
 *(.data .data.* .gnu.linkonce.d.*)
 .data          0x00000000040034d4        0x0 ../Lab_2_Example_Replace_bsp//obj/HAL/src/crt0.o
 .data          0x00000000040034d4        0x0 obj/default/main.o
 .data          0x00000000040034d4        0x0 c:/intelfpga/18.1/nios2eds/bin/gnu/h-x86_64-mingw32/bin/../lib/gcc/nios2-elf/5.3.0/../../../../../H-x86_64-mingw32/nios2-elf/lib\libsmallc.a(lib_a-printf.o)
 .data          0x00000000040034d4        0x0 c:/intelfpga/18.1/nios2eds/bin/gnu/h-x86_64-mingw32/bin/../lib/gcc/nios2-elf/5.3.0/../../../../../H-x86_64-mingw32/nios2-elf/lib\libsmallc.a(lib_a-vfprintf.o)
 .data          0x00000000040034d4        0x0 c:/intelfpga/18.1/nios2eds/bin/gnu/h-x86_64-mingw32/bin/../lib/gcc/nios2-elf/5.3.0/../../../../../H-x86_64-mingw32/nios2-elf/lib\libsmallc.a(lib_a-fvwrite_small_dev.o)
 .data          0x00000000040034d4        0x0 c:/intelfpga/18.1/nios2eds/bin/gnu/h-x86_64-mingw32/bin/../lib/gcc/nios2-elf/5.3.0/../../../../../H-x86_64-mingw32/nios2-elf/lib\libsmallc.a(lib_a-impure.o)
 .data.impure_data
                0x00000000040034d4       0xe0 c:/intelfpga/18.1/nios2eds/bin/gnu/h-x86_64-mingw32/bin/../lib/gcc/nios2-elf/5.3.0/../../../../../H-x86_64-mingw32/nios2-elf/lib\libsmallc.a(lib_a-impure.o)
 .data          0x00000000040035b4        0x0 c:/intelfpga/18.1/nios2eds/bin/gnu/h-x86_64-mingw32/bin/../lib/gcc/nios2-elf/5.3.0/../../../../../H-x86_64-mingw32/nios2-elf/lib\libsmallc.a(lib_a-strlen.o)
 .data          0x00000000040035b4        0x0 c:/intelfpga/18.1/nios2eds/bin/gnu/h-x86_64-mingw32/bin/../lib/gcc/nios2-elf/5.3.0/../../../../../H-x86_64-mingw32/nios2-elf/lib\libsmallc.a(lib_a-writer.o)
 .data          0x00000000040035b4        0x0 c:/intelfpga/18.1/nios2eds/bin/gnu/h-x86_64-mingw32/bin/../lib/gcc/nios2-elf/5.3.0/../../../../../H-x86_64-mingw32/nios2-elf/lib\libsmallc.a(lib_a-int_errno.o)
 .data          0x00000000040035b4        0x0 c:/intelfpga/18.1/nios2eds/bin/gnu/h-x86_64-mingw32/bin/../lib/gcc/nios2-elf/5.3.0\libgcc.a(lib2-divmod.o)
 .data          0x00000000040035b4        0x0 ../Lab_2_Example_Replace_bsp/\libhal_bsp.a(alt_load.o)
 .data          0x00000000040035b4        0x0 ../Lab_2_Example_Replace_bsp/\libhal_bsp.a(alt_main.o)
 .data          0x00000000040035b4        0x0 ../Lab_2_Example_Replace_bsp/\libhal_bsp.a(alt_usleep.o)
 .data          0x00000000040035b4        0x0 ../Lab_2_Example_Replace_bsp/\libhal_bsp.a(alt_write.o)
 .data          0x00000000040035b4     0x1060 ../Lab_2_Example_Replace_bsp/\libhal_bsp.a(alt_sys_init.o)
 .data          0x0000000004004614        0x0 ../Lab_2_Example_Replace_bsp/\libhal_bsp.a(altera_avalon_jtag_uart_fd.o)
 .data          0x0000000004004614        0x0 ../Lab_2_Example_Replace_bsp/\libhal_bsp.a(altera_avalon_jtag_uart_init.o)
 .data          0x0000000004004614        0x0 ../Lab_2_Example_Replace_bsp/\libhal_bsp.a(altera_avalon_jtag_uart_ioctl.o)
 .data          0x0000000004004614        0x0 ../Lab_2_Example_Replace_bsp/\libhal_bsp.a(altera_avalon_jtag_uart_read.o)
 .data          0x0000000004004614        0x0 ../Lab_2_Example_Replace_bsp/\libhal_bsp.a(altera_avalon_jtag_uart_write.o)
 .data          0x0000000004004614        0x0 ../Lab_2_Example_Replace_bsp/\libhal_bsp.a(altera_avalon_timer_sc.o)
 .data          0x0000000004004614        0x0 ../Lab_2_Example_Replace_bsp/\libhal_bsp.a(alt_alarm_start.o)
 .data          0x0000000004004614        0x0 ../Lab_2_Example_Replace_bsp/\libhal_bsp.a(alt_busy_sleep.o)
 .data          0x0000000004004614        0x0 ../Lab_2_Example_Replace_bsp/\libhal_bsp.a(alt_close.o)
 .data          0x0000000004004614        0x0 ../Lab_2_Example_Replace_bsp/\libhal_bsp.a(alt_dcache_flush_all.o)
 .data          0x0000000004004614      0x1a8 ../Lab_2_Example_Replace_bsp/\libhal_bsp.a(alt_dev.o)
                0x0000000004004614                alt_dev_null
                0x000000000400463c                alt_fd_list
 .data          0x00000000040047bc        0x0 ../Lab_2_Example_Replace_bsp/\libhal_bsp.a(alt_dev_llist_insert.o)
 .data          0x00000000040047bc        0x0 ../Lab_2_Example_Replace_bsp/\libhal_bsp.a(alt_do_ctors.o)
 .data          0x00000000040047bc        0x0 ../Lab_2_Example_Replace_bsp/\libhal_bsp.a(alt_do_dtors.o)
 .data          0x00000000040047bc        0x0 ../Lab_2_Example_Replace_bsp/\libhal_bsp.a(alt_errno.o)
 .data          0x00000000040047bc        0x0 ../Lab_2_Example_Replace_bsp/\libhal_bsp.a(alt_icache_flush_all.o)
 .data          0x00000000040047bc        0x0 ../Lab_2_Example_Replace_bsp/\libhal_bsp.a(alt_iic.o)
 .data          0x00000000040047bc        0x0 ../Lab_2_Example_Replace_bsp/\libhal_bsp.a(alt_iic_isr_register.o)
 .data          0x00000000040047bc        0x0 ../Lab_2_Example_Replace_bsp/\libhal_bsp.a(alt_io_redirect.o)
 .data          0x00000000040047bc        0x0 ../Lab_2_Example_Replace_bsp/\libhal_bsp.a(alt_irq_entry.o)
 .data          0x00000000040047bc        0x0 ../Lab_2_Example_Replace_bsp/\libhal_bsp.a(alt_irq_handler.o)
 .data          0x00000000040047bc        0x0 ../Lab_2_Example_Replace_bsp/\libhal_bsp.a(alt_irq_vars.o)
 .data          0x00000000040047bc        0x0 ../Lab_2_Example_Replace_bsp/\libhal_bsp.a(alt_open.o)
 .data          0x00000000040047bc        0x0 ../Lab_2_Example_Replace_bsp/\libhal_bsp.a(alt_release_fd.o)
 .data          0x00000000040047bc        0x0 ../Lab_2_Example_Replace_bsp/\libhal_bsp.a(alt_tick.o)
 .data          0x00000000040047bc        0x0 ../Lab_2_Example_Replace_bsp/\libhal_bsp.a(altera_nios2_gen2_irq.o)
 .data          0x00000000040047bc        0x0 ../Lab_2_Example_Replace_bsp/\libhal_bsp.a(alt_exception_entry.o)
 .data          0x00000000040047bc        0x0 ../Lab_2_Example_Replace_bsp/\libhal_bsp.a(alt_find_dev.o)
 .data          0x00000000040047bc        0x0 ../Lab_2_Example_Replace_bsp/\libhal_bsp.a(alt_find_file.o)
 .data          0x00000000040047bc        0x0 ../Lab_2_Example_Replace_bsp/\libhal_bsp.a(alt_get_fd.o)
 .data          0x00000000040047bc        0x0 ../Lab_2_Example_Replace_bsp/\libhal_bsp.a(alt_icache_flush.o)
 .data          0x00000000040047bc        0x0 ../Lab_2_Example_Replace_bsp/\libhal_bsp.a(alt_instruction_exception_entry.o)
 .data          0x00000000040047bc        0x0 c:/intelfpga/18.1/nios2eds/bin/gnu/h-x86_64-mingw32/bin/../lib/gcc/nios2-elf/5.3.0/../../../../../H-x86_64-mingw32/nios2-elf/lib\libsmallc.a(lib_a-atexit.o)
 .data          0x00000000040047bc        0x0 c:/intelfpga/18.1/nios2eds/bin/gnu/h-x86_64-mingw32/bin/../lib/gcc/nios2-elf/5.3.0/../../../../../H-x86_64-mingw32/nios2-elf/lib\libsmallc.a(lib_a-exit.o)
 .data          0x00000000040047bc        0x0 c:/intelfpga/18.1/nios2eds/bin/gnu/h-x86_64-mingw32/bin/../lib/gcc/nios2-elf/5.3.0/../../../../../H-x86_64-mingw32/nios2-elf/lib\libsmallc.a(lib_a-memcmp.o)
 .data          0x00000000040047bc        0x0 c:/intelfpga/18.1/nios2eds/bin/gnu/h-x86_64-mingw32/bin/../lib/gcc/nios2-elf/5.3.0/../../../../../H-x86_64-mingw32/nios2-elf/lib\libsmallc.a(lib_a-memcpy.o)
 .data          0x00000000040047bc        0x0 c:/intelfpga/18.1/nios2eds/bin/gnu/h-x86_64-mingw32/bin/../lib/gcc/nios2-elf/5.3.0/../../../../../H-x86_64-mingw32/nios2-elf/lib\libsmallc.a(lib_a-__atexit.o)
 .data          0x00000000040047bc        0x0 c:/intelfpga/18.1/nios2eds/bin/gnu/h-x86_64-mingw32/bin/../lib/gcc/nios2-elf/5.3.0/../../../../../H-x86_64-mingw32/nios2-elf/lib\libsmallc.a(lib_a-__call_atexit.o)
 .data          0x00000000040047bc        0x0 ../Lab_2_Example_Replace_bsp/\libhal_bsp.a(alt_exit.o)
                0x000000000400c7bc                _gp = ABSOLUTE ((. + 0x8000))
                [!provide]                        PROVIDE (gp, _gp)
 *(.rwdata .rwdata.*)
 *(.sdata .sdata.* .gnu.linkonce.s.*)
 .sdata._global_impure_ptr
                0x00000000040047bc        0x4 c:/intelfpga/18.1/nios2eds/bin/gnu/h-x86_64-mingw32/bin/../lib/gcc/nios2-elf/5.3.0/../../../../../H-x86_64-mingw32/nios2-elf/lib\libsmallc.a(lib_a-impure.o)
                0x00000000040047bc                _global_impure_ptr
 .sdata._impure_ptr
                0x00000000040047c0        0x4 c:/intelfpga/18.1/nios2eds/bin/gnu/h-x86_64-mingw32/bin/../lib/gcc/nios2-elf/5.3.0/../../../../../H-x86_64-mingw32/nios2-elf/lib\libsmallc.a(lib_a-impure.o)
                0x00000000040047c0                _impure_ptr
 .sdata         0x00000000040047c4       0x14 ../Lab_2_Example_Replace_bsp/\libhal_bsp.a(alt_dev.o)
                0x00000000040047c4                alt_fs_list
                0x00000000040047cc                alt_dev_list
                0x00000000040047d4                alt_max_fd
 .sdata         0x00000000040047d8        0x4 ../Lab_2_Example_Replace_bsp/\libhal_bsp.a(alt_errno.o)
                0x00000000040047d8                alt_errno
 .sdata         0x00000000040047dc        0x4 ../Lab_2_Example_Replace_bsp/\libhal_bsp.a(alt_irq_vars.o)
                0x00000000040047dc                alt_priority_mask
 .sdata         0x00000000040047e0        0x8 ../Lab_2_Example_Replace_bsp/\libhal_bsp.a(alt_tick.o)
                0x00000000040047e0                alt_alarm_list
 *(.sdata2 .sdata2.* .gnu.linkonce.s2.*)
                0x00000000040047e8                . = ALIGN (0x4)
                0x00000000040047e8                _edata = ABSOLUTE (.)
                [!provide]                        PROVIDE (edata, ABSOLUTE (.))
                0x00000000040047e8                PROVIDE (__ram_rwdata_end, ABSOLUTE (.))
                0x00000000040047e8                PROVIDE (__flash_rwdata_start, LOADADDR (.rwdata))

.bss            0x0000000004005afc      0x120
                0x0000000004005afc                __bss_start = ABSOLUTE (.)
                [!provide]                        PROVIDE (__sbss_start, ABSOLUTE (.))
                [!provide]                        PROVIDE (___sbss_start, ABSOLUTE (.))
 *(.dynsbss)
 *(.sbss .sbss.* .gnu.linkonce.sb.*)
 .sbss          0x0000000004005afc        0x4 c:/intelfpga/18.1/nios2eds/bin/gnu/h-x86_64-mingw32/bin/../lib/gcc/nios2-elf/5.3.0/../../../../../H-x86_64-mingw32/nios2-elf/lib\libsmallc.a(lib_a-int_errno.o)
                0x0000000004005afc                errno
 .sbss          0x0000000004005b00        0xc ../Lab_2_Example_Replace_bsp/\libhal_bsp.a(alt_main.o)
                0x0000000004005b00                alt_argc
                0x0000000004005b04                alt_argv
                0x0000000004005b08                alt_envp
 .sbss          0x0000000004005b0c        0x4 ../Lab_2_Example_Replace_bsp/\libhal_bsp.a(alt_irq_vars.o)
                0x0000000004005b0c                alt_irq_active
 .sbss          0x0000000004005b10        0x8 ../Lab_2_Example_Replace_bsp/\libhal_bsp.a(alt_tick.o)
                0x0000000004005b10                _alt_tick_rate
                0x0000000004005b14                _alt_nticks
 .sbss          0x0000000004005b18        0x4 ../Lab_2_Example_Replace_bsp/\libhal_bsp.a(alt_instruction_exception_entry.o)
                0x0000000004005b18                alt_instruction_exception_handler
 *(.sbss2 .sbss2.* .gnu.linkonce.sb2.*)
 *(.scommon)
                [!provide]                        PROVIDE (__sbss_end, ABSOLUTE (.))
                [!provide]                        PROVIDE (___sbss_end, ABSOLUTE (.))
 *(.dynbss)
 *(.bss .bss.* .gnu.linkonce.b.*)
 .bss           0x0000000004005b1c        0x0 ../Lab_2_Example_Replace_bsp//obj/HAL/src/crt0.o
 .bss           0x0000000004005b1c        0x0 obj/default/main.o
 .bss           0x0000000004005b1c        0x0 c:/intelfpga/18.1/nios2eds/bin/gnu/h-x86_64-mingw32/bin/../lib/gcc/nios2-elf/5.3.0/../../../../../H-x86_64-mingw32/nios2-elf/lib\libsmallc.a(lib_a-printf.o)
 .bss           0x0000000004005b1c        0x0 c:/intelfpga/18.1/nios2eds/bin/gnu/h-x86_64-mingw32/bin/../lib/gcc/nios2-elf/5.3.0/../../../../../H-x86_64-mingw32/nios2-elf/lib\libsmallc.a(lib_a-vfprintf.o)
 .bss           0x0000000004005b1c        0x0 c:/intelfpga/18.1/nios2eds/bin/gnu/h-x86_64-mingw32/bin/../lib/gcc/nios2-elf/5.3.0/../../../../../H-x86_64-mingw32/nios2-elf/lib\libsmallc.a(lib_a-fvwrite_small_dev.o)
 .bss           0x0000000004005b1c        0x0 c:/intelfpga/18.1/nios2eds/bin/gnu/h-x86_64-mingw32/bin/../lib/gcc/nios2-elf/5.3.0/../../../../../H-x86_64-mingw32/nios2-elf/lib\libsmallc.a(lib_a-impure.o)
 .bss           0x0000000004005b1c        0x0 c:/intelfpga/18.1/nios2eds/bin/gnu/h-x86_64-mingw32/bin/../lib/gcc/nios2-elf/5.3.0/../../../../../H-x86_64-mingw32/nios2-elf/lib\libsmallc.a(lib_a-strlen.o)
 .bss           0x0000000004005b1c        0x0 c:/intelfpga/18.1/nios2eds/bin/gnu/h-x86_64-mingw32/bin/../lib/gcc/nios2-elf/5.3.0/../../../../../H-x86_64-mingw32/nios2-elf/lib\libsmallc.a(lib_a-writer.o)
 .bss           0x0000000004005b1c        0x0 c:/intelfpga/18.1/nios2eds/bin/gnu/h-x86_64-mingw32/bin/../lib/gcc/nios2-elf/5.3.0/../../../../../H-x86_64-mingw32/nios2-elf/lib\libsmallc.a(lib_a-int_errno.o)
 .bss           0x0000000004005b1c        0x0 c:/intelfpga/18.1/nios2eds/bin/gnu/h-x86_64-mingw32/bin/../lib/gcc/nios2-elf/5.3.0\libgcc.a(lib2-divmod.o)
 .bss           0x0000000004005b1c        0x0 ../Lab_2_Example_Replace_bsp/\libhal_bsp.a(alt_load.o)
 .bss           0x0000000004005b1c        0x0 ../Lab_2_Example_Replace_bsp/\libhal_bsp.a(alt_main.o)
 .bss           0x0000000004005b1c        0x0 ../Lab_2_Example_Replace_bsp/\libhal_bsp.a(alt_usleep.o)
 .bss           0x0000000004005b1c        0x0 ../Lab_2_Example_Replace_bsp/\libhal_bsp.a(alt_write.o)
 .bss           0x0000000004005b1c        0x0 ../Lab_2_Example_Replace_bsp/\libhal_bsp.a(alt_sys_init.o)
 .bss           0x0000000004005b1c        0x0 ../Lab_2_Example_Replace_bsp/\libhal_bsp.a(altera_avalon_jtag_uart_fd.o)
 .bss           0x0000000004005b1c        0x0 ../Lab_2_Example_Replace_bsp/\libhal_bsp.a(altera_avalon_jtag_uart_init.o)
 .bss           0x0000000004005b1c        0x0 ../Lab_2_Example_Replace_bsp/\libhal_bsp.a(altera_avalon_jtag_uart_ioctl.o)
 .bss           0x0000000004005b1c        0x0 ../Lab_2_Example_Replace_bsp/\libhal_bsp.a(altera_avalon_jtag_uart_read.o)
 .bss           0x0000000004005b1c        0x0 ../Lab_2_Example_Replace_bsp/\libhal_bsp.a(altera_avalon_jtag_uart_write.o)
 .bss           0x0000000004005b1c        0x0 ../Lab_2_Example_Replace_bsp/\libhal_bsp.a(altera_avalon_timer_sc.o)
 .bss           0x0000000004005b1c        0x0 ../Lab_2_Example_Replace_bsp/\libhal_bsp.a(alt_alarm_start.o)
 .bss           0x0000000004005b1c        0x0 ../Lab_2_Example_Replace_bsp/\libhal_bsp.a(alt_busy_sleep.o)
 .bss           0x0000000004005b1c        0x0 ../Lab_2_Example_Replace_bsp/\libhal_bsp.a(alt_close.o)
 .bss           0x0000000004005b1c        0x0 ../Lab_2_Example_Replace_bsp/\libhal_bsp.a(alt_dcache_flush_all.o)
 .bss           0x0000000004005b1c        0x0 ../Lab_2_Example_Replace_bsp/\libhal_bsp.a(alt_dev.o)
 .bss           0x0000000004005b1c        0x0 ../Lab_2_Example_Replace_bsp/\libhal_bsp.a(alt_dev_llist_insert.o)
 .bss           0x0000000004005b1c        0x0 ../Lab_2_Example_Replace_bsp/\libhal_bsp.a(alt_do_ctors.o)
 .bss           0x0000000004005b1c        0x0 ../Lab_2_Example_Replace_bsp/\libhal_bsp.a(alt_do_dtors.o)
 .bss           0x0000000004005b1c        0x0 ../Lab_2_Example_Replace_bsp/\libhal_bsp.a(alt_errno.o)
 .bss           0x0000000004005b1c        0x0 ../Lab_2_Example_Replace_bsp/\libhal_bsp.a(alt_icache_flush_all.o)
 .bss           0x0000000004005b1c        0x0 ../Lab_2_Example_Replace_bsp/\libhal_bsp.a(alt_iic.o)
 .bss           0x0000000004005b1c        0x0 ../Lab_2_Example_Replace_bsp/\libhal_bsp.a(alt_iic_isr_register.o)
 .bss           0x0000000004005b1c        0x0 ../Lab_2_Example_Replace_bsp/\libhal_bsp.a(alt_io_redirect.o)
 .bss           0x0000000004005b1c        0x0 ../Lab_2_Example_Replace_bsp/\libhal_bsp.a(alt_irq_entry.o)
 .bss           0x0000000004005b1c        0x0 ../Lab_2_Example_Replace_bsp/\libhal_bsp.a(alt_irq_handler.o)
 .bss           0x0000000004005b1c        0x0 ../Lab_2_Example_Replace_bsp/\libhal_bsp.a(alt_irq_vars.o)
 .bss           0x0000000004005b1c        0x0 ../Lab_2_Example_Replace_bsp/\libhal_bsp.a(alt_open.o)
 .bss           0x0000000004005b1c        0x0 ../Lab_2_Example_Replace_bsp/\libhal_bsp.a(alt_release_fd.o)
 .bss           0x0000000004005b1c        0x0 ../Lab_2_Example_Replace_bsp/\libhal_bsp.a(alt_tick.o)
 .bss           0x0000000004005b1c        0x0 ../Lab_2_Example_Replace_bsp/\libhal_bsp.a(altera_nios2_gen2_irq.o)
 .bss           0x0000000004005b1c        0x0 ../Lab_2_Example_Replace_bsp/\libhal_bsp.a(alt_exception_entry.o)
 .bss           0x0000000004005b1c        0x0 ../Lab_2_Example_Replace_bsp/\libhal_bsp.a(alt_find_dev.o)
 .bss           0x0000000004005b1c        0x0 ../Lab_2_Example_Replace_bsp/\libhal_bsp.a(alt_find_file.o)
 .bss           0x0000000004005b1c        0x0 ../Lab_2_Example_Replace_bsp/\libhal_bsp.a(alt_get_fd.o)
 .bss           0x0000000004005b1c        0x0 ../Lab_2_Example_Replace_bsp/\libhal_bsp.a(alt_icache_flush.o)
 .bss           0x0000000004005b1c        0x0 ../Lab_2_Example_Replace_bsp/\libhal_bsp.a(alt_instruction_exception_entry.o)
 .bss           0x0000000004005b1c        0x0 c:/intelfpga/18.1/nios2eds/bin/gnu/h-x86_64-mingw32/bin/../lib/gcc/nios2-elf/5.3.0/../../../../../H-x86_64-mingw32/nios2-elf/lib\libsmallc.a(lib_a-atexit.o)
 .bss           0x0000000004005b1c        0x0 c:/intelfpga/18.1/nios2eds/bin/gnu/h-x86_64-mingw32/bin/../lib/gcc/nios2-elf/5.3.0/../../../../../H-x86_64-mingw32/nios2-elf/lib\libsmallc.a(lib_a-exit.o)
 .bss           0x0000000004005b1c        0x0 c:/intelfpga/18.1/nios2eds/bin/gnu/h-x86_64-mingw32/bin/../lib/gcc/nios2-elf/5.3.0/../../../../../H-x86_64-mingw32/nios2-elf/lib\libsmallc.a(lib_a-memcmp.o)
 .bss           0x0000000004005b1c        0x0 c:/intelfpga/18.1/nios2eds/bin/gnu/h-x86_64-mingw32/bin/../lib/gcc/nios2-elf/5.3.0/../../../../../H-x86_64-mingw32/nios2-elf/lib\libsmallc.a(lib_a-memcpy.o)
 .bss           0x0000000004005b1c        0x0 c:/intelfpga/18.1/nios2eds/bin/gnu/h-x86_64-mingw32/bin/../lib/gcc/nios2-elf/5.3.0/../../../../../H-x86_64-mingw32/nios2-elf/lib\libsmallc.a(lib_a-__atexit.o)
 .bss           0x0000000004005b1c        0x0 c:/intelfpga/18.1/nios2eds/bin/gnu/h-x86_64-mingw32/bin/../lib/gcc/nios2-elf/5.3.0/../../../../../H-x86_64-mingw32/nios2-elf/lib\libsmallc.a(lib_a-__call_atexit.o)
 .bss           0x0000000004005b1c        0x0 ../Lab_2_Example_Replace_bsp/\libhal_bsp.a(alt_exit.o)
 *(COMMON)
 COMMON         0x0000000004005b1c      0x100 ../Lab_2_Example_Replace_bsp/\libhal_bsp.a(alt_irq_handler.o)
                0x0000000004005b1c                alt_irq
                0x0000000004005c1c                . = ALIGN (0x4)
                0x0000000004005c1c                __bss_end = ABSOLUTE (.)

.sdram          0x0000000004005c1c        0x0
                [!provide]                        PROVIDE (_alt_partition_sdram_start, ABSOLUTE (.))
 *(.sdram .sdram. sdram.*)
                0x0000000004005c1c                . = ALIGN (0x4)
                [!provide]                        PROVIDE (_alt_partition_sdram_end, ABSOLUTE (.))
                0x0000000004005c1c                _end = ABSOLUTE (.)
                0x0000000004005c1c                end = ABSOLUTE (.)
                0x0000000004005c1c                __alt_stack_base = ABSOLUTE (.)
                [!provide]                        PROVIDE (_alt_partition_sdram_load_addr, LOADADDR (.sdram))

.onchip_memory  0x0000000008008000        0x0 load address 0x0000000004005c1c
                [!provide]                        PROVIDE (_alt_partition_onchip_memory_start, ABSOLUTE (.))
 *(.onchip_memory .onchip_memory. onchip_memory.*)
                0x0000000008008000                . = ALIGN (0x4)
                [!provide]                        PROVIDE (_alt_partition_onchip_memory_end, ABSOLUTE (.))
                [!provide]                        PROVIDE (_alt_partition_onchip_memory_load_addr, LOADADDR (.onchip_memory))

.stab
 *(.stab)

.stabstr
 *(.stabstr)

.stab.excl
 *(.stab.excl)

.stab.exclstr
 *(.stab.exclstr)

.stab.index
 *(.stab.index)

.stab.indexstr
 *(.stab.indexstr)

.comment        0x0000000000000000       0x23
 *(.comment)
 .comment       0x0000000000000000       0x23 obj/default/main.o
                                         0x24 (size before relaxing)
 .comment       0x0000000000000023       0x24 c:/intelfpga/18.1/nios2eds/bin/gnu/h-x86_64-mingw32/bin/../lib/gcc/nios2-elf/5.3.0/../../../../../H-x86_64-mingw32/nios2-elf/lib\libsmallc.a(lib_a-printf.o)
 .comment       0x0000000000000023       0x24 c:/intelfpga/18.1/nios2eds/bin/gnu/h-x86_64-mingw32/bin/../lib/gcc/nios2-elf/5.3.0/../../../../../H-x86_64-mingw32/nios2-elf/lib\libsmallc.a(lib_a-vfprintf.o)
 .comment       0x0000000000000023       0x24 c:/intelfpga/18.1/nios2eds/bin/gnu/h-x86_64-mingw32/bin/../lib/gcc/nios2-elf/5.3.0/../../../../../H-x86_64-mingw32/nios2-elf/lib\libsmallc.a(lib_a-fvwrite_small_dev.o)
 .comment       0x0000000000000023       0x24 c:/intelfpga/18.1/nios2eds/bin/gnu/h-x86_64-mingw32/bin/../lib/gcc/nios2-elf/5.3.0/../../../../../H-x86_64-mingw32/nios2-elf/lib\libsmallc.a(lib_a-impure.o)
 .comment       0x0000000000000023       0x24 c:/intelfpga/18.1/nios2eds/bin/gnu/h-x86_64-mingw32/bin/../lib/gcc/nios2-elf/5.3.0/../../../../../H-x86_64-mingw32/nios2-elf/lib\libsmallc.a(lib_a-strlen.o)
 .comment       0x0000000000000023       0x24 c:/intelfpga/18.1/nios2eds/bin/gnu/h-x86_64-mingw32/bin/../lib/gcc/nios2-elf/5.3.0/../../../../../H-x86_64-mingw32/nios2-elf/lib\libsmallc.a(lib_a-writer.o)
 .comment       0x0000000000000023       0x24 c:/intelfpga/18.1/nios2eds/bin/gnu/h-x86_64-mingw32/bin/../lib/gcc/nios2-elf/5.3.0/../../../../../H-x86_64-mingw32/nios2-elf/lib\libsmallc.a(lib_a-int_errno.o)
 .comment       0x0000000000000023       0x24 c:/intelfpga/18.1/nios2eds/bin/gnu/h-x86_64-mingw32/bin/../lib/gcc/nios2-elf/5.3.0\libgcc.a(lib2-divmod.o)
 .comment       0x0000000000000023       0x24 ../Lab_2_Example_Replace_bsp/\libhal_bsp.a(alt_load.o)
 .comment       0x0000000000000023       0x24 ../Lab_2_Example_Replace_bsp/\libhal_bsp.a(alt_main.o)
 .comment       0x0000000000000023       0x24 ../Lab_2_Example_Replace_bsp/\libhal_bsp.a(alt_usleep.o)
 .comment       0x0000000000000023       0x24 ../Lab_2_Example_Replace_bsp/\libhal_bsp.a(alt_write.o)
 .comment       0x0000000000000023       0x24 ../Lab_2_Example_Replace_bsp/\libhal_bsp.a(alt_sys_init.o)
 .comment       0x0000000000000023       0x24 ../Lab_2_Example_Replace_bsp/\libhal_bsp.a(altera_avalon_jtag_uart_fd.o)
 .comment       0x0000000000000023       0x24 ../Lab_2_Example_Replace_bsp/\libhal_bsp.a(altera_avalon_jtag_uart_init.o)
 .comment       0x0000000000000023       0x24 ../Lab_2_Example_Replace_bsp/\libhal_bsp.a(altera_avalon_jtag_uart_ioctl.o)
 .comment       0x0000000000000023       0x24 ../Lab_2_Example_Replace_bsp/\libhal_bsp.a(altera_avalon_jtag_uart_read.o)
 .comment       0x0000000000000023       0x24 ../Lab_2_Example_Replace_bsp/\libhal_bsp.a(altera_avalon_jtag_uart_write.o)
 .comment       0x0000000000000023       0x24 ../Lab_2_Example_Replace_bsp/\libhal_bsp.a(altera_avalon_timer_sc.o)
 .comment       0x0000000000000023       0x24 ../Lab_2_Example_Replace_bsp/\libhal_bsp.a(alt_alarm_start.o)
 .comment       0x0000000000000023       0x24 ../Lab_2_Example_Replace_bsp/\libhal_bsp.a(alt_busy_sleep.o)
 .comment       0x0000000000000023       0x24 ../Lab_2_Example_Replace_bsp/\libhal_bsp.a(alt_close.o)
 .comment       0x0000000000000023       0x24 ../Lab_2_Example_Replace_bsp/\libhal_bsp.a(alt_dcache_flush_all.o)
 .comment       0x0000000000000023       0x24 ../Lab_2_Example_Replace_bsp/\libhal_bsp.a(alt_dev.o)
 .comment       0x0000000000000023       0x24 ../Lab_2_Example_Replace_bsp/\libhal_bsp.a(alt_dev_llist_insert.o)
 .comment       0x0000000000000023       0x24 ../Lab_2_Example_Replace_bsp/\libhal_bsp.a(alt_do_ctors.o)
 .comment       0x0000000000000023       0x24 ../Lab_2_Example_Replace_bsp/\libhal_bsp.a(alt_do_dtors.o)
 .comment       0x0000000000000023       0x24 ../Lab_2_Example_Replace_bsp/\libhal_bsp.a(alt_errno.o)
 .comment       0x0000000000000023       0x24 ../Lab_2_Example_Replace_bsp/\libhal_bsp.a(alt_icache_flush_all.o)
 .comment       0x0000000000000023       0x24 ../Lab_2_Example_Replace_bsp/\libhal_bsp.a(alt_iic.o)
 .comment       0x0000000000000023       0x24 ../Lab_2_Example_Replace_bsp/\libhal_bsp.a(alt_iic_isr_register.o)
 .comment       0x0000000000000023       0x24 ../Lab_2_Example_Replace_bsp/\libhal_bsp.a(alt_io_redirect.o)
 .comment       0x0000000000000023       0x24 ../Lab_2_Example_Replace_bsp/\libhal_bsp.a(alt_irq_handler.o)
 .comment       0x0000000000000023       0x24 ../Lab_2_Example_Replace_bsp/\libhal_bsp.a(alt_irq_vars.o)
 .comment       0x0000000000000023       0x24 ../Lab_2_Example_Replace_bsp/\libhal_bsp.a(alt_open.o)
 .comment       0x0000000000000023       0x24 ../Lab_2_Example_Replace_bsp/\libhal_bsp.a(alt_release_fd.o)
 .comment       0x0000000000000023       0x24 ../Lab_2_Example_Replace_bsp/\libhal_bsp.a(alt_tick.o)
 .comment       0x0000000000000023       0x24 ../Lab_2_Example_Replace_bsp/\libhal_bsp.a(altera_nios2_gen2_irq.o)
 .comment       0x0000000000000023       0x24 ../Lab_2_Example_Replace_bsp/\libhal_bsp.a(alt_find_dev.o)
 .comment       0x0000000000000023       0x24 ../Lab_2_Example_Replace_bsp/\libhal_bsp.a(alt_find_file.o)
 .comment       0x0000000000000023       0x24 ../Lab_2_Example_Replace_bsp/\libhal_bsp.a(alt_get_fd.o)
 .comment       0x0000000000000023       0x24 ../Lab_2_Example_Replace_bsp/\libhal_bsp.a(alt_icache_flush.o)
 .comment       0x0000000000000023       0x24 ../Lab_2_Example_Replace_bsp/\libhal_bsp.a(alt_instruction_exception_entry.o)
 .comment       0x0000000000000023       0x24 c:/intelfpga/18.1/nios2eds/bin/gnu/h-x86_64-mingw32/bin/../lib/gcc/nios2-elf/5.3.0/../../../../../H-x86_64-mingw32/nios2-elf/lib\libsmallc.a(lib_a-atexit.o)
 .comment       0x0000000000000023       0x24 c:/intelfpga/18.1/nios2eds/bin/gnu/h-x86_64-mingw32/bin/../lib/gcc/nios2-elf/5.3.0/../../../../../H-x86_64-mingw32/nios2-elf/lib\libsmallc.a(lib_a-exit.o)
 .comment       0x0000000000000023       0x24 c:/intelfpga/18.1/nios2eds/bin/gnu/h-x86_64-mingw32/bin/../lib/gcc/nios2-elf/5.3.0/../../../../../H-x86_64-mingw32/nios2-elf/lib\libsmallc.a(lib_a-memcmp.o)
 .comment       0x0000000000000023       0x24 c:/intelfpga/18.1/nios2eds/bin/gnu/h-x86_64-mingw32/bin/../lib/gcc/nios2-elf/5.3.0/../../../../../H-x86_64-mingw32/nios2-elf/lib\libsmallc.a(lib_a-memcpy.o)
 .comment       0x0000000000000023       0x24 c:/intelfpga/18.1/nios2eds/bin/gnu/h-x86_64-mingw32/bin/../lib/gcc/nios2-elf/5.3.0/../../../../../H-x86_64-mingw32/nios2-elf/lib\libsmallc.a(lib_a-__atexit.o)
 .comment       0x0000000000000023       0x24 c:/intelfpga/18.1/nios2eds/bin/gnu/h-x86_64-mingw32/bin/../lib/gcc/nios2-elf/5.3.0/../../../../../H-x86_64-mingw32/nios2-elf/lib\libsmallc.a(lib_a-__call_atexit.o)
 .comment       0x0000000000000023       0x24 ../Lab_2_Example_Replace_bsp/\libhal_bsp.a(alt_exit.o)

.debug
 *(.debug)

.line
 *(.line)

.debug_srcinfo
 *(.debug_srcinfo)

.debug_sfnames
 *(.debug_sfnames)

.debug_aranges  0x0000000000000000      0x6f0
 *(.debug_aranges)
 .debug_aranges
                0x0000000000000000       0x28 ../Lab_2_Example_Replace_bsp//obj/HAL/src/crt0.o
 .debug_aranges
                0x0000000000000028       0x20 obj/default/main.o
 .debug_aranges
                0x0000000000000048       0x28 c:/intelfpga/18.1/nios2eds/bin/gnu/h-x86_64-mingw32/bin/../lib/gcc/nios2-elf/5.3.0/../../../../../H-x86_64-mingw32/nios2-elf/lib\libsmallc.a(lib_a-printf.o)
 .debug_aranges
                0x0000000000000070       0x30 c:/intelfpga/18.1/nios2eds/bin/gnu/h-x86_64-mingw32/bin/../lib/gcc/nios2-elf/5.3.0/../../../../../H-x86_64-mingw32/nios2-elf/lib\libsmallc.a(lib_a-vfprintf.o)
 .debug_aranges
                0x00000000000000a0       0x20 c:/intelfpga/18.1/nios2eds/bin/gnu/h-x86_64-mingw32/bin/../lib/gcc/nios2-elf/5.3.0/../../../../../H-x86_64-mingw32/nios2-elf/lib\libsmallc.a(lib_a-fvwrite_small_dev.o)
 .debug_aranges
                0x00000000000000c0       0x18 c:/intelfpga/18.1/nios2eds/bin/gnu/h-x86_64-mingw32/bin/../lib/gcc/nios2-elf/5.3.0/../../../../../H-x86_64-mingw32/nios2-elf/lib\libsmallc.a(lib_a-impure.o)
 .debug_aranges
                0x00000000000000d8       0x20 c:/intelfpga/18.1/nios2eds/bin/gnu/h-x86_64-mingw32/bin/../lib/gcc/nios2-elf/5.3.0/../../../../../H-x86_64-mingw32/nios2-elf/lib\libsmallc.a(lib_a-strlen.o)
 .debug_aranges
                0x00000000000000f8       0x20 c:/intelfpga/18.1/nios2eds/bin/gnu/h-x86_64-mingw32/bin/../lib/gcc/nios2-elf/5.3.0/../../../../../H-x86_64-mingw32/nios2-elf/lib\libsmallc.a(lib_a-writer.o)
 .debug_aranges
                0x0000000000000118       0x18 c:/intelfpga/18.1/nios2eds/bin/gnu/h-x86_64-mingw32/bin/../lib/gcc/nios2-elf/5.3.0/../../../../../H-x86_64-mingw32/nios2-elf/lib\libsmallc.a(lib_a-int_errno.o)
 .debug_aranges
                0x0000000000000130       0x20 c:/intelfpga/18.1/nios2eds/bin/gnu/h-x86_64-mingw32/bin/../lib/gcc/nios2-elf/5.3.0\libgcc.a(lib2-divmod.o)
 .debug_aranges
                0x0000000000000150       0x20 ../Lab_2_Example_Replace_bsp/\libhal_bsp.a(alt_load.o)
 .debug_aranges
                0x0000000000000170       0x20 ../Lab_2_Example_Replace_bsp/\libhal_bsp.a(alt_main.o)
 .debug_aranges
                0x0000000000000190       0x20 ../Lab_2_Example_Replace_bsp/\libhal_bsp.a(alt_usleep.o)
 .debug_aranges
                0x00000000000001b0       0x20 ../Lab_2_Example_Replace_bsp/\libhal_bsp.a(alt_write.o)
 .debug_aranges
                0x00000000000001d0       0x20 ../Lab_2_Example_Replace_bsp/\libhal_bsp.a(alt_sys_init.o)
 .debug_aranges
                0x00000000000001f0       0x20 ../Lab_2_Example_Replace_bsp/\libhal_bsp.a(altera_avalon_jtag_uart_fd.o)
 .debug_aranges
                0x0000000000000210       0x20 ../Lab_2_Example_Replace_bsp/\libhal_bsp.a(altera_avalon_jtag_uart_init.o)
 .debug_aranges
                0x0000000000000230       0x20 ../Lab_2_Example_Replace_bsp/\libhal_bsp.a(altera_avalon_jtag_uart_ioctl.o)
 .debug_aranges
                0x0000000000000250       0x20 ../Lab_2_Example_Replace_bsp/\libhal_bsp.a(altera_avalon_jtag_uart_read.o)
 .debug_aranges
                0x0000000000000270       0x20 ../Lab_2_Example_Replace_bsp/\libhal_bsp.a(altera_avalon_jtag_uart_write.o)
 .debug_aranges
                0x0000000000000290       0x20 ../Lab_2_Example_Replace_bsp/\libhal_bsp.a(altera_avalon_timer_sc.o)
 .debug_aranges
                0x00000000000002b0       0x20 ../Lab_2_Example_Replace_bsp/\libhal_bsp.a(alt_alarm_start.o)
 .debug_aranges
                0x00000000000002d0       0x20 ../Lab_2_Example_Replace_bsp/\libhal_bsp.a(alt_busy_sleep.o)
 .debug_aranges
                0x00000000000002f0       0x20 ../Lab_2_Example_Replace_bsp/\libhal_bsp.a(alt_close.o)
 .debug_aranges
                0x0000000000000310       0x20 ../Lab_2_Example_Replace_bsp/\libhal_bsp.a(alt_dcache_flush_all.o)
 .debug_aranges
                0x0000000000000330       0x20 ../Lab_2_Example_Replace_bsp/\libhal_bsp.a(alt_dev.o)
 .debug_aranges
                0x0000000000000350       0x20 ../Lab_2_Example_Replace_bsp/\libhal_bsp.a(alt_dev_llist_insert.o)
 .debug_aranges
                0x0000000000000370       0x20 ../Lab_2_Example_Replace_bsp/\libhal_bsp.a(alt_do_ctors.o)
 .debug_aranges
                0x0000000000000390       0x20 ../Lab_2_Example_Replace_bsp/\libhal_bsp.a(alt_do_dtors.o)
 .debug_aranges
                0x00000000000003b0       0x18 ../Lab_2_Example_Replace_bsp/\libhal_bsp.a(alt_errno.o)
 .debug_aranges
                0x00000000000003c8       0x20 ../Lab_2_Example_Replace_bsp/\libhal_bsp.a(alt_icache_flush_all.o)
 .debug_aranges
                0x00000000000003e8       0x20 ../Lab_2_Example_Replace_bsp/\libhal_bsp.a(alt_iic.o)
 .debug_aranges
                0x0000000000000408       0x20 ../Lab_2_Example_Replace_bsp/\libhal_bsp.a(alt_iic_isr_register.o)
 .debug_aranges
                0x0000000000000428       0x20 ../Lab_2_Example_Replace_bsp/\libhal_bsp.a(alt_io_redirect.o)
 .debug_aranges
                0x0000000000000448       0x30 ../Lab_2_Example_Replace_bsp/\libhal_bsp.a(alt_irq_entry.o)
 .debug_aranges
                0x0000000000000478       0x20 ../Lab_2_Example_Replace_bsp/\libhal_bsp.a(alt_irq_handler.o)
 .debug_aranges
                0x0000000000000498       0x18 ../Lab_2_Example_Replace_bsp/\libhal_bsp.a(alt_irq_vars.o)
 .debug_aranges
                0x00000000000004b0       0x20 ../Lab_2_Example_Replace_bsp/\libhal_bsp.a(alt_open.o)
 .debug_aranges
                0x00000000000004d0       0x20 ../Lab_2_Example_Replace_bsp/\libhal_bsp.a(alt_release_fd.o)
 .debug_aranges
                0x00000000000004f0       0x20 ../Lab_2_Example_Replace_bsp/\libhal_bsp.a(alt_tick.o)
 .debug_aranges
                0x0000000000000510       0x20 ../Lab_2_Example_Replace_bsp/\libhal_bsp.a(altera_nios2_gen2_irq.o)
 .debug_aranges
                0x0000000000000530       0x38 ../Lab_2_Example_Replace_bsp/\libhal_bsp.a(alt_exception_entry.o)
 .debug_aranges
                0x0000000000000568       0x20 ../Lab_2_Example_Replace_bsp/\libhal_bsp.a(alt_find_dev.o)
 .debug_aranges
                0x0000000000000588       0x20 ../Lab_2_Example_Replace_bsp/\libhal_bsp.a(alt_find_file.o)
 .debug_aranges
                0x00000000000005a8       0x20 ../Lab_2_Example_Replace_bsp/\libhal_bsp.a(alt_get_fd.o)
 .debug_aranges
                0x00000000000005c8       0x20 ../Lab_2_Example_Replace_bsp/\libhal_bsp.a(alt_icache_flush.o)
 .debug_aranges
                0x00000000000005e8       0x28 ../Lab_2_Example_Replace_bsp/\libhal_bsp.a(alt_instruction_exception_entry.o)
 .debug_aranges
                0x0000000000000610       0x20 c:/intelfpga/18.1/nios2eds/bin/gnu/h-x86_64-mingw32/bin/../lib/gcc/nios2-elf/5.3.0/../../../../../H-x86_64-mingw32/nios2-elf/lib\libsmallc.a(lib_a-atexit.o)
 .debug_aranges
                0x0000000000000630       0x20 c:/intelfpga/18.1/nios2eds/bin/gnu/h-x86_64-mingw32/bin/../lib/gcc/nios2-elf/5.3.0/../../../../../H-x86_64-mingw32/nios2-elf/lib\libsmallc.a(lib_a-exit.o)
 .debug_aranges
                0x0000000000000650       0x20 c:/intelfpga/18.1/nios2eds/bin/gnu/h-x86_64-mingw32/bin/../lib/gcc/nios2-elf/5.3.0/../../../../../H-x86_64-mingw32/nios2-elf/lib\libsmallc.a(lib_a-memcmp.o)
 .debug_aranges
                0x0000000000000670       0x20 c:/intelfpga/18.1/nios2eds/bin/gnu/h-x86_64-mingw32/bin/../lib/gcc/nios2-elf/5.3.0/../../../../../H-x86_64-mingw32/nios2-elf/lib\libsmallc.a(lib_a-memcpy.o)
 .debug_aranges
                0x0000000000000690       0x20 c:/intelfpga/18.1/nios2eds/bin/gnu/h-x86_64-mingw32/bin/../lib/gcc/nios2-elf/5.3.0/../../../../../H-x86_64-mingw32/nios2-elf/lib\libsmallc.a(lib_a-__atexit.o)
 .debug_aranges
                0x00000000000006b0       0x20 c:/intelfpga/18.1/nios2eds/bin/gnu/h-x86_64-mingw32/bin/../lib/gcc/nios2-elf/5.3.0/../../../../../H-x86_64-mingw32/nios2-elf/lib\libsmallc.a(lib_a-__call_atexit.o)
 .debug_aranges
                0x00000000000006d0       0x20 ../Lab_2_Example_Replace_bsp/\libhal_bsp.a(alt_exit.o)

.debug_pubnames
 *(.debug_pubnames)

.debug_info     0x0000000000000000     0x8f09
 *(.debug_info .gnu.linkonce.wi.*)
 .debug_info    0x0000000000000000       0x92 ../Lab_2_Example_Replace_bsp//obj/HAL/src/crt0.o
 .debug_info    0x0000000000000092      0x1f3 obj/default/main.o
 .debug_info    0x0000000000000285      0x699 c:/intelfpga/18.1/nios2eds/bin/gnu/h-x86_64-mingw32/bin/../lib/gcc/nios2-elf/5.3.0/../../../../../H-x86_64-mingw32/nios2-elf/lib\libsmallc.a(lib_a-printf.o)
 .debug_info    0x000000000000091e      0xb2b c:/intelfpga/18.1/nios2eds/bin/gnu/h-x86_64-mingw32/bin/../lib/gcc/nios2-elf/5.3.0/../../../../../H-x86_64-mingw32/nios2-elf/lib\libsmallc.a(lib_a-vfprintf.o)
 .debug_info    0x0000000000001449      0x62b c:/intelfpga/18.1/nios2eds/bin/gnu/h-x86_64-mingw32/bin/../lib/gcc/nios2-elf/5.3.0/../../../../../H-x86_64-mingw32/nios2-elf/lib\libsmallc.a(lib_a-fvwrite_small_dev.o)
 .debug_info    0x0000000000001a74      0x5a9 c:/intelfpga/18.1/nios2eds/bin/gnu/h-x86_64-mingw32/bin/../lib/gcc/nios2-elf/5.3.0/../../../../../H-x86_64-mingw32/nios2-elf/lib\libsmallc.a(lib_a-impure.o)
 .debug_info    0x000000000000201d       0xc9 c:/intelfpga/18.1/nios2eds/bin/gnu/h-x86_64-mingw32/bin/../lib/gcc/nios2-elf/5.3.0/../../../../../H-x86_64-mingw32/nios2-elf/lib\libsmallc.a(lib_a-strlen.o)
 .debug_info    0x00000000000020e6      0x630 c:/intelfpga/18.1/nios2eds/bin/gnu/h-x86_64-mingw32/bin/../lib/gcc/nios2-elf/5.3.0/../../../../../H-x86_64-mingw32/nios2-elf/lib\libsmallc.a(lib_a-writer.o)
 .debug_info    0x0000000000002716       0x8a c:/intelfpga/18.1/nios2eds/bin/gnu/h-x86_64-mingw32/bin/../lib/gcc/nios2-elf/5.3.0/../../../../../H-x86_64-mingw32/nios2-elf/lib\libsmallc.a(lib_a-int_errno.o)
 .debug_info    0x00000000000027a0      0x2c6 c:/intelfpga/18.1/nios2eds/bin/gnu/h-x86_64-mingw32/bin/../lib/gcc/nios2-elf/5.3.0\libgcc.a(lib2-divmod.o)
 .debug_info    0x0000000000002a66      0x145 ../Lab_2_Example_Replace_bsp/\libhal_bsp.a(alt_load.o)
 .debug_info    0x0000000000002bab      0x131 ../Lab_2_Example_Replace_bsp/\libhal_bsp.a(alt_main.o)
 .debug_info    0x0000000000002cdc       0xb0 ../Lab_2_Example_Replace_bsp/\libhal_bsp.a(alt_usleep.o)
 .debug_info    0x0000000000002d8c      0x4b7 ../Lab_2_Example_Replace_bsp/\libhal_bsp.a(alt_write.o)
 .debug_info    0x0000000000003243      0x4d9 ../Lab_2_Example_Replace_bsp/\libhal_bsp.a(alt_sys_init.o)
 .debug_info    0x000000000000371c      0x52e ../Lab_2_Example_Replace_bsp/\libhal_bsp.a(altera_avalon_jtag_uart_fd.o)
 .debug_info    0x0000000000003c4a      0x3a0 ../Lab_2_Example_Replace_bsp/\libhal_bsp.a(altera_avalon_jtag_uart_init.o)
 .debug_info    0x0000000000003fea      0x280 ../Lab_2_Example_Replace_bsp/\libhal_bsp.a(altera_avalon_jtag_uart_ioctl.o)
 .debug_info    0x000000000000426a      0x345 ../Lab_2_Example_Replace_bsp/\libhal_bsp.a(altera_avalon_jtag_uart_read.o)
 .debug_info    0x00000000000045af      0x340 ../Lab_2_Example_Replace_bsp/\libhal_bsp.a(altera_avalon_jtag_uart_write.o)
 .debug_info    0x00000000000048ef      0x226 ../Lab_2_Example_Replace_bsp/\libhal_bsp.a(altera_avalon_timer_sc.o)
 .debug_info    0x0000000000004b15      0x2cc ../Lab_2_Example_Replace_bsp/\libhal_bsp.a(alt_alarm_start.o)
 .debug_info    0x0000000000004de1       0xd7 ../Lab_2_Example_Replace_bsp/\libhal_bsp.a(alt_busy_sleep.o)
 .debug_info    0x0000000000004eb8      0x321 ../Lab_2_Example_Replace_bsp/\libhal_bsp.a(alt_close.o)
 .debug_info    0x00000000000051d9       0xa5 ../Lab_2_Example_Replace_bsp/\libhal_bsp.a(alt_dcache_flush_all.o)
 .debug_info    0x000000000000527e      0x49c ../Lab_2_Example_Replace_bsp/\libhal_bsp.a(alt_dev.o)
 .debug_info    0x000000000000571a      0x1a9 ../Lab_2_Example_Replace_bsp/\libhal_bsp.a(alt_dev_llist_insert.o)
 .debug_info    0x00000000000058c3       0x83 ../Lab_2_Example_Replace_bsp/\libhal_bsp.a(alt_do_ctors.o)
 .debug_info    0x0000000000005946       0x83 ../Lab_2_Example_Replace_bsp/\libhal_bsp.a(alt_do_dtors.o)
 .debug_info    0x00000000000059c9       0xa6 ../Lab_2_Example_Replace_bsp/\libhal_bsp.a(alt_errno.o)
 .debug_info    0x0000000000005a6f       0x92 ../Lab_2_Example_Replace_bsp/\libhal_bsp.a(alt_icache_flush_all.o)
 .debug_info    0x0000000000005b01      0x350 ../Lab_2_Example_Replace_bsp/\libhal_bsp.a(alt_iic.o)
 .debug_info    0x0000000000005e51      0x1ef ../Lab_2_Example_Replace_bsp/\libhal_bsp.a(alt_iic_isr_register.o)
 .debug_info    0x0000000000006040      0x4a5 ../Lab_2_Example_Replace_bsp/\libhal_bsp.a(alt_io_redirect.o)
 .debug_info    0x00000000000064e5       0x9b ../Lab_2_Example_Replace_bsp/\libhal_bsp.a(alt_irq_entry.o)
 .debug_info    0x0000000000006580      0x187 ../Lab_2_Example_Replace_bsp/\libhal_bsp.a(alt_irq_handler.o)
 .debug_info    0x0000000000006707       0x88 ../Lab_2_Example_Replace_bsp/\libhal_bsp.a(alt_irq_vars.o)
 .debug_info    0x000000000000678f      0x3bb ../Lab_2_Example_Replace_bsp/\libhal_bsp.a(alt_open.o)
 .debug_info    0x0000000000006b4a      0x2b0 ../Lab_2_Example_Replace_bsp/\libhal_bsp.a(alt_release_fd.o)
 .debug_info    0x0000000000006dfa      0x299 ../Lab_2_Example_Replace_bsp/\libhal_bsp.a(alt_tick.o)
 .debug_info    0x0000000000007093       0x92 ../Lab_2_Example_Replace_bsp/\libhal_bsp.a(altera_nios2_gen2_irq.o)
 .debug_info    0x0000000000007125       0xa1 ../Lab_2_Example_Replace_bsp/\libhal_bsp.a(alt_exception_entry.o)
 .debug_info    0x00000000000071c6      0x2e9 ../Lab_2_Example_Replace_bsp/\libhal_bsp.a(alt_find_dev.o)
 .debug_info    0x00000000000074af      0x2e6 ../Lab_2_Example_Replace_bsp/\libhal_bsp.a(alt_find_file.o)
 .debug_info    0x0000000000007795      0x310 ../Lab_2_Example_Replace_bsp/\libhal_bsp.a(alt_get_fd.o)
 .debug_info    0x0000000000007aa5       0xdc ../Lab_2_Example_Replace_bsp/\libhal_bsp.a(alt_icache_flush.o)
 .debug_info    0x0000000000007b81      0x1e7 ../Lab_2_Example_Replace_bsp/\libhal_bsp.a(alt_instruction_exception_entry.o)
 .debug_info    0x0000000000007d68       0xfe c:/intelfpga/18.1/nios2eds/bin/gnu/h-x86_64-mingw32/bin/../lib/gcc/nios2-elf/5.3.0/../../../../../H-x86_64-mingw32/nios2-elf/lib\libsmallc.a(lib_a-atexit.o)
 .debug_info    0x0000000000007e66       0xe5 c:/intelfpga/18.1/nios2eds/bin/gnu/h-x86_64-mingw32/bin/../lib/gcc/nios2-elf/5.3.0/../../../../../H-x86_64-mingw32/nios2-elf/lib\libsmallc.a(lib_a-exit.o)
 .debug_info    0x0000000000007f4b       0xf4 c:/intelfpga/18.1/nios2eds/bin/gnu/h-x86_64-mingw32/bin/../lib/gcc/nios2-elf/5.3.0/../../../../../H-x86_64-mingw32/nios2-elf/lib\libsmallc.a(lib_a-memcmp.o)
 .debug_info    0x000000000000803f      0x119 c:/intelfpga/18.1/nios2eds/bin/gnu/h-x86_64-mingw32/bin/../lib/gcc/nios2-elf/5.3.0/../../../../../H-x86_64-mingw32/nios2-elf/lib\libsmallc.a(lib_a-memcpy.o)
 .debug_info    0x0000000000008158      0x64a c:/intelfpga/18.1/nios2eds/bin/gnu/h-x86_64-mingw32/bin/../lib/gcc/nios2-elf/5.3.0/../../../../../H-x86_64-mingw32/nios2-elf/lib\libsmallc.a(lib_a-__atexit.o)
 .debug_info    0x00000000000087a2      0x67b c:/intelfpga/18.1/nios2eds/bin/gnu/h-x86_64-mingw32/bin/../lib/gcc/nios2-elf/5.3.0/../../../../../H-x86_64-mingw32/nios2-elf/lib\libsmallc.a(lib_a-__call_atexit.o)
 .debug_info    0x0000000000008e1d       0xec ../Lab_2_Example_Replace_bsp/\libhal_bsp.a(alt_exit.o)

.debug_abbrev   0x0000000000000000     0x3422
 *(.debug_abbrev)
 .debug_abbrev  0x0000000000000000       0x12 ../Lab_2_Example_Replace_bsp//obj/HAL/src/crt0.o
 .debug_abbrev  0x0000000000000012       0xfb obj/default/main.o
 .debug_abbrev  0x000000000000010d      0x1ee c:/intelfpga/18.1/nios2eds/bin/gnu/h-x86_64-mingw32/bin/../lib/gcc/nios2-elf/5.3.0/../../../../../H-x86_64-mingw32/nios2-elf/lib\libsmallc.a(lib_a-printf.o)
 .debug_abbrev  0x00000000000002fb      0x2a1 c:/intelfpga/18.1/nios2eds/bin/gnu/h-x86_64-mingw32/bin/../lib/gcc/nios2-elf/5.3.0/../../../../../H-x86_64-mingw32/nios2-elf/lib\libsmallc.a(lib_a-vfprintf.o)
 .debug_abbrev  0x000000000000059c      0x1bc c:/intelfpga/18.1/nios2eds/bin/gnu/h-x86_64-mingw32/bin/../lib/gcc/nios2-elf/5.3.0/../../../../../H-x86_64-mingw32/nios2-elf/lib\libsmallc.a(lib_a-fvwrite_small_dev.o)
 .debug_abbrev  0x0000000000000758      0x14a c:/intelfpga/18.1/nios2eds/bin/gnu/h-x86_64-mingw32/bin/../lib/gcc/nios2-elf/5.3.0/../../../../../H-x86_64-mingw32/nios2-elf/lib\libsmallc.a(lib_a-impure.o)
 .debug_abbrev  0x00000000000008a2       0x7f c:/intelfpga/18.1/nios2eds/bin/gnu/h-x86_64-mingw32/bin/../lib/gcc/nios2-elf/5.3.0/../../../../../H-x86_64-mingw32/nios2-elf/lib\libsmallc.a(lib_a-strlen.o)
 .debug_abbrev  0x0000000000000921      0x1a6 c:/intelfpga/18.1/nios2eds/bin/gnu/h-x86_64-mingw32/bin/../lib/gcc/nios2-elf/5.3.0/../../../../../H-x86_64-mingw32/nios2-elf/lib\libsmallc.a(lib_a-writer.o)
 .debug_abbrev  0x0000000000000ac7       0x37 c:/intelfpga/18.1/nios2eds/bin/gnu/h-x86_64-mingw32/bin/../lib/gcc/nios2-elf/5.3.0/../../../../../H-x86_64-mingw32/nios2-elf/lib\libsmallc.a(lib_a-int_errno.o)
 .debug_abbrev  0x0000000000000afe      0x10e c:/intelfpga/18.1/nios2eds/bin/gnu/h-x86_64-mingw32/bin/../lib/gcc/nios2-elf/5.3.0\libgcc.a(lib2-divmod.o)
 .debug_abbrev  0x0000000000000c0c       0x9f ../Lab_2_Example_Replace_bsp/\libhal_bsp.a(alt_load.o)
 .debug_abbrev  0x0000000000000cab       0xba ../Lab_2_Example_Replace_bsp/\libhal_bsp.a(alt_main.o)
 .debug_abbrev  0x0000000000000d65       0x60 ../Lab_2_Example_Replace_bsp/\libhal_bsp.a(alt_usleep.o)
 .debug_abbrev  0x0000000000000dc5      0x133 ../Lab_2_Example_Replace_bsp/\libhal_bsp.a(alt_write.o)
 .debug_abbrev  0x0000000000000ef8      0x187 ../Lab_2_Example_Replace_bsp/\libhal_bsp.a(alt_sys_init.o)
 .debug_abbrev  0x000000000000107f      0x127 ../Lab_2_Example_Replace_bsp/\libhal_bsp.a(altera_avalon_jtag_uart_fd.o)
 .debug_abbrev  0x00000000000011a6      0x19e ../Lab_2_Example_Replace_bsp/\libhal_bsp.a(altera_avalon_jtag_uart_init.o)
 .debug_abbrev  0x0000000000001344      0x111 ../Lab_2_Example_Replace_bsp/\libhal_bsp.a(altera_avalon_jtag_uart_ioctl.o)
 .debug_abbrev  0x0000000000001455      0x1aa ../Lab_2_Example_Replace_bsp/\libhal_bsp.a(altera_avalon_jtag_uart_read.o)
 .debug_abbrev  0x00000000000015ff      0x1a8 ../Lab_2_Example_Replace_bsp/\libhal_bsp.a(altera_avalon_jtag_uart_write.o)
 .debug_abbrev  0x00000000000017a7      0x155 ../Lab_2_Example_Replace_bsp/\libhal_bsp.a(altera_avalon_timer_sc.o)
 .debug_abbrev  0x00000000000018fc      0x162 ../Lab_2_Example_Replace_bsp/\libhal_bsp.a(alt_alarm_start.o)
 .debug_abbrev  0x0000000000001a5e       0x7e ../Lab_2_Example_Replace_bsp/\libhal_bsp.a(alt_busy_sleep.o)
 .debug_abbrev  0x0000000000001adc      0x11f ../Lab_2_Example_Replace_bsp/\libhal_bsp.a(alt_close.o)
 .debug_abbrev  0x0000000000001bfb       0x5a ../Lab_2_Example_Replace_bsp/\libhal_bsp.a(alt_dcache_flush_all.o)
 .debug_abbrev  0x0000000000001c55       0xd9 ../Lab_2_Example_Replace_bsp/\libhal_bsp.a(alt_dev.o)
 .debug_abbrev  0x0000000000001d2e      0x114 ../Lab_2_Example_Replace_bsp/\libhal_bsp.a(alt_dev_llist_insert.o)
 .debug_abbrev  0x0000000000001e42       0x79 ../Lab_2_Example_Replace_bsp/\libhal_bsp.a(alt_do_ctors.o)
 .debug_abbrev  0x0000000000001ebb       0x79 ../Lab_2_Example_Replace_bsp/\libhal_bsp.a(alt_do_dtors.o)
 .debug_abbrev  0x0000000000001f34       0x5a ../Lab_2_Example_Replace_bsp/\libhal_bsp.a(alt_errno.o)
 .debug_abbrev  0x0000000000001f8e       0x42 ../Lab_2_Example_Replace_bsp/\libhal_bsp.a(alt_icache_flush_all.o)
 .debug_abbrev  0x0000000000001fd0      0x163 ../Lab_2_Example_Replace_bsp/\libhal_bsp.a(alt_iic.o)
 .debug_abbrev  0x0000000000002133      0x169 ../Lab_2_Example_Replace_bsp/\libhal_bsp.a(alt_iic_isr_register.o)
 .debug_abbrev  0x000000000000229c      0x114 ../Lab_2_Example_Replace_bsp/\libhal_bsp.a(alt_io_redirect.o)
 .debug_abbrev  0x00000000000023b0       0x12 ../Lab_2_Example_Replace_bsp/\libhal_bsp.a(alt_irq_entry.o)
 .debug_abbrev  0x00000000000023c2      0x122 ../Lab_2_Example_Replace_bsp/\libhal_bsp.a(alt_irq_handler.o)
 .debug_abbrev  0x00000000000024e4       0x40 ../Lab_2_Example_Replace_bsp/\libhal_bsp.a(alt_irq_vars.o)
 .debug_abbrev  0x0000000000002524      0x148 ../Lab_2_Example_Replace_bsp/\libhal_bsp.a(alt_open.o)
 .debug_abbrev  0x000000000000266c       0xde ../Lab_2_Example_Replace_bsp/\libhal_bsp.a(alt_release_fd.o)
 .debug_abbrev  0x000000000000274a      0x15a ../Lab_2_Example_Replace_bsp/\libhal_bsp.a(alt_tick.o)
 .debug_abbrev  0x00000000000028a4       0x42 ../Lab_2_Example_Replace_bsp/\libhal_bsp.a(altera_nios2_gen2_irq.o)
 .debug_abbrev  0x00000000000028e6       0x12 ../Lab_2_Example_Replace_bsp/\libhal_bsp.a(alt_exception_entry.o)
 .debug_abbrev  0x00000000000028f8       0xf0 ../Lab_2_Example_Replace_bsp/\libhal_bsp.a(alt_find_dev.o)
 .debug_abbrev  0x00000000000029e8       0xf0 ../Lab_2_Example_Replace_bsp/\libhal_bsp.a(alt_find_file.o)
 .debug_abbrev  0x0000000000002ad8      0x10d ../Lab_2_Example_Replace_bsp/\libhal_bsp.a(alt_get_fd.o)
 .debug_abbrev  0x0000000000002be5       0x8c ../Lab_2_Example_Replace_bsp/\libhal_bsp.a(alt_icache_flush.o)
 .debug_abbrev  0x0000000000002c71       0xdc ../Lab_2_Example_Replace_bsp/\libhal_bsp.a(alt_instruction_exception_entry.o)
 .debug_abbrev  0x0000000000002d4d       0xaa c:/intelfpga/18.1/nios2eds/bin/gnu/h-x86_64-mingw32/bin/../lib/gcc/nios2-elf/5.3.0/../../../../../H-x86_64-mingw32/nios2-elf/lib\libsmallc.a(lib_a-atexit.o)
 .debug_abbrev  0x0000000000002df7       0x8b c:/intelfpga/18.1/nios2eds/bin/gnu/h-x86_64-mingw32/bin/../lib/gcc/nios2-elf/5.3.0/../../../../../H-x86_64-mingw32/nios2-elf/lib\libsmallc.a(lib_a-exit.o)
 .debug_abbrev  0x0000000000002e82       0x7f c:/intelfpga/18.1/nios2eds/bin/gnu/h-x86_64-mingw32/bin/../lib/gcc/nios2-elf/5.3.0/../../../../../H-x86_64-mingw32/nios2-elf/lib\libsmallc.a(lib_a-memcmp.o)
 .debug_abbrev  0x0000000000002f01       0x9c c:/intelfpga/18.1/nios2eds/bin/gnu/h-x86_64-mingw32/bin/../lib/gcc/nios2-elf/5.3.0/../../../../../H-x86_64-mingw32/nios2-elf/lib\libsmallc.a(lib_a-memcpy.o)
 .debug_abbrev  0x0000000000002f9d      0x1e6 c:/intelfpga/18.1/nios2eds/bin/gnu/h-x86_64-mingw32/bin/../lib/gcc/nios2-elf/5.3.0/../../../../../H-x86_64-mingw32/nios2-elf/lib\libsmallc.a(lib_a-__atexit.o)
 .debug_abbrev  0x0000000000003183      0x1f6 c:/intelfpga/18.1/nios2eds/bin/gnu/h-x86_64-mingw32/bin/../lib/gcc/nios2-elf/5.3.0/../../../../../H-x86_64-mingw32/nios2-elf/lib\libsmallc.a(lib_a-__call_atexit.o)
 .debug_abbrev  0x0000000000003379       0xa9 ../Lab_2_Example_Replace_bsp/\libhal_bsp.a(alt_exit.o)

.debug_line     0x0000000000000000     0x3816
 *(.debug_line)
 .debug_line    0x0000000000000000       0x72 ../Lab_2_Example_Replace_bsp//obj/HAL/src/crt0.o
 .debug_line    0x0000000000000072      0x1dd obj/default/main.o
 .debug_line    0x000000000000024f      0x200 c:/intelfpga/18.1/nios2eds/bin/gnu/h-x86_64-mingw32/bin/../lib/gcc/nios2-elf/5.3.0/../../../../../H-x86_64-mingw32/nios2-elf/lib\libsmallc.a(lib_a-printf.o)
 .debug_line    0x000000000000044f      0x34f c:/intelfpga/18.1/nios2eds/bin/gnu/h-x86_64-mingw32/bin/../lib/gcc/nios2-elf/5.3.0/../../../../../H-x86_64-mingw32/nios2-elf/lib\libsmallc.a(lib_a-vfprintf.o)
 .debug_line    0x000000000000079e      0x1ed c:/intelfpga/18.1/nios2eds/bin/gnu/h-x86_64-mingw32/bin/../lib/gcc/nios2-elf/5.3.0/../../../../../H-x86_64-mingw32/nios2-elf/lib\libsmallc.a(lib_a-fvwrite_small_dev.o)
 .debug_line    0x000000000000098b      0x153 c:/intelfpga/18.1/nios2eds/bin/gnu/h-x86_64-mingw32/bin/../lib/gcc/nios2-elf/5.3.0/../../../../../H-x86_64-mingw32/nios2-elf/lib\libsmallc.a(lib_a-impure.o)
 .debug_line    0x0000000000000ade      0x159 c:/intelfpga/18.1/nios2eds/bin/gnu/h-x86_64-mingw32/bin/../lib/gcc/nios2-elf/5.3.0/../../../../../H-x86_64-mingw32/nios2-elf/lib\libsmallc.a(lib_a-strlen.o)
 .debug_line    0x0000000000000c37      0x1ea c:/intelfpga/18.1/nios2eds/bin/gnu/h-x86_64-mingw32/bin/../lib/gcc/nios2-elf/5.3.0/../../../../../H-x86_64-mingw32/nios2-elf/lib\libsmallc.a(lib_a-writer.o)
 .debug_line    0x0000000000000e21       0x5c c:/intelfpga/18.1/nios2eds/bin/gnu/h-x86_64-mingw32/bin/../lib/gcc/nios2-elf/5.3.0/../../../../../H-x86_64-mingw32/nios2-elf/lib\libsmallc.a(lib_a-int_errno.o)
 .debug_line    0x0000000000000e7d      0x102 c:/intelfpga/18.1/nios2eds/bin/gnu/h-x86_64-mingw32/bin/../lib/gcc/nios2-elf/5.3.0\libgcc.a(lib2-divmod.o)
 .debug_line    0x0000000000000f7f       0x8e ../Lab_2_Example_Replace_bsp/\libhal_bsp.a(alt_load.o)
 .debug_line    0x000000000000100d       0xa4 ../Lab_2_Example_Replace_bsp/\libhal_bsp.a(alt_main.o)
 .debug_line    0x00000000000010b1       0xa8 ../Lab_2_Example_Replace_bsp/\libhal_bsp.a(alt_usleep.o)
 .debug_line    0x0000000000001159      0x1d1 ../Lab_2_Example_Replace_bsp/\libhal_bsp.a(alt_write.o)
 .debug_line    0x000000000000132a      0x151 ../Lab_2_Example_Replace_bsp/\libhal_bsp.a(alt_sys_init.o)
 .debug_line    0x000000000000147b      0x12f ../Lab_2_Example_Replace_bsp/\libhal_bsp.a(altera_avalon_jtag_uart_fd.o)
 .debug_line    0x00000000000015aa      0x18b ../Lab_2_Example_Replace_bsp/\libhal_bsp.a(altera_avalon_jtag_uart_init.o)
 .debug_line    0x0000000000001735      0x131 ../Lab_2_Example_Replace_bsp/\libhal_bsp.a(altera_avalon_jtag_uart_ioctl.o)
 .debug_line    0x0000000000001866      0x171 ../Lab_2_Example_Replace_bsp/\libhal_bsp.a(altera_avalon_jtag_uart_read.o)
 .debug_line    0x00000000000019d7      0x170 ../Lab_2_Example_Replace_bsp/\libhal_bsp.a(altera_avalon_jtag_uart_write.o)
 .debug_line    0x0000000000001b47       0xfd ../Lab_2_Example_Replace_bsp/\libhal_bsp.a(altera_avalon_timer_sc.o)
 .debug_line    0x0000000000001c44       0xf9 ../Lab_2_Example_Replace_bsp/\libhal_bsp.a(alt_alarm_start.o)
 .debug_line    0x0000000000001d3d       0xa0 ../Lab_2_Example_Replace_bsp/\libhal_bsp.a(alt_busy_sleep.o)
 .debug_line    0x0000000000001ddd      0x160 ../Lab_2_Example_Replace_bsp/\libhal_bsp.a(alt_close.o)
 .debug_line    0x0000000000001f3d       0x61 ../Lab_2_Example_Replace_bsp/\libhal_bsp.a(alt_dcache_flush_all.o)
 .debug_line    0x0000000000001f9e       0xf3 ../Lab_2_Example_Replace_bsp/\libhal_bsp.a(alt_dev.o)
 .debug_line    0x0000000000002091       0xcf ../Lab_2_Example_Replace_bsp/\libhal_bsp.a(alt_dev_llist_insert.o)
 .debug_line    0x0000000000002160       0x59 ../Lab_2_Example_Replace_bsp/\libhal_bsp.a(alt_do_ctors.o)
 .debug_line    0x00000000000021b9       0x59 ../Lab_2_Example_Replace_bsp/\libhal_bsp.a(alt_do_dtors.o)
 .debug_line    0x0000000000002212       0x51 ../Lab_2_Example_Replace_bsp/\libhal_bsp.a(alt_errno.o)
 .debug_line    0x0000000000002263       0x50 ../Lab_2_Example_Replace_bsp/\libhal_bsp.a(alt_icache_flush_all.o)
 .debug_line    0x00000000000022b3       0xeb ../Lab_2_Example_Replace_bsp/\libhal_bsp.a(alt_iic.o)
 .debug_line    0x000000000000239e       0xdb ../Lab_2_Example_Replace_bsp/\libhal_bsp.a(alt_iic_isr_register.o)
 .debug_line    0x0000000000002479      0x12e ../Lab_2_Example_Replace_bsp/\libhal_bsp.a(alt_io_redirect.o)
 .debug_line    0x00000000000025a7       0x6b ../Lab_2_Example_Replace_bsp/\libhal_bsp.a(alt_irq_entry.o)
 .debug_line    0x0000000000002612       0xaa ../Lab_2_Example_Replace_bsp/\libhal_bsp.a(alt_irq_handler.o)
 .debug_line    0x00000000000026bc       0x50 ../Lab_2_Example_Replace_bsp/\libhal_bsp.a(alt_irq_vars.o)
 .debug_line    0x000000000000270c      0x128 ../Lab_2_Example_Replace_bsp/\libhal_bsp.a(alt_open.o)
 .debug_line    0x0000000000002834       0xae ../Lab_2_Example_Replace_bsp/\libhal_bsp.a(alt_release_fd.o)
 .debug_line    0x00000000000028e2       0xff ../Lab_2_Example_Replace_bsp/\libhal_bsp.a(alt_tick.o)
 .debug_line    0x00000000000029e1       0x51 ../Lab_2_Example_Replace_bsp/\libhal_bsp.a(altera_nios2_gen2_irq.o)
 .debug_line    0x0000000000002a32       0xb3 ../Lab_2_Example_Replace_bsp/\libhal_bsp.a(alt_exception_entry.o)
 .debug_line    0x0000000000002ae5       0xb5 ../Lab_2_Example_Replace_bsp/\libhal_bsp.a(alt_find_dev.o)
 .debug_line    0x0000000000002b9a       0xd1 ../Lab_2_Example_Replace_bsp/\libhal_bsp.a(alt_find_file.o)
 .debug_line    0x0000000000002c6b       0xd4 ../Lab_2_Example_Replace_bsp/\libhal_bsp.a(alt_get_fd.o)
 .debug_line    0x0000000000002d3f       0x81 ../Lab_2_Example_Replace_bsp/\libhal_bsp.a(alt_icache_flush.o)
 .debug_line    0x0000000000002dc0       0xba ../Lab_2_Example_Replace_bsp/\libhal_bsp.a(alt_instruction_exception_entry.o)
 .debug_line    0x0000000000002e7a       0xe4 c:/intelfpga/18.1/nios2eds/bin/gnu/h-x86_64-mingw32/bin/../lib/gcc/nios2-elf/5.3.0/../../../../../H-x86_64-mingw32/nios2-elf/lib\libsmallc.a(lib_a-atexit.o)
 .debug_line    0x0000000000002f5e      0x156 c:/intelfpga/18.1/nios2eds/bin/gnu/h-x86_64-mingw32/bin/../lib/gcc/nios2-elf/5.3.0/../../../../../H-x86_64-mingw32/nios2-elf/lib\libsmallc.a(lib_a-exit.o)
 .debug_line    0x00000000000030b4      0x15d c:/intelfpga/18.1/nios2eds/bin/gnu/h-x86_64-mingw32/bin/../lib/gcc/nios2-elf/5.3.0/../../../../../H-x86_64-mingw32/nios2-elf/lib\libsmallc.a(lib_a-memcmp.o)
 .debug_line    0x0000000000003211      0x15b c:/intelfpga/18.1/nios2eds/bin/gnu/h-x86_64-mingw32/bin/../lib/gcc/nios2-elf/5.3.0/../../../../../H-x86_64-mingw32/nios2-elf/lib\libsmallc.a(lib_a-memcpy.o)
 .debug_line    0x000000000000336c      0x20a c:/intelfpga/18.1/nios2eds/bin/gnu/h-x86_64-mingw32/bin/../lib/gcc/nios2-elf/5.3.0/../../../../../H-x86_64-mingw32/nios2-elf/lib\libsmallc.a(lib_a-__atexit.o)
 .debug_line    0x0000000000003576      0x22f c:/intelfpga/18.1/nios2eds/bin/gnu/h-x86_64-mingw32/bin/../lib/gcc/nios2-elf/5.3.0/../../../../../H-x86_64-mingw32/nios2-elf/lib\libsmallc.a(lib_a-__call_atexit.o)
 .debug_line    0x00000000000037a5       0x71 ../Lab_2_Example_Replace_bsp/\libhal_bsp.a(alt_exit.o)

.debug_frame    0x0000000000000000      0xda0
 *(.debug_frame)
 .debug_frame   0x0000000000000000       0x50 obj/default/main.o
 .debug_frame   0x0000000000000050       0x48 c:/intelfpga/18.1/nios2eds/bin/gnu/h-x86_64-mingw32/bin/../lib/gcc/nios2-elf/5.3.0/../../../../../H-x86_64-mingw32/nios2-elf/lib\libsmallc.a(lib_a-printf.o)
 .debug_frame   0x0000000000000098       0x8c c:/intelfpga/18.1/nios2eds/bin/gnu/h-x86_64-mingw32/bin/../lib/gcc/nios2-elf/5.3.0/../../../../../H-x86_64-mingw32/nios2-elf/lib\libsmallc.a(lib_a-vfprintf.o)
 .debug_frame   0x0000000000000124       0x58 c:/intelfpga/18.1/nios2eds/bin/gnu/h-x86_64-mingw32/bin/../lib/gcc/nios2-elf/5.3.0/../../../../../H-x86_64-mingw32/nios2-elf/lib\libsmallc.a(lib_a-fvwrite_small_dev.o)
 .debug_frame   0x000000000000017c       0x20 c:/intelfpga/18.1/nios2eds/bin/gnu/h-x86_64-mingw32/bin/../lib/gcc/nios2-elf/5.3.0/../../../../../H-x86_64-mingw32/nios2-elf/lib\libsmallc.a(lib_a-strlen.o)
 .debug_frame   0x000000000000019c       0x38 c:/intelfpga/18.1/nios2eds/bin/gnu/h-x86_64-mingw32/bin/../lib/gcc/nios2-elf/5.3.0/../../../../../H-x86_64-mingw32/nios2-elf/lib\libsmallc.a(lib_a-writer.o)
 .debug_frame   0x00000000000001d4       0x50 c:/intelfpga/18.1/nios2eds/bin/gnu/h-x86_64-mingw32/bin/../lib/gcc/nios2-elf/5.3.0\libgcc.a(lib2-divmod.o)
 .debug_frame   0x0000000000000224       0x5c ../Lab_2_Example_Replace_bsp/\libhal_bsp.a(alt_load.o)
 .debug_frame   0x0000000000000280       0x2c ../Lab_2_Example_Replace_bsp/\libhal_bsp.a(alt_main.o)
 .debug_frame   0x00000000000002ac       0x38 ../Lab_2_Example_Replace_bsp/\libhal_bsp.a(alt_usleep.o)
 .debug_frame   0x00000000000002e4       0x60 ../Lab_2_Example_Replace_bsp/\libhal_bsp.a(alt_write.o)
 .debug_frame   0x0000000000000344       0x88 ../Lab_2_Example_Replace_bsp/\libhal_bsp.a(alt_sys_init.o)
 .debug_frame   0x00000000000003cc       0xb0 ../Lab_2_Example_Replace_bsp/\libhal_bsp.a(altera_avalon_jtag_uart_fd.o)
 .debug_frame   0x000000000000047c       0xa4 ../Lab_2_Example_Replace_bsp/\libhal_bsp.a(altera_avalon_jtag_uart_init.o)
 .debug_frame   0x0000000000000520       0x34 ../Lab_2_Example_Replace_bsp/\libhal_bsp.a(altera_avalon_jtag_uart_ioctl.o)
 .debug_frame   0x0000000000000554       0x38 ../Lab_2_Example_Replace_bsp/\libhal_bsp.a(altera_avalon_jtag_uart_read.o)
 .debug_frame   0x000000000000058c       0x38 ../Lab_2_Example_Replace_bsp/\libhal_bsp.a(altera_avalon_jtag_uart_write.o)
 .debug_frame   0x00000000000005c4       0x60 ../Lab_2_Example_Replace_bsp/\libhal_bsp.a(altera_avalon_timer_sc.o)
 .debug_frame   0x0000000000000624       0x34 ../Lab_2_Example_Replace_bsp/\libhal_bsp.a(alt_alarm_start.o)
 .debug_frame   0x0000000000000658       0x38 ../Lab_2_Example_Replace_bsp/\libhal_bsp.a(alt_busy_sleep.o)
 .debug_frame   0x0000000000000690       0x60 ../Lab_2_Example_Replace_bsp/\libhal_bsp.a(alt_close.o)
 .debug_frame   0x00000000000006f0       0x34 ../Lab_2_Example_Replace_bsp/\libhal_bsp.a(alt_dcache_flush_all.o)
 .debug_frame   0x0000000000000724       0x34 ../Lab_2_Example_Replace_bsp/\libhal_bsp.a(alt_dev.o)
 .debug_frame   0x0000000000000758       0x60 ../Lab_2_Example_Replace_bsp/\libhal_bsp.a(alt_dev_llist_insert.o)
 .debug_frame   0x00000000000007b8       0x38 ../Lab_2_Example_Replace_bsp/\libhal_bsp.a(alt_do_ctors.o)
 .debug_frame   0x00000000000007f0       0x38 ../Lab_2_Example_Replace_bsp/\libhal_bsp.a(alt_do_dtors.o)
 .debug_frame   0x0000000000000828       0x38 ../Lab_2_Example_Replace_bsp/\libhal_bsp.a(alt_icache_flush_all.o)
 .debug_frame   0x0000000000000860       0xa4 ../Lab_2_Example_Replace_bsp/\libhal_bsp.a(alt_iic.o)
 .debug_frame   0x0000000000000904       0x38 ../Lab_2_Example_Replace_bsp/\libhal_bsp.a(alt_iic_isr_register.o)
 .debug_frame   0x000000000000093c       0x60 ../Lab_2_Example_Replace_bsp/\libhal_bsp.a(alt_io_redirect.o)
 .debug_frame   0x000000000000099c       0x38 ../Lab_2_Example_Replace_bsp/\libhal_bsp.a(alt_irq_handler.o)
 .debug_frame   0x00000000000009d4       0x84 ../Lab_2_Example_Replace_bsp/\libhal_bsp.a(alt_open.o)
 .debug_frame   0x0000000000000a58       0x34 ../Lab_2_Example_Replace_bsp/\libhal_bsp.a(alt_release_fd.o)
 .debug_frame   0x0000000000000a8c       0x5c ../Lab_2_Example_Replace_bsp/\libhal_bsp.a(alt_tick.o)
 .debug_frame   0x0000000000000ae8       0x34 ../Lab_2_Example_Replace_bsp/\libhal_bsp.a(altera_nios2_gen2_irq.o)
 .debug_frame   0x0000000000000b1c       0x38 ../Lab_2_Example_Replace_bsp/\libhal_bsp.a(alt_find_dev.o)
 .debug_frame   0x0000000000000b54       0x38 ../Lab_2_Example_Replace_bsp/\libhal_bsp.a(alt_find_file.o)
 .debug_frame   0x0000000000000b8c       0x34 ../Lab_2_Example_Replace_bsp/\libhal_bsp.a(alt_get_fd.o)
 .debug_frame   0x0000000000000bc0       0x34 ../Lab_2_Example_Replace_bsp/\libhal_bsp.a(alt_icache_flush.o)
 .debug_frame   0x0000000000000bf4       0x5c ../Lab_2_Example_Replace_bsp/\libhal_bsp.a(alt_instruction_exception_entry.o)
 .debug_frame   0x0000000000000c50       0x20 c:/intelfpga/18.1/nios2eds/bin/gnu/h-x86_64-mingw32/bin/../lib/gcc/nios2-elf/5.3.0/../../../../../H-x86_64-mingw32/nios2-elf/lib\libsmallc.a(lib_a-atexit.o)
 .debug_frame   0x0000000000000c70       0x28 c:/intelfpga/18.1/nios2eds/bin/gnu/h-x86_64-mingw32/bin/../lib/gcc/nios2-elf/5.3.0/../../../../../H-x86_64-mingw32/nios2-elf/lib\libsmallc.a(lib_a-exit.o)
 .debug_frame   0x0000000000000c98       0x20 c:/intelfpga/18.1/nios2eds/bin/gnu/h-x86_64-mingw32/bin/../lib/gcc/nios2-elf/5.3.0/../../../../../H-x86_64-mingw32/nios2-elf/lib\libsmallc.a(lib_a-memcmp.o)
 .debug_frame   0x0000000000000cb8       0x20 c:/intelfpga/18.1/nios2eds/bin/gnu/h-x86_64-mingw32/bin/../lib/gcc/nios2-elf/5.3.0/../../../../../H-x86_64-mingw32/nios2-elf/lib\libsmallc.a(lib_a-memcpy.o)
 .debug_frame   0x0000000000000cd8       0x48 c:/intelfpga/18.1/nios2eds/bin/gnu/h-x86_64-mingw32/bin/../lib/gcc/nios2-elf/5.3.0/../../../../../H-x86_64-mingw32/nios2-elf/lib\libsmallc.a(lib_a-__atexit.o)
 .debug_frame   0x0000000000000d20       0x54 c:/intelfpga/18.1/nios2eds/bin/gnu/h-x86_64-mingw32/bin/../lib/gcc/nios2-elf/5.3.0/../../../../../H-x86_64-mingw32/nios2-elf/lib\libsmallc.a(lib_a-__call_atexit.o)
 .debug_frame   0x0000000000000d74       0x2c ../Lab_2_Example_Replace_bsp/\libhal_bsp.a(alt_exit.o)

.debug_str      0x0000000000000000     0x1ff8
 *(.debug_str)
 .debug_str     0x0000000000000000      0x194 obj/default/main.o
                                        0x1f3 (size before relaxing)
 .debug_str     0x0000000000000194      0x407 c:/intelfpga/18.1/nios2eds/bin/gnu/h-x86_64-mingw32/bin/../lib/gcc/nios2-elf/5.3.0/../../../../../H-x86_64-mingw32/nios2-elf/lib\libsmallc.a(lib_a-printf.o)
                                        0x4ea (size before relaxing)
 .debug_str     0x000000000000059b      0x1f0 c:/intelfpga/18.1/nios2eds/bin/gnu/h-x86_64-mingw32/bin/../lib/gcc/nios2-elf/5.3.0/../../../../../H-x86_64-mingw32/nios2-elf/lib\libsmallc.a(lib_a-vfprintf.o)
                                        0x665 (size before relaxing)
 .debug_str     0x000000000000078b       0x75 c:/intelfpga/18.1/nios2eds/bin/gnu/h-x86_64-mingw32/bin/../lib/gcc/nios2-elf/5.3.0/../../../../../H-x86_64-mingw32/nios2-elf/lib\libsmallc.a(lib_a-fvwrite_small_dev.o)
                                        0x4ba (size before relaxing)
 .debug_str     0x0000000000000800       0xe1 c:/intelfpga/18.1/nios2eds/bin/gnu/h-x86_64-mingw32/bin/../lib/gcc/nios2-elf/5.3.0/../../../../../H-x86_64-mingw32/nios2-elf/lib\libsmallc.a(lib_a-impure.o)
                                        0x4a4 (size before relaxing)
 .debug_str     0x00000000000008e1       0xc4 c:/intelfpga/18.1/nios2eds/bin/gnu/h-x86_64-mingw32/bin/../lib/gcc/nios2-elf/5.3.0/../../../../../H-x86_64-mingw32/nios2-elf/lib\libsmallc.a(lib_a-strlen.o)
                                        0x1cb (size before relaxing)
 .debug_str     0x00000000000009a5       0x42 c:/intelfpga/18.1/nios2eds/bin/gnu/h-x86_64-mingw32/bin/../lib/gcc/nios2-elf/5.3.0/../../../../../H-x86_64-mingw32/nios2-elf/lib\libsmallc.a(lib_a-writer.o)
                                        0x49e (size before relaxing)
 .debug_str     0x00000000000009e7       0x3c c:/intelfpga/18.1/nios2eds/bin/gnu/h-x86_64-mingw32/bin/../lib/gcc/nios2-elf/5.3.0/../../../../../H-x86_64-mingw32/nios2-elf/lib\libsmallc.a(lib_a-int_errno.o)
                                        0x1be (size before relaxing)
 .debug_str     0x0000000000000a23      0x16d c:/intelfpga/18.1/nios2eds/bin/gnu/h-x86_64-mingw32/bin/../lib/gcc/nios2-elf/5.3.0\libgcc.a(lib2-divmod.o)
                                        0x1b8 (size before relaxing)
 .debug_str     0x0000000000000b90      0x147 ../Lab_2_Example_Replace_bsp/\libhal_bsp.a(alt_load.o)
                                        0x233 (size before relaxing)
 .debug_str     0x0000000000000cd7       0x70 ../Lab_2_Example_Replace_bsp/\libhal_bsp.a(alt_main.o)
                                        0x1be (size before relaxing)
 .debug_str     0x0000000000000d47       0x20 ../Lab_2_Example_Replace_bsp/\libhal_bsp.a(alt_usleep.o)
                                        0x169 (size before relaxing)
 .debug_str     0x0000000000000d67      0x153 ../Lab_2_Example_Replace_bsp/\libhal_bsp.a(alt_write.o)
                                        0x319 (size before relaxing)
 .debug_str     0x0000000000000eba      0x170 ../Lab_2_Example_Replace_bsp/\libhal_bsp.a(alt_sys_init.o)
                                        0x3af (size before relaxing)
 .debug_str     0x000000000000102a       0xb9 ../Lab_2_Example_Replace_bsp/\libhal_bsp.a(altera_avalon_jtag_uart_fd.o)
                                        0x3c5 (size before relaxing)
 .debug_str     0x00000000000010e3       0xd1 ../Lab_2_Example_Replace_bsp/\libhal_bsp.a(altera_avalon_jtag_uart_init.o)
                                        0x359 (size before relaxing)
 .debug_str     0x00000000000011b4       0x4a ../Lab_2_Example_Replace_bsp/\libhal_bsp.a(altera_avalon_jtag_uart_ioctl.o)
                                        0x2b4 (size before relaxing)
 .debug_str     0x00000000000011fe       0x7f ../Lab_2_Example_Replace_bsp/\libhal_bsp.a(altera_avalon_jtag_uart_read.o)
                                        0x309 (size before relaxing)
 .debug_str     0x000000000000127d       0x4a ../Lab_2_Example_Replace_bsp/\libhal_bsp.a(altera_avalon_jtag_uart_write.o)
                                        0x30a (size before relaxing)
 .debug_str     0x00000000000012c7       0x6d ../Lab_2_Example_Replace_bsp/\libhal_bsp.a(altera_avalon_timer_sc.o)
                                        0x26c (size before relaxing)
 .debug_str     0x0000000000001334       0x59 ../Lab_2_Example_Replace_bsp/\libhal_bsp.a(alt_alarm_start.o)
                                        0x29f (size before relaxing)
 .debug_str     0x000000000000138d       0x42 ../Lab_2_Example_Replace_bsp/\libhal_bsp.a(alt_busy_sleep.o)
                                        0x18c (size before relaxing)
 .debug_str     0x00000000000013cf       0x1b ../Lab_2_Example_Replace_bsp/\libhal_bsp.a(alt_close.o)
                                        0x22c (size before relaxing)
 .debug_str     0x00000000000013ea       0x34 ../Lab_2_Example_Replace_bsp/\libhal_bsp.a(alt_dcache_flush_all.o)
                                        0x176 (size before relaxing)
 .debug_str     0x000000000000141e       0x50 ../Lab_2_Example_Replace_bsp/\libhal_bsp.a(alt_dev.o)
                                        0x326 (size before relaxing)
 .debug_str     0x000000000000146e       0x34 ../Lab_2_Example_Replace_bsp/\libhal_bsp.a(alt_dev_llist_insert.o)
                                        0x1ed (size before relaxing)
 .debug_str     0x00000000000014a2       0x48 ../Lab_2_Example_Replace_bsp/\libhal_bsp.a(alt_do_ctors.o)
                                         0xf1 (size before relaxing)
 .debug_str     0x00000000000014ea       0x4c ../Lab_2_Example_Replace_bsp/\libhal_bsp.a(alt_do_dtors.o)
                                         0xf0 (size before relaxing)
 .debug_str     0x0000000000001536       0x14 ../Lab_2_Example_Replace_bsp/\libhal_bsp.a(alt_errno.o)
                                        0x166 (size before relaxing)
 .debug_str     0x000000000000154a       0x34 ../Lab_2_Example_Replace_bsp/\libhal_bsp.a(alt_icache_flush_all.o)
                                        0x176 (size before relaxing)
 .debug_str     0x000000000000157e       0xc4 ../Lab_2_Example_Replace_bsp/\libhal_bsp.a(alt_iic.o)
                                        0x25f (size before relaxing)
 .debug_str     0x0000000000001642       0x4c ../Lab_2_Example_Replace_bsp/\libhal_bsp.a(alt_iic_isr_register.o)
                                        0x209 (size before relaxing)
 .debug_str     0x000000000000168e       0x56 ../Lab_2_Example_Replace_bsp/\libhal_bsp.a(alt_io_redirect.o)
                                        0x337 (size before relaxing)
 .debug_str     0x00000000000016e4       0x3a ../Lab_2_Example_Replace_bsp/\libhal_bsp.a(alt_irq_handler.o)
                                        0x1b8 (size before relaxing)
 .debug_str     0x000000000000171e       0x17 ../Lab_2_Example_Replace_bsp/\libhal_bsp.a(alt_irq_vars.o)
                                        0x15b (size before relaxing)
 .debug_str     0x0000000000001735       0x2f ../Lab_2_Example_Replace_bsp/\libhal_bsp.a(alt_open.o)
                                        0x26c (size before relaxing)
 .debug_str     0x0000000000001764       0x28 ../Lab_2_Example_Replace_bsp/\libhal_bsp.a(alt_release_fd.o)
                                        0x1f4 (size before relaxing)
 .debug_str     0x000000000000178c       0x4a ../Lab_2_Example_Replace_bsp/\libhal_bsp.a(alt_tick.o)
                                        0x273 (size before relaxing)
 .debug_str     0x00000000000017d6       0x3b ../Lab_2_Example_Replace_bsp/\libhal_bsp.a(altera_nios2_gen2_irq.o)
                                        0x17d (size before relaxing)
 .debug_str     0x0000000000001811       0x24 ../Lab_2_Example_Replace_bsp/\libhal_bsp.a(alt_find_dev.o)
                                        0x20d (size before relaxing)
 .debug_str     0x0000000000001835       0x26 ../Lab_2_Example_Replace_bsp/\libhal_bsp.a(alt_find_file.o)
                                        0x21b (size before relaxing)
 .debug_str     0x000000000000185b       0x30 ../Lab_2_Example_Replace_bsp/\libhal_bsp.a(alt_get_fd.o)
                                        0x23d (size before relaxing)
 .debug_str     0x000000000000188b       0x2c ../Lab_2_Example_Replace_bsp/\libhal_bsp.a(alt_icache_flush.o)
                                        0x17c (size before relaxing)
 .debug_str     0x00000000000018b7      0x48b ../Lab_2_Example_Replace_bsp/\libhal_bsp.a(alt_instruction_exception_entry.o)
                                        0x5c1 (size before relaxing)
 .debug_str     0x0000000000001d42      0x108 c:/intelfpga/18.1/nios2eds/bin/gnu/h-x86_64-mingw32/bin/../lib/gcc/nios2-elf/5.3.0/../../../../../H-x86_64-mingw32/nios2-elf/lib\libsmallc.a(lib_a-atexit.o)