Archive member included to satisfy reference by file (symbol)

../Lab_2_Example_Replace_bsp/\libhal_bsp.a(alt_load.o)
                              ../Lab_2_Example_Replace_bsp//obj/HAL/src/crt0.o (alt_load)
../Lab_2_Example_Replace_bsp/\libhal_bsp.a(alt_main.o)
                              ../Lab_2_Example_Replace_bsp//obj/HAL/src/crt0.o (alt_main)
../Lab_2_Example_Replace_bsp/\libhal_bsp.a(alt_sys_init.o)
                              ../Lab_2_Example_Replace_bsp/\libhal_bsp.a(alt_main.o) (alt_irq_init)
../Lab_2_Example_Replace_bsp/\libhal_bsp.a(altera_avalon_jtag_uart_fd.o)
                              ../Lab_2_Example_Replace_bsp/\libhal_bsp.a(alt_sys_init.o) (altera_avalon_jtag_uart_read_fd)
../Lab_2_Example_Replace_bsp/\libhal_bsp.a(altera_avalon_jtag_uart_init.o)
                              ../Lab_2_Example_Replace_bsp/\libhal_bsp.a(alt_sys_init.o) (altera_avalon_jtag_uart_init)
../Lab_2_Example_Replace_bsp/\libhal_bsp.a(altera_avalon_jtag_uart_ioctl.o)
                              ../Lab_2_Example_Replace_bsp/\libhal_bsp.a(altera_avalon_jtag_uart_fd.o) (altera_avalon_jtag_uart_ioctl)
../Lab_2_Example_Replace_bsp/\libhal_bsp.a(altera_avalon_jtag_uart_read.o)
                              ../Lab_2_Example_Replace_bsp/\libhal_bsp.a(altera_avalon_jtag_uart_fd.o) (altera_avalon_jtag_uart_read)
../Lab_2_Example_Replace_bsp/\libhal_bsp.a(altera_avalon_jtag_uart_write.o)
                              ../Lab_2_Example_Replace_bsp/\libhal_bsp.a(altera_avalon_jtag_uart_fd.o) (altera_avalon_jtag_uart_write)
../Lab_2_Example_Replace_bsp/\libhal_bsp.a(altera_avalon_timer_sc.o)
                              ../Lab_2_Example_Replace_bsp/\libhal_bsp.a(alt_sys_init.o) (alt_avalon_timer_sc_init)
../Lab_2_Example_Replace_bsp/\libhal_bsp.a(alt_alarm_start.o)
                              ../Lab_2_Example_Replace_bsp/\libhal_bsp.a(altera_avalon_jtag_uart_init.o) (alt_alarm_start)
../Lab_2_Example_Replace_bsp/\libhal_bsp.a(alt_close.o)
                              ../Lab_2_Example_Replace_bsp/\libhal_bsp.a(alt_main.o) (close)
../Lab_2_Example_Replace_bsp/\libhal_bsp.a(alt_dcache_flush_all.o)
                              ../Lab_2_Example_Replace_bsp/\libhal_bsp.a(alt_load.o) (alt_dcache_flush_all)
../Lab_2_Example_Replace_bsp/\libhal_bsp.a(alt_dev.o)
                              ../Lab_2_Example_Replace_bsp/\libhal_bsp.a(alt_sys_init.o) (alt_dev_list)
../Lab_2_Example_Replace_bsp/\libhal_bsp.a(alt_dev_llist_insert.o)
                              ../Lab_2_Example_Replace_bsp/\libhal_bsp.a(alt_sys_init.o) (alt_dev_llist_insert)
../Lab_2_Example_Replace_bsp/\libhal_bsp.a(alt_do_ctors.o)
                              ../Lab_2_Example_Replace_bsp/\libhal_bsp.a(alt_main.o) (_do_ctors)
../Lab_2_Example_Replace_bsp/\libhal_bsp.a(alt_do_dtors.o)
                              ../Lab_2_Example_Replace_bsp/\libhal_bsp.a(alt_main.o) (_do_dtors)
../Lab_2_Example_Replace_bsp/\libhal_bsp.a(alt_errno.o)
                              ../Lab_2_Example_Replace_bsp/\libhal_bsp.a(alt_close.o) (alt_errno)
../Lab_2_Example_Replace_bsp/\libhal_bsp.a(alt_icache_flush_all.o)
                              ../Lab_2_Example_Replace_bsp/\libhal_bsp.a(alt_load.o) (alt_icache_flush_all)
../Lab_2_Example_Replace_bsp/\libhal_bsp.a(alt_iic.o)
                              ../Lab_2_Example_Replace_bsp/\libhal_bsp.a(altera_avalon_jtag_uart_init.o) (alt_ic_isr_register)
../Lab_2_Example_Replace_bsp/\libhal_bsp.a(alt_iic_isr_register.o)
                              ../Lab_2_Example_Replace_bsp/\libhal_bsp.a(alt_iic.o) (alt_iic_isr_register)
../Lab_2_Example_Replace_bsp/\libhal_bsp.a(alt_io_redirect.o)
                              ../Lab_2_Example_Replace_bsp/\libhal_bsp.a(alt_main.o) (alt_io_redirect)
../Lab_2_Example_Replace_bsp/\libhal_bsp.a(alt_irq_entry.o)
                              ../Lab_2_Example_Replace_bsp/\libhal_bsp.a(alt_iic_isr_register.o) (alt_irq_entry)
../Lab_2_Example_Replace_bsp/\libhal_bsp.a(alt_irq_handler.o)
                              ../Lab_2_Example_Replace_bsp/\libhal_bsp.a(alt_iic_isr_register.o) (alt_irq)
../Lab_2_Example_Replace_bsp/\libhal_bsp.a(alt_irq_vars.o)
                              ../Lab_2_Example_Replace_bsp/\libhal_bsp.a(alt_iic.o) (alt_irq_active)
../Lab_2_Example_Replace_bsp/\libhal_bsp.a(alt_open.o)
                              ../Lab_2_Example_Replace_bsp/\libhal_bsp.a(alt_io_redirect.o) (open)
../Lab_2_Example_Replace_bsp/\libhal_bsp.a(alt_release_fd.o)
                              ../Lab_2_Example_Replace_bsp/\libhal_bsp.a(alt_close.o) (alt_release_fd)
../Lab_2_Example_Replace_bsp/\libhal_bsp.a(alt_tick.o)
                              ../Lab_2_Example_Replace_bsp/\libhal_bsp.a(altera_avalon_jtag_uart_init.o) (_alt_tick_rate)
../Lab_2_Example_Replace_bsp/\libhal_bsp.a(altera_nios2_gen2_irq.o)
                              ../Lab_2_Example_Replace_bsp/\libhal_bsp.a(alt_sys_init.o) (altera_nios2_gen2_irq_init)
../Lab_2_Example_Replace_bsp/\libhal_bsp.a(alt_exception_entry.o)
                              ../Lab_2_Example_Replace_bsp/\libhal_bsp.a(alt_irq_entry.o) (alt_exception)
../Lab_2_Example_Replace_bsp/\libhal_bsp.a(alt_find_dev.o)
                              ../Lab_2_Example_Replace_bsp/\libhal_bsp.a(alt_open.o) (alt_find_dev)
../Lab_2_Example_Replace_bsp/\libhal_bsp.a(alt_find_file.o)
                              ../Lab_2_Example_Replace_bsp/\libhal_bsp.a(alt_open.o) (alt_find_file)
../Lab_2_Example_Replace_bsp/\libhal_bsp.a(alt_get_fd.o)
                              ../Lab_2_Example_Replace_bsp/\libhal_bsp.a(alt_open.o) (alt_get_fd)
../Lab_2_Example_Replace_bsp/\libhal_bsp.a(alt_icache_flush.o)
                              ../Lab_2_Example_Replace_bsp/\libhal_bsp.a(alt_icache_flush_all.o) (alt_icache_flush)
../Lab_2_Example_Replace_bsp/\libhal_bsp.a(alt_instruction_exception_entry.o)
                              ../Lab_2_Example_Replace_bsp/\libhal_bsp.a(alt_exception_entry.o) (alt_instruction_exception_entry)
c:/intelfpga/18.1/nios2eds/bin/gnu/h-x86_64-mingw32/bin/../lib/gcc/nios2-elf/5.3.0/../../../../../H-x86_64-mingw32/nios2-elf/lib\libc.a(lib_a-atexit.o)
                              ../Lab_2_Example_Replace_bsp/\libhal_bsp.a(alt_main.o) (atexit)
c:/intelfpga/18.1/nios2eds/bin/gnu/h-x86_64-mingw32/bin/../lib/gcc/nios2-elf/5.3.0/../../../../../H-x86_64-mingw32/nios2-elf/lib\libc.a(lib_a-exit.o)
                              ../Lab_2_Example_Replace_bsp/\libhal_bsp.a(alt_main.o) (exit)
c:/intelfpga/18.1/nios2eds/bin/gnu/h-x86_64-mingw32/bin/../lib/gcc/nios2-elf/5.3.0/../../../../../H-x86_64-mingw32/nios2-elf/lib\libc.a(lib_a-impure.o)
                              c:/intelfpga/18.1/nios2eds/bin/gnu/h-x86_64-mingw32/bin/../lib/gcc/nios2-elf/5.3.0/../../../../../H-x86_64-mingw32/nios2-elf/lib\libc.a(lib_a-exit.o) (_global_impure_ptr)
c:/intelfpga/18.1/nios2eds/bin/gnu/h-x86_64-mingw32/bin/../lib/gcc/nios2-elf/5.3.0/../../../../../H-x86_64-mingw32/nios2-elf/lib\libc.a(lib_a-int_errno.o)
                              ../Lab_2_Example_Replace_bsp/\libhal_bsp.a(alt_close.o) (errno)
c:/intelfpga/18.1/nios2eds/bin/gnu/h-x86_64-mingw32/bin/../lib/gcc/nios2-elf/5.3.0/../../../../../H-x86_64-mingw32/nios2-elf/lib\libc.a(lib_a-memcmp.o)
                              ../Lab_2_Example_Replace_bsp/\libhal_bsp.a(alt_find_dev.o) (memcmp)
c:/intelfpga/18.1/nios2eds/bin/gnu/h-x86_64-mingw32/bin/../lib/gcc/nios2-elf/5.3.0/../../../../../H-x86_64-mingw32/nios2-elf/lib\libc.a(lib_a-memcpy.o)
                              ../Lab_2_Example_Replace_bsp/\libhal_bsp.a(altera_avalon_jtag_uart_read.o) (memcpy)
c:/intelfpga/18.1/nios2eds/bin/gnu/h-x86_64-mingw32/bin/../lib/gcc/nios2-elf/5.3.0/../../../../../H-x86_64-mingw32/nios2-elf/lib\libc.a(lib_a-strlen.o)
                              ../Lab_2_Example_Replace_bsp/\libhal_bsp.a(alt_find_dev.o) (strlen)
c:/intelfpga/18.1/nios2eds/bin/gnu/h-x86_64-mingw32/bin/../lib/gcc/nios2-elf/5.3.0/../../../../../H-x86_64-mingw32/nios2-elf/lib\libc.a(lib_a-__atexit.o)
                              c:/intelfpga/18.1/nios2eds/bin/gnu/h-x86_64-mingw32/bin/../lib/gcc/nios2-elf/5.3.0/../../../../../H-x86_64-mingw32/nios2-elf/lib\libc.a(lib_a-atexit.o) (__register_exitproc)
c:/intelfpga/18.1/nios2eds/bin/gnu/h-x86_64-mingw32/bin/../lib/gcc/nios2-elf/5.3.0/../../../../../H-x86_64-mingw32/nios2-elf/lib\libc.a(lib_a-__call_atexit.o)
                              c:/intelfpga/18.1/nios2eds/bin/gnu/h-x86_64-mingw32/bin/../lib/gcc/nios2-elf/5.3.0/../../../../../H-x86_64-mingw32/nios2-elf/lib\libc.a(lib_a-exit.o) (__call_exitprocs)
../Lab_2_Example_Replace_bsp/\libhal_bsp.a(alt_exit.o)
                              c:/intelfpga/18.1/nios2eds/bin/gnu/h-x86_64-mingw32/bin/../lib/gcc/nios2-elf/5.3.0/../../../../../H-x86_64-mingw32/nios2-elf/lib\libc.a(lib_a-exit.o) (_exit)

Allocating common symbols
Common symbol       size              file

alt_irq             0x100             ../Lab_2_Example_Replace_bsp/\libhal_bsp.a(alt_irq_handler.o)
errno               0x4               c:/intelfpga/18.1/nios2eds/bin/gnu/h-x86_64-mingw32/bin/../lib/gcc/nios2-elf/5.3.0/../../../../../H-x86_64-mingw32/nios2-elf/lib\libc.a(lib_a-int_errno.o)

Memory Configuration

Name             Origin             Length             Attributes
reset            0x0000000004000000 0x0000000000000020
sdram            0x0000000004000020 0x0000000003ffffe0
onchip_memory    0x0000000008008000 0x0000000000005000
*default*        0x0000000000000000 0xffffffffffffffff

Linker script and memory map

LOAD ../Lab_2_Example_Replace_bsp//obj/HAL/src/crt0.o
LOAD obj/default/main.o
LOAD c:/intelfpga/18.1/nios2eds/bin/gnu/h-x86_64-mingw32/bin/../lib/gcc/nios2-elf/5.3.0/../../../../../H-x86_64-mingw32/nios2-elf/lib\libstdc++.a
LOAD c:/intelfpga/18.1/nios2eds/bin/gnu/h-x86_64-mingw32/bin/../lib/gcc/nios2-elf/5.3.0/../../../../../H-x86_64-mingw32/nios2-elf/lib\libm.a
LOAD c:/intelfpga/18.1/nios2eds/bin/gnu/h-x86_64-mingw32/bin/../lib/gcc/nios2-elf/5.3.0\libgcc.a
START GROUP
LOAD c:/intelfpga/18.1/nios2eds/bin/gnu/h-x86_64-mingw32/bin/../lib/gcc/nios2-elf/5.3.0/../../../../../H-x86_64-mingw32/nios2-elf/lib\libc.a
LOAD c:/intelfpga/18.1/nios2eds/bin/gnu/h-x86_64-mingw32/bin/../lib/gcc/nios2-elf/5.3.0\libgcc.a
LOAD ../Lab_2_Example_Replace_bsp/\libhal_bsp.a
LOAD c:/intelfpga/18.1/nios2eds/bin/gnu/h-x86_64-mingw32/bin/../lib/gcc/nios2-elf/5.3.0/../../../../../H-x86_64-mingw32/nios2-elf/lib\libm.a
END GROUP
LOAD c:/intelfpga/18.1/nios2eds/bin/gnu/h-x86_64-mingw32/bin/../lib/gcc/nios2-elf/5.3.0\libgcc.a
                0x0000000004000000                __alt_mem_sdram = 0x4000000
                0x0000000008008000                __alt_mem_onchip_memory = 0x8008000

.entry          0x0000000004000000       0x20
 *(.entry)
 .entry         0x0000000004000000       0x20 ../Lab_2_Example_Replace_bsp//obj/HAL/src/crt0.o
                0x0000000004000000                __reset

.exceptions     0x0000000004000020      0x224
                0x0000000004000020                PROVIDE (__ram_exceptions_start, ABSOLUTE (.))
                0x0000000004000020                . = ALIGN (0x20)
 *(.irq)
 *(.exceptions.entry.label)
 .exceptions.entry.label
                0x0000000004000020        0x0 ../Lab_2_Example_Replace_bsp/\libhal_bsp.a(alt_irq_entry.o)
                0x0000000004000020                alt_irq_entry
 .exceptions.entry.label
                0x0000000004000020        0x0 ../Lab_2_Example_Replace_bsp/\libhal_bsp.a(alt_exception_entry.o)
                0x0000000004000020                alt_exception
 *(.exceptions.entry.user)
 *(.exceptions.entry.ecc_fatal)
 *(.exceptions.entry)
 .exceptions.entry
                0x0000000004000020       0x54 ../Lab_2_Example_Replace_bsp/\libhal_bsp.a(alt_exception_entry.o)
 *(.exceptions.irqtest.user)
 *(.exceptions.irqtest)
 .exceptions.irqtest
                0x0000000004000074       0x10 ../Lab_2_Example_Replace_bsp/\libhal_bsp.a(alt_irq_entry.o)
 *(.exceptions.irqhandler.user)
 *(.exceptions.irqhandler)
 .exceptions.irqhandler
                0x0000000004000084        0x4 ../Lab_2_Example_Replace_bsp/\libhal_bsp.a(alt_irq_entry.o)
 *(.exceptions.irqreturn.user)
 *(.exceptions.irqreturn)
 .exceptions.irqreturn
                0x0000000004000088        0x4 ../Lab_2_Example_Replace_bsp/\libhal_bsp.a(alt_irq_entry.o)
 *(.exceptions.notirq.label)
 .exceptions.notirq.label
                0x000000000400008c        0x0 ../Lab_2_Example_Replace_bsp/\libhal_bsp.a(alt_irq_entry.o)
 *(.exceptions.notirq.user)
 *(.exceptions.notirq)
 .exceptions.notirq
                0x000000000400008c        0x8 ../Lab_2_Example_Replace_bsp/\libhal_bsp.a(alt_exception_entry.o)
 *(.exceptions.soft.user)
 *(.exceptions.soft)
 *(.exceptions.unknown.user)
 *(.exceptions.unknown)
 .exceptions.unknown
                0x0000000004000094       0x14 ../Lab_2_Example_Replace_bsp/\libhal_bsp.a(alt_exception_entry.o)
 *(.exceptions.exit.label)
 .exceptions.exit.label
                0x00000000040000a8        0x0 ../Lab_2_Example_Replace_bsp/\libhal_bsp.a(alt_irq_entry.o)
 .exceptions.exit.label
                0x00000000040000a8        0x0 ../Lab_2_Example_Replace_bsp/\libhal_bsp.a(alt_exception_entry.o)
 *(.exceptions.exit.user)
 *(.exceptions.exit)
 .exceptions.exit
                0x00000000040000a8       0x54 ../Lab_2_Example_Replace_bsp/\libhal_bsp.a(alt_exception_entry.o)
 *(.exceptions)
 .exceptions    0x00000000040000fc       0xd4 ../Lab_2_Example_Replace_bsp/\libhal_bsp.a(alt_irq_handler.o)
                0x00000000040000fc                alt_irq_handler
 .exceptions    0x00000000040001d0       0x74 ../Lab_2_Example_Replace_bsp/\libhal_bsp.a(alt_instruction_exception_entry.o)
                0x00000000040001d0                alt_instruction_exception_entry
                0x0000000004000244                PROVIDE (__ram_exceptions_end, ABSOLUTE (.))
                0x0000000004000020                PROVIDE (__flash_exceptions_start, LOADADDR (.exceptions))

.text           0x0000000004000244     0x240c
                [!provide]                        PROVIDE (stext, ABSOLUTE (.))
 *(.interp)
 *(.hash)
 *(.dynsym)
 *(.dynstr)
 *(.gnu.version)
 *(.gnu.version_d)
 *(.gnu.version_r)
 *(.rel.init)
 *(.rela.init)
 *(.rel.text .rel.text.* .rel.gnu.linkonce.t.*)
 *(.rela.text .rela.text.* .rela.gnu.linkonce.t.*)
 *(.rel.fini)
 *(.rela.fini)
 *(.rel.rodata .rel.rodata.* .rel.gnu.linkonce.r.*)
 *(.rela.rodata .rela.rodata.* .rela.gnu.linkonce.r.*)
 *(.rel.data .rel.data.* .rel.gnu.linkonce.d.*)
 *(.rela.data .rela.data.* .rela.gnu.linkonce.d.*)
 *(.rel.tdata .rel.tdata.* .rel.gnu.linkonce.td.*)
 *(.rela.tdata .rela.tdata.* .rela.gnu.linkonce.td.*)
 *(.rel.tbss .rel.tbss.* .rel.gnu.linkonce.tb.*)
 *(.rela.tbss .rela.tbss.* .rela.gnu.linkonce.tb.*)
 *(.rel.ctors)
 *(.rela.ctors)
 *(.rel.dtors)
 *(.rela.dtors)
 *(.rel.got)
 *(.rela.got)
 *(.rel.sdata .rel.sdata.* .rel.gnu.linkonce.s.*)
 *(.rela.sdata .rela.sdata.* .rela.gnu.linkonce.s.*)
 *(.rel.sbss .rel.sbss.* .rel.gnu.linkonce.sb.*)
 *(.rela.sbss .rela.sbss.* .rela.gnu.linkonce.sb.*)
 *(.rel.sdata2 .rel.sdata2.* .rel.gnu.linkonce.s2.*)
 *(.rela.sdata2 .rela.sdata2.* .rela.gnu.linkonce.s2.*)
 *(.rel.sbss2 .rel.sbss2.* .rel.gnu.linkonce.sb2.*)
 *(.rela.sbss2 .rela.sbss2.* .rela.gnu.linkonce.sb2.*)
 *(.rel.bss .rel.bss.* .rel.gnu.linkonce.b.*)
 *(.rela.bss .rela.bss.* .rela.gnu.linkonce.b.*)
 *(.rel.plt)
 *(.rela.plt)
 *(.rel.dyn)
 *(.init)
 *(.plt)
 *(.text .stub .text.* .gnu.linkonce.t.*)
 .text          0x0000000004000244       0x4c ../Lab_2_Example_Replace_bsp//obj/HAL/src/crt0.o
                0x0000000004000244                _start
 .text          0x0000000004000290       0x74 obj/default/main.o
                0x0000000004000290                main
 .text          0x0000000004000304       0xec ../Lab_2_Example_Replace_bsp/\libhal_bsp.a(alt_load.o)
                0x000000000400036c                alt_load
 .text          0x00000000040003f0       0x7c ../Lab_2_Example_Replace_bsp/\libhal_bsp.a(alt_main.o)
                0x00000000040003f0                alt_main
 .text          0x000000000400046c       0xcc ../Lab_2_Example_Replace_bsp/\libhal_bsp.a(alt_sys_init.o)
                0x00000000040004a0                alt_irq_init
                0x00000000040004d8                alt_sys_init
 .text          0x0000000004000538      0x164 ../Lab_2_Example_Replace_bsp/\libhal_bsp.a(altera_avalon_jtag_uart_fd.o)
                0x0000000004000538                altera_avalon_jtag_uart_read_fd
                0x0000000004000598                altera_avalon_jtag_uart_write_fd
                0x00000000040005f8                altera_avalon_jtag_uart_close_fd
                0x0000000004000648                altera_avalon_jtag_uart_ioctl_fd
 .text          0x000000000400069c      0x3d4 ../Lab_2_Example_Replace_bsp/\libhal_bsp.a(altera_avalon_jtag_uart_init.o)
                0x000000000400069c                altera_avalon_jtag_uart_init
                0x0000000004000a08                altera_avalon_jtag_uart_close
 .text          0x0000000004000a70       0xf0 ../Lab_2_Example_Replace_bsp/\libhal_bsp.a(altera_avalon_jtag_uart_ioctl.o)
                0x0000000004000a70                altera_avalon_jtag_uart_ioctl
 .text          0x0000000004000b60      0x21c ../Lab_2_Example_Replace_bsp/\libhal_bsp.a(altera_avalon_jtag_uart_read.o)
                0x0000000004000b60                altera_avalon_jtag_uart_read
 .text          0x0000000004000d7c      0x224 ../Lab_2_Example_Replace_bsp/\libhal_bsp.a(altera_avalon_jtag_uart_write.o)
                0x0000000004000d7c                altera_avalon_jtag_uart_write
 .text          0x0000000004000fa0       0xf4 ../Lab_2_Example_Replace_bsp/\libhal_bsp.a(altera_avalon_timer_sc.o)
                0x0000000004001018                alt_avalon_timer_sc_init
 .text          0x0000000004001094      0x12c ../Lab_2_Example_Replace_bsp/\libhal_bsp.a(alt_alarm_start.o)
                0x0000000004001094                alt_alarm_start
 .text          0x00000000040011c0      0x10c ../Lab_2_Example_Replace_bsp/\libhal_bsp.a(alt_close.o)
                0x00000000040011fc                close
 .text          0x00000000040012cc       0x48 ../Lab_2_Example_Replace_bsp/\libhal_bsp.a(alt_dcache_flush_all.o)
                0x00000000040012cc                alt_dcache_flush_all
 .text          0x0000000004001314       0x2c ../Lab_2_Example_Replace_bsp/\libhal_bsp.a(alt_dev.o)
 .text          0x0000000004001340       0xe0 ../Lab_2_Example_Replace_bsp/\libhal_bsp.a(alt_dev_llist_insert.o)
                0x000000000400137c                alt_dev_llist_insert
 .text          0x0000000004001420       0x60 ../Lab_2_Example_Replace_bsp/\libhal_bsp.a(alt_do_ctors.o)
                0x0000000004001420                _do_ctors
 .text          0x0000000004001480       0x60 ../Lab_2_Example_Replace_bsp/\libhal_bsp.a(alt_do_dtors.o)
                0x0000000004001480                _do_dtors
 .text          0x00000000040014e0        0x0 ../Lab_2_Example_Replace_bsp/\libhal_bsp.a(alt_errno.o)
 .text          0x00000000040014e0       0x34 ../Lab_2_Example_Replace_bsp/\libhal_bsp.a(alt_icache_flush_all.o)
                0x00000000040014e0                alt_icache_flush_all
 .text          0x0000000004001514      0x1b0 ../Lab_2_Example_Replace_bsp/\libhal_bsp.a(alt_iic.o)
                0x0000000004001514                alt_ic_isr_register
                0x0000000004001564                alt_ic_irq_enable
                0x00000000040015ec                alt_ic_irq_disable
                0x0000000004001678                alt_ic_irq_enabled
 .text          0x00000000040016c4       0xf0 ../Lab_2_Example_Replace_bsp/\libhal_bsp.a(alt_iic_isr_register.o)
                0x00000000040016c4                alt_iic_isr_register
 .text          0x00000000040017b4      0x140 ../Lab_2_Example_Replace_bsp/\libhal_bsp.a(alt_io_redirect.o)
                0x0000000004001878                alt_io_redirect
 .text          0x00000000040018f4        0x0 ../Lab_2_Example_Replace_bsp/\libhal_bsp.a(alt_irq_entry.o)
 .text          0x00000000040018f4        0x0 ../Lab_2_Example_Replace_bsp/\libhal_bsp.a(alt_irq_handler.o)
 .text          0x00000000040018f4        0x0 ../Lab_2_Example_Replace_bsp/\libhal_bsp.a(alt_irq_vars.o)
 .text          0x00000000040018f4      0x254 ../Lab_2_Example_Replace_bsp/\libhal_bsp.a(alt_open.o)
                0x00000000040019f4                open
 .text          0x0000000004001b48       0x64 ../Lab_2_Example_Replace_bsp/\libhal_bsp.a(alt_release_fd.o)
                0x0000000004001b48                alt_release_fd
 .text          0x0000000004001bac      0x1a4 ../Lab_2_Example_Replace_bsp/\libhal_bsp.a(alt_tick.o)
                0x0000000004001bac                alt_alarm_stop
                0x0000000004001c48                alt_tick
 .text          0x0000000004001d50       0x24 ../Lab_2_Example_Replace_bsp/\libhal_bsp.a(altera_nios2_gen2_irq.o)
                0x0000000004001d50                altera_nios2_gen2_irq_init
 .text          0x0000000004001d74        0x0 ../Lab_2_Example_Replace_bsp/\libhal_bsp.a(alt_exception_entry.o)
 .text          0x0000000004001d74       0x90 ../Lab_2_Example_Replace_bsp/\libhal_bsp.a(alt_find_dev.o)
                0x0000000004001d74                alt_find_dev
 .text          0x0000000004001e04      0x108 ../Lab_2_Example_Replace_bsp/\libhal_bsp.a(alt_find_file.o)
                0x0000000004001e04                alt_find_file
 .text          0x0000000004001f0c       0xa4 ../Lab_2_Example_Replace_bsp/\libhal_bsp.a(alt_get_fd.o)
                0x0000000004001f0c                alt_get_fd
 .text          0x0000000004001fb0       0x90 ../Lab_2_Example_Replace_bsp/\libhal_bsp.a(alt_icache_flush.o)
                0x0000000004001fb0                alt_icache_flush
 .text          0x0000000004002040       0x9c ../Lab_2_Example_Replace_bsp/\libhal_bsp.a(alt_instruction_exception_entry.o)
                0x0000000004002040                alt_exception_cause_generated_bad_addr
 .text          0x00000000040020dc        0x0 c:/intelfpga/18.1/nios2eds/bin/gnu/h-x86_64-mingw32/bin/../lib/gcc/nios2-elf/5.3.0/../../../../../H-x86_64-mingw32/nios2-elf/lib\libc.a(lib_a-atexit.o)
 .text.atexit   0x00000000040020dc       0x14 c:/intelfpga/18.1/nios2eds/bin/gnu/h-x86_64-mingw32/bin/../lib/gcc/nios2-elf/5.3.0/../../../../../H-x86_64-mingw32/nios2-elf/lib\libc.a(lib_a-atexit.o)
                0x00000000040020dc                atexit
 .text          0x00000000040020f0        0x0 c:/intelfpga/18.1/nios2eds/bin/gnu/h-x86_64-mingw32/bin/../lib/gcc/nios2-elf/5.3.0/../../../../../H-x86_64-mingw32/nios2-elf/lib\libc.a(lib_a-exit.o)
 .text.exit     0x00000000040020f0       0x38 c:/intelfpga/18.1/nios2eds/bin/gnu/h-x86_64-mingw32/bin/../lib/gcc/nios2-elf/5.3.0/../../../../../H-x86_64-mingw32/nios2-elf/lib\libc.a(lib_a-exit.o)
                0x00000000040020f0                exit
 .text          0x0000000004002128        0x0 c:/intelfpga/18.1/nios2eds/bin/gnu/h-x86_64-mingw32/bin/../lib/gcc/nios2-elf/5.3.0/../../../../../H-x86_64-mingw32/nios2-elf/lib\libc.a(lib_a-impure.o)
 .text          0x0000000004002128        0x0 c:/intelfpga/18.1/nios2eds/bin/gnu/h-x86_64-mingw32/bin/../lib/gcc/nios2-elf/5.3.0/../../../../../H-x86_64-mingw32/nios2-elf/lib\libc.a(lib_a-int_errno.o)
 .text          0x0000000004002128        0x0 c:/intelfpga/18.1/nios2eds/bin/gnu/h-x86_64-mingw32/bin/../lib/gcc/nios2-elf/5.3.0/../../../../../H-x86_64-mingw32/nios2-elf/lib\libc.a(lib_a-memcmp.o)
 .text.memcmp   0x0000000004002128       0x7c c:/intelfpga/18.1/nios2eds/bin/gnu/h-x86_64-mingw32/bin/../lib/gcc/nios2-elf/5.3.0/../../../../../H-x86_64-mingw32/nios2-elf/lib\libc.a(lib_a-memcmp.o)
                0x0000000004002128                memcmp
 .text          0x00000000040021a4        0x0 c:/intelfpga/18.1/nios2eds/bin/gnu/h-x86_64-mingw32/bin/../lib/gcc/nios2-elf/5.3.0/../../../../../H-x86_64-mingw32/nios2-elf/lib\libc.a(lib_a-memcpy.o)
 .text.memcpy   0x00000000040021a4      0x148 c:/intelfpga/18.1/nios2eds/bin/gnu/h-x86_64-mingw32/bin/../lib/gcc/nios2-elf/5.3.0/../../../../../H-x86_64-mingw32/nios2-elf/lib\libc.a(lib_a-memcpy.o)
                0x00000000040021a4                memcpy
 .text          0x00000000040022ec        0x0 c:/intelfpga/18.1/nios2eds/bin/gnu/h-x86_64-mingw32/bin/../lib/gcc/nios2-elf/5.3.0/../../../../../H-x86_64-mingw32/nios2-elf/lib\libc.a(lib_a-strlen.o)
 .text.strlen   0x00000000040022ec       0x98 c:/intelfpga/18.1/nios2eds/bin/gnu/h-x86_64-mingw32/bin/../lib/gcc/nios2-elf/5.3.0/../../../../../H-x86_64-mingw32/nios2-elf/lib\libc.a(lib_a-strlen.o)
                0x00000000040022ec                strlen
 .text          0x0000000004002384        0x0 c:/intelfpga/18.1/nios2eds/bin/gnu/h-x86_64-mingw32/bin/../lib/gcc/nios2-elf/5.3.0/../../../../../H-x86_64-mingw32/nios2-elf/lib\libc.a(lib_a-__atexit.o)
 .text.__register_exitproc
                0x0000000004002384      0x118 c:/intelfpga/18.1/nios2eds/bin/gnu/h-x86_64-mingw32/bin/../lib/gcc/nios2-elf/5.3.0/../../../../../H-x86_64-mingw32/nios2-elf/lib\libc.a(lib_a-__atexit.o)
                0x0000000004002384                __register_exitproc
 .text          0x000000000400249c        0x0 c:/intelfpga/18.1/nios2eds/bin/gnu/h-x86_64-mingw32/bin/../lib/gcc/nios2-elf/5.3.0/../../../../../H-x86_64-mingw32/nios2-elf/lib\libc.a(lib_a-__call_atexit.o)
 .text.__call_exitprocs
                0x000000000400249c      0x180 c:/intelfpga/18.1/nios2eds/bin/gnu/h-x86_64-mingw32/bin/../lib/gcc/nios2-elf/5.3.0/../../../../../H-x86_64-mingw32/nios2-elf/lib\libc.a(lib_a-__call_atexit.o)
                0x000000000400249c                __call_exitprocs
 .text          0x000000000400261c       0x34 ../Lab_2_Example_Replace_bsp/\libhal_bsp.a(alt_exit.o)
                0x000000000400261c                _exit
 *(.gnu.warning.*)
 *(.fini)
                [!provide]                        PROVIDE (__etext, ABSOLUTE (.))
                [!provide]                        PROVIDE (_etext, ABSOLUTE (.))
                [!provide]                        PROVIDE (etext, ABSOLUTE (.))
 *(.eh_frame_hdr)
                0x0000000004002650                . = ALIGN (0x4)
                [!provide]                        PROVIDE (__preinit_array_start, ABSOLUTE (.))
 *(.preinit_array)
                [!provide]                        PROVIDE (__preinit_array_end, ABSOLUTE (.))
                [!provide]                        PROVIDE (__init_array_start, ABSOLUTE (.))
 *(.init_array)
                [!provide]                        PROVIDE (__init_array_end, ABSOLUTE (.))
                [!provide]                        PROVIDE (__fini_array_start, ABSOLUTE (.))
 *(.fini_array)
                [!provide]                        PROVIDE (__fini_array_end, ABSOLUTE (.))
 *(.eh_frame)
 *(.gcc_except_table .gcc_except_table.*)
 *(.dynamic)
                0x0000000004002650                PROVIDE (__CTOR_LIST__, ABSOLUTE (.))
 *(.ctors)
 *(SORT(.ctors.*))
                0x0000000004002650                PROVIDE (__CTOR_END__, ABSOLUTE (.))
                0x0000000004002650                PROVIDE (__DTOR_LIST__, ABSOLUTE (.))
 *(.dtors)
 *(SORT(.dtors.*))
                0x0000000004002650                PROVIDE (__DTOR_END__, ABSOLUTE (.))
 *(.jcr)
                0x0000000004002650                . = ALIGN (0x4)

.rodata         0x0000000004002650       0x30
                0x0000000004002650                PROVIDE (__ram_rodata_start, ABSOLUTE (.))
                0x0000000004002650                . = ALIGN (0x4)
 *(.rodata .rodata.* .gnu.linkonce.r.*)
 .rodata        0x0000000004002650        0xf ../Lab_2_Example_Replace_bsp/\libhal_bsp.a(alt_main.o)
 *fill*         0x000000000400265f        0x1 
 .rodata        0x0000000004002660        0xf ../Lab_2_Example_Replace_bsp/\libhal_bsp.a(alt_sys_init.o)
 *fill*         0x000000000400266f        0x1 
 .rodata        0x0000000004002670        0xa ../Lab_2_Example_Replace_bsp/\libhal_bsp.a(alt_dev.o)
 *fill*         0x000000000400267a        0x2 
 .rodata.str1.4
                0x000000000400267c        0x4 c:/intelfpga/18.1/nios2eds/bin/gnu/h-x86_64-mingw32/bin/../lib/gcc/nios2-elf/5.3.0/../../../../../H-x86_64-mingw32/nios2-elf/lib\libc.a(lib_a-impure.o)
                                          0x2 (size before relaxing)
 *(.rodata1)
                0x0000000004002680                . = ALIGN (0x4)
                0x0000000004002680                PROVIDE (__ram_rodata_end, ABSOLUTE (.))
                0x0000000004002650                PROVIDE (__flash_rodata_start, LOADADDR (.rodata))

.rwdata         0x0000000004002680     0x1658 load address 0x0000000004003cd8
                0x0000000004002680                PROVIDE (__ram_rwdata_start, ABSOLUTE (.))
                0x0000000004002680                . = ALIGN (0x4)
 *(.got.plt)
 *(.got)
 *(.data1)
 *(.data .data.* .gnu.linkonce.d.*)
 .data          0x0000000004002680        0x0 ../Lab_2_Example_Replace_bsp//obj/HAL/src/crt0.o
 .data          0x0000000004002680        0x0 obj/default/main.o
 .data          0x0000000004002680        0x0 ../Lab_2_Example_Replace_bsp/\libhal_bsp.a(alt_load.o)
 .data          0x0000000004002680        0x0 ../Lab_2_Example_Replace_bsp/\libhal_bsp.a(alt_main.o)
 .data          0x0000000004002680     0x1060 ../Lab_2_Example_Replace_bsp/\libhal_bsp.a(alt_sys_init.o)
 .data          0x00000000040036e0        0x0 ../Lab_2_Example_Replace_bsp/\libhal_bsp.a(altera_avalon_jtag_uart_fd.o)
 .data          0x00000000040036e0        0x0 ../Lab_2_Example_Replace_bsp/\libhal_bsp.a(altera_avalon_jtag_uart_init.o)
 .data          0x00000000040036e0        0x0 ../Lab_2_Example_Replace_bsp/\libhal_bsp.a(altera_avalon_jtag_uart_ioctl.o)
 .data          0x00000000040036e0        0x0 ../Lab_2_Example_Replace_bsp/\libhal_bsp.a(altera_avalon_jtag_uart_read.o)
 .data          0x00000000040036e0        0x0 ../Lab_2_Example_Replace_bsp/\libhal_bsp.a(altera_avalon_jtag_uart_write.o)
 .data          0x00000000040036e0        0x0 ../Lab_2_Example_Replace_bsp/\libhal_bsp.a(altera_avalon_timer_sc.o)
 .data          0x00000000040036e0        0x0 ../Lab_2_Example_Replace_bsp/\libhal_bsp.a(alt_alarm_start.o)
 .data          0x00000000040036e0        0x0 ../Lab_2_Example_Replace_bsp/\libhal_bsp.a(alt_close.o)
 .data          0x00000000040036e0        0x0 ../Lab_2_Example_Replace_bsp/\libhal_bsp.a(alt_dcache_flush_all.o)
 .data          0x00000000040036e0      0x1a8 ../Lab_2_Example_Replace_bsp/\libhal_bsp.a(alt_dev.o)
                0x00000000040036e0                alt_dev_null
                0x0000000004003708                alt_fd_list
 .data          0x0000000004003888        0x0 ../Lab_2_Example_Replace_bsp/\libhal_bsp.a(alt_dev_llist_insert.o)
 .data          0x0000000004003888        0x0 ../Lab_2_Example_Replace_bsp/\libhal_bsp.a(alt_do_ctors.o)
 .data          0x0000000004003888        0x0 ../Lab_2_Example_Replace_bsp/\libhal_bsp.a(alt_do_dtors.o)
 .data          0x0000000004003888        0x0 ../Lab_2_Example_Replace_bsp/\libhal_bsp.a(alt_errno.o)
 .data          0x0000000004003888        0x0 ../Lab_2_Example_Replace_bsp/\libhal_bsp.a(alt_icache_flush_all.o)
 .data          0x0000000004003888        0x0 ../Lab_2_Example_Replace_bsp/\libhal_bsp.a(alt_iic.o)
 .data          0x0000000004003888        0x0 ../Lab_2_Example_Replace_bsp/\libhal_bsp.a(alt_iic_isr_register.o)
 .data          0x0000000004003888        0x0 ../Lab_2_Example_Replace_bsp/\libhal_bsp.a(alt_io_redirect.o)
 .data          0x0000000004003888        0x0 ../Lab_2_Example_Replace_bsp/\libhal_bsp.a(alt_irq_entry.o)
 .data          0x0000000004003888        0x0 ../Lab_2_Example_Replace_bsp/\libhal_bsp.a(alt_irq_handler.o)
 .data          0x0000000004003888        0x0 ../Lab_2_Example_Replace_bsp/\libhal_bsp.a(alt_irq_vars.o)
 .data          0x0000000004003888        0x0 ../Lab_2_Example_Replace_bsp/\libhal_bsp.a(alt_open.o)
 .data          0x0000000004003888        0x0 ../Lab_2_Example_Replace_bsp/\libhal_bsp.a(alt_release_fd.o)
 .data          0x0000000004003888        0x0 ../Lab_2_Example_Replace_bsp/\libhal_bsp.a(alt_tick.o)
 .data          0x0000000004003888        0x0 ../Lab_2_Example_Replace_bsp/\libhal_bsp.a(altera_nios2_gen2_irq.o)
 .data          0x0000000004003888        0x0 ../Lab_2_Example_Replace_bsp/\libhal_bsp.a(alt_exception_entry.o)
 .data          0x0000000004003888        0x0 ../Lab_2_Example_Replace_bsp/\libhal_bsp.a(alt_find_dev.o)
 .data          0x0000000004003888        0x0 ../Lab_2_Example_Replace_bsp/\libhal_bsp.a(alt_find_file.o)
 .data          0x0000000004003888        0x0 ../Lab_2_Example_Replace_bsp/\libhal_bsp.a(alt_get_fd.o)
 .data          0x0000000004003888        0x0 ../Lab_2_Example_Replace_bsp/\libhal_bsp.a(alt_icache_flush.o)
 .data          0x0000000004003888        0x0 ../Lab_2_Example_Replace_bsp/\libhal_bsp.a(alt_instruction_exception_entry.o)
 .data          0x0000000004003888        0x0 c:/intelfpga/18.1/nios2eds/bin/gnu/h-x86_64-mingw32/bin/../lib/gcc/nios2-elf/5.3.0/../../../../../H-x86_64-mingw32/nios2-elf/lib\libc.a(lib_a-atexit.o)
 .data          0x0000000004003888        0x0 c:/intelfpga/18.1/nios2eds/bin/gnu/h-x86_64-mingw32/bin/../lib/gcc/nios2-elf/5.3.0/../../../../../H-x86_64-mingw32/nios2-elf/lib\libc.a(lib_a-exit.o)
 .data          0x0000000004003888        0x0 c:/intelfpga/18.1/nios2eds/bin/gnu/h-x86_64-mingw32/bin/../lib/gcc/nios2-elf/5.3.0/../../../../../H-x86_64-mingw32/nios2-elf/lib\libc.a(lib_a-impure.o)
 .data.impure_data
                0x0000000004003888      0x424 c:/intelfpga/18.1/nios2eds/bin/gnu/h-x86_64-mingw32/bin/../lib/gcc/nios2-elf/5.3.0/../../../../../H-x86_64-mingw32/nios2-elf/lib\libc.a(lib_a-impure.o)
 .data          0x0000000004003cac        0x0 c:/intelfpga/18.1/nios2eds/bin/gnu/h-x86_64-mingw32/bin/../lib/gcc/nios2-elf/5.3.0/../../../../../H-x86_64-mingw32/nios2-elf/lib\libc.a(lib_a-int_errno.o)
 .data          0x0000000004003cac        0x0 c:/intelfpga/18.1/nios2eds/bin/gnu/h-x86_64-mingw32/bin/../lib/gcc/nios2-elf/5.3.0/../../../../../H-x86_64-mingw32/nios2-elf/lib\libc.a(lib_a-memcmp.o)
 .data          0x0000000004003cac        0x0 c:/intelfpga/18.1/nios2eds/bin/gnu/h-x86_64-mingw32/bin/../lib/gcc/nios2-elf/5.3.0/../../../../../H-x86_64-mingw32/nios2-elf/lib\libc.a(lib_a-memcpy.o)
 .data          0x0000000004003cac        0x0 c:/intelfpga/18.1/nios2eds/bin/gnu/h-x86_64-mingw32/bin/../lib/gcc/nios2-elf/5.3.0/../../../../../H-x86_64-mingw32/nios2-elf/lib\libc.a(lib_a-strlen.o)
 .data          0x0000000004003cac        0x0 c:/intelfpga/18.1/nios2eds/bin/gnu/h-x86_64-mingw32/bin/../lib/gcc/nios2-elf/5.3.0/../../../../../H-x86_64-mingw32/nios2-elf/lib\libc.a(lib_a-__atexit.o)
 .data          0x0000000004003cac        0x0 c:/intelfpga/18.1/nios2eds/bin/gnu/h-x86_64-mingw32/bin/../lib/gcc/nios2-elf/5.3.0/../../../../../H-x86_64-mingw32/nios2-elf/lib\libc.a(lib_a-__call_atexit.o)
 .data          0x0000000004003cac        0x0 ../Lab_2_Example_Replace_bsp/\libhal_bsp.a(alt_exit.o)
                0x000000000400bcac                _gp = ABSOLUTE ((. + 0x8000))
                [!provide]                        PROVIDE (gp, _gp)
 *(.rwdata .rwdata.*)
 *(.sdata .sdata.* .gnu.linkonce.s.*)
 .sdata         0x0000000004003cac       0x14 ../Lab_2_Example_Replace_bsp/\libhal_bsp.a(alt_dev.o)
                0x0000000004003cac                alt_fs_list
                0x0000000004003cb4                alt_dev_list
                0x0000000004003cbc                alt_max_fd
 .sdata         0x0000000004003cc0        0x4 ../Lab_2_Example_Replace_bsp/\libhal_bsp.a(alt_errno.o)
                0x0000000004003cc0                alt_errno
 .sdata         0x0000000004003cc4        0x4 ../Lab_2_Example_Replace_bsp/\libhal_bsp.a(alt_irq_vars.o)
                0x0000000004003cc4                alt_priority_mask
 .sdata         0x0000000004003cc8        0x8 ../Lab_2_Example_Replace_bsp/\libhal_bsp.a(alt_tick.o)
                0x0000000004003cc8                alt_alarm_list
 .sdata._global_impure_ptr
                0x0000000004003cd0        0x4 c:/intelfpga/18.1/nios2eds/bin/gnu/h-x86_64-mingw32/bin/../lib/gcc/nios2-elf/5.3.0/../../../../../H-x86_64-mingw32/nios2-elf/lib\libc.a(lib_a-impure.o)
                0x0000000004003cd0                _global_impure_ptr
 .sdata._impure_ptr
                0x0000000004003cd4        0x4 c:/intelfpga/18.1/nios2eds/bin/gnu/h-x86_64-mingw32/bin/../lib/gcc/nios2-elf/5.3.0/../../../../../H-x86_64-mingw32/nios2-elf/lib\libc.a(lib_a-impure.o)
                0x0000000004003cd4                _impure_ptr
 *(.sdata2 .sdata2.* .gnu.linkonce.s2.*)
                0x0000000004003cd8                . = ALIGN (0x4)
                0x0000000004003cd8                _edata = ABSOLUTE (.)
                [!provide]                        PROVIDE (edata, ABSOLUTE (.))
                0x0000000004003cd8                PROVIDE (__ram_rwdata_end, ABSOLUTE (.))
                0x0000000004003cd8                PROVIDE (__flash_rwdata_start, LOADADDR (.rwdata))

.bss            0x0000000004005330      0x120
                0x0000000004005330                __bss_start = ABSOLUTE (.)
                [!provide]                        PROVIDE (__sbss_start, ABSOLUTE (.))
                [!provide]                        PROVIDE (___sbss_start, ABSOLUTE (.))
 *(.dynsbss)
 *(.sbss .sbss.* .gnu.linkonce.sb.*)
 .sbss          0x0000000004005330        0xc ../Lab_2_Example_Replace_bsp/\libhal_bsp.a(alt_main.o)
                0x0000000004005330                alt_argc
                0x0000000004005334                alt_argv
                0x0000000004005338                alt_envp
 .sbss          0x000000000400533c        0x4 ../Lab_2_Example_Replace_bsp/\libhal_bsp.a(alt_irq_vars.o)
                0x000000000400533c                alt_irq_active
 .sbss          0x0000000004005340        0x8 ../Lab_2_Example_Replace_bsp/\libhal_bsp.a(alt_tick.o)
                0x0000000004005340                _alt_tick_rate
                0x0000000004005344                _alt_nticks
 .sbss          0x0000000004005348        0x4 ../Lab_2_Example_Replace_bsp/\libhal_bsp.a(alt_instruction_exception_entry.o)
                0x0000000004005348                alt_instruction_exception_handler
 .sbss          0x000000000400534c        0x4 c:/intelfpga/18.1/nios2eds/bin/gnu/h-x86_64-mingw32/bin/../lib/gcc/nios2-elf/5.3.0/../../../../../H-x86_64-mingw32/nios2-elf/lib\libc.a(lib_a-int_errno.o)
                0x000000000400534c                errno
 *(.sbss2 .sbss2.* .gnu.linkonce.sb2.*)
 *(.scommon)
                [!provide]                        PROVIDE (__sbss_end, ABSOLUTE (.))
                [!provide]                        PROVIDE (___sbss_end, ABSOLUTE (.))
 *(.dynbss)
 *(.bss .bss.* .gnu.linkonce.b.*)
 .bss           0x0000000004005350        0x0 ../Lab_2_Example_Replace_bsp//obj/HAL/src/crt0.o
 .bss           0x0000000004005350        0x0 obj/default/main.o
 .bss           0x0000000004005350        0x0 ../Lab_2_Example_Replace_bsp/\libhal_bsp.a(alt_load.o)
 .bss           0x0000000004005350        0x0 ../Lab_2_Example_Replace_bsp/\libhal_bsp.a(alt_main.o)
 .bss           0x0000000004005350        0x0 ../Lab_2_Example_Replace_bsp/\libhal_bsp.a(alt_sys_init.o)
 .bss           0x0000000004005350        0x0 ../Lab_2_Example_Replace_bsp/\libhal_bsp.a(altera_avalon_jtag_uart_fd.o)
 .bss           0x0000000004005350        0x0 ../Lab_2_Example_Replace_bsp/\libhal_bsp.a(altera_avalon_jtag_uart_init.o)
 .bss           0x0000000004005350        0x0 ../Lab_2_Example_Replace_bsp/\libhal_bsp.a(altera_avalon_jtag_uart_ioctl.o)
 .bss           0x0000000004005350        0x0 ../Lab_2_Example_Replace_bsp/\libhal_bsp.a(altera_avalon_jtag_uart_read.o)
 .bss           0x0000000004005350        0x0 ../Lab_2_Example_Replace_bsp/\libhal_bsp.a(altera_avalon_jtag_uart_write.o)
 .bss           0x0000000004005350        0x0 ../Lab_2_Example_Replace_bsp/\libhal_bsp.a(altera_avalon_timer_sc.o)
 .bss           0x0000000004005350        0x0 ../Lab_2_Example_Replace_bsp/\libhal_bsp.a(alt_alarm_start.o)
 .bss           0x0000000004005350        0x0 ../Lab_2_Example_Replace_bsp/\libhal_bsp.a(alt_close.o)
 .bss           0x0000000004005350        0x0 ../Lab_2_Example_Replace_bsp/\libhal_bsp.a(alt_dcache_flush_all.o)
 .bss           0x0000000004005350        0x0 ../Lab_2_Example_Replace_bsp/\libhal_bsp.a(alt_dev.o)
 .bss           0x0000000004005350        0x0 ../Lab_2_Example_Replace_bsp/\libhal_bsp.a(alt_dev_llist_insert.o)
 .bss           0x0000000004005350        0x0 ../Lab_2_Example_Replace_bsp/\libhal_bsp.a(alt_do_ctors.o)
 .bss           0x0000000004005350        0x0 ../Lab_2_Example_Replace_bsp/\libhal_bsp.a(alt_do_dtors.o)
 .bss           0x0000000004005350        0x0 ../Lab_2_Example_Replace_bsp/\libhal_bsp.a(alt_errno.o)
 .bss           0x0000000004005350        0x0 ../Lab_2_Example_Replace_bsp/\libhal_bsp.a(alt_icache_flush_all.o)
 .bss           0x0000000004005350        0x0 ../Lab_2_Example_Replace_bsp/\libhal_bsp.a(alt_iic.o)
 .bss           0x0000000004005350        0x0 ../Lab_2_Example_Replace_bsp/\libhal_bsp.a(alt_iic_isr_register.o)
 .bss           0x0000000004005350        0x0 ../Lab_2_Example_Replace_bsp/\libhal_bsp.a(alt_io_redirect.o)
 .bss           0x0000000004005350        0x0 ../Lab_2_Example_Replace_bsp/\libhal_bsp.a(alt_irq_entry.o)
 .bss           0x0000000004005350        0x0 ../Lab_2_Example_Replace_bsp/\libhal_bsp.a(alt_irq_handler.o)
 .bss           0x0000000004005350        0x0 ../Lab_2_Example_Replace_bsp/\libhal_bsp.a(alt_irq_vars.o)
 .bss           0x0000000004005350        0x0 ../Lab_2_Example_Replace_bsp/\libhal_bsp.a(alt_open.o)
 .bss           0x0000000004005350        0x0 ../Lab_2_Example_Replace_bsp/\libhal_bsp.a(alt_release_fd.o)
 .bss           0x0000000004005350        0x0 ../Lab_2_Example_Replace_bsp/\libhal_bsp.a(alt_tick.o)
 .bss           0x0000000004005350        0x0 ../Lab_2_Example_Replace_bsp/\libhal_bsp.a(altera_nios2_gen2_irq.o)
 .bss           0x0000000004005350        0x0 ../Lab_2_Example_Replace_bsp/\libhal_bsp.a(alt_exception_entry.o)
 .bss           0x0000000004005350        0x0 ../Lab_2_Example_Replace_bsp/\libhal_bsp.a(alt_find_dev.o)
 .bss           0x0000000004005350        0x0 ../Lab_2_Example_Replace_bsp/\libhal_bsp.a(alt_find_file.o)
 .bss           0x0000000004005350        0x0 ../Lab_2_Example_Replace_bsp/\libhal_bsp.a(alt_get_fd.o)
 .bss           0x0000000004005350        0x0 ../Lab_2_Example_Replace_bsp/\libhal_bsp.a(alt_icache_flush.o)
 .bss           0x0000000004005350        0x0 ../Lab_2_Example_Replace_bsp/\libhal_bsp.a(alt_instruction_exception_entry.o)
 .bss           0x0000000004005350        0x0 c:/intelfpga/18.1/nios2eds/bin/gnu/h-x86_64-mingw32/bin/../lib/gcc/nios2-elf/5.3.0/../../../../../H-x86_64-mingw32/nios2-elf/lib\libc.a(lib_a-atexit.o)
 .bss           0x0000000004005350        0x0 c:/intelfpga/18.1/nios2eds/bin/gnu/h-x86_64-mingw32/bin/../lib/gcc/nios2-elf/5.3.0/../../../../../H-x86_64-mingw32/nios2-elf/lib\libc.a(lib_a-exit.o)
 .bss           0x0000000004005350        0x0 c:/intelfpga/18.1/nios2eds/bin/gnu/h-x86_64-mingw32/bin/../lib/gcc/nios2-elf/5.3.0/../../../../../H-x86_64-mingw32/nios2-elf/lib\libc.a(lib_a-impure.o)
 .bss           0x0000000004005350        0x0 c:/intelfpga/18.1/nios2eds/bin/gnu/h-x86_64-mingw32/bin/../lib/gcc/nios2-elf/5.3.0/../../../../../H-x86_64-mingw32/nios2-elf/lib\libc.a(lib_a-int_errno.o)
 .bss           0x0000000004005350        0x0 c:/intelfpga/18.1/nios2eds/bin/gnu/h-x86_64-mingw32/bin/../lib/gcc/nios2-elf/5.3.0/../../../../../H-x86_64-mingw32/nios2-elf/lib\libc.a(lib_a-memcmp.o)
 .bss           0x0000000004005350        0x0 c:/intelfpga/18.1/nios2eds/bin/gnu/h-x86_64-mingw32/bin/../lib/gcc/nios2-elf/5.3.0/../../../../../H-x86_64-mingw32/nios2-elf/lib\libc.a(lib_a-memcpy.o)
 .bss           0x0000000004005350        0x0 c:/intelfpga/18.1/nios2eds/bin/gnu/h-x86_64-mingw32/bin/../lib/gcc/nios2-elf/5.3.0/../../../../../H-x86_64-mingw32/nios2-elf/lib\libc.a(lib_a-strlen.o)
 .bss           0x0000000004005350        0x0 c:/intelfpga/18.1/nios2eds/bin/gnu/h-x86_64-mingw32/bin/../lib/gcc/nios2-elf/5.3.0/../../../../../H-x86_64-mingw32/nios2-elf/lib\libc.a(lib_a-__atexit.o)
 .bss           0x0000000004005350        0x0 c:/intelfpga/18.1/nios2eds/bin/gnu/h-x86_64-mingw32/bin/../lib/gcc/nios2-elf/5.3.0/../../../../../H-x86_64-mingw32/nios2-elf/lib\libc.a(lib_a-__call_atexit.o)
 .bss           0x0000000004005350        0x0 ../Lab_2_Example_Replace_bsp/\libhal_bsp.a(alt_exit.o)
 *(COMMON)
 COMMON         0x0000000004005350      0x100 ../Lab_2_Example_Replace_bsp/\libhal_bsp.a(alt_irq_handler.o)
                0x0000000004005350                alt_irq
                0x0000000004005450                . = ALIGN (0x4)
                0x0000000004005450                __bss_end = ABSOLUTE (.)

.sdram          0x0000000004005450        0x0
                [!provide]                        PROVIDE (_alt_partition_sdram_start, ABSOLUTE (.))
 *(.sdram .sdram. sdram.*)
                0x0000000004005450                . = ALIGN (0x4)
                [!provide]                        PROVIDE (_alt_partition_sdram_end, ABSOLUTE (.))
                0x0000000004005450                _end = ABSOLUTE (.)
                0x0000000004005450                end = ABSOLUTE (.)
                0x0000000004005450                __alt_stack_base = ABSOLUTE (.)
                [!provide]                        PROVIDE (_alt_partition_sdram_load_addr, LOADADDR (.sdram))

.onchip_memory  0x0000000008008000        0x0 load address 0x0000000004005450
                [!provide]                        PROVIDE (_alt_partition_onchip_memory_start, ABSOLUTE (.))
 *(.onchip_memory .onchip_memory. onchip_memory.*)
                0x0000000008008000                . = ALIGN (0x4)
                [!provide]                        PROVIDE (_alt_partition_onchip_memory_end, ABSOLUTE (.))
                [!provide]                        PROVIDE (_alt_partition_onchip_memory_load_addr, LOADADDR (.onchip_memory))

.stab
 *(.stab)

.stabstr
 *(.stabstr)

.stab.excl
 *(.stab.excl)

.stab.exclstr
 *(.stab.exclstr)

.stab.index
 *(.stab.index)

.stab.indexstr
 *(.stab.indexstr)

.comment        0x0000000000000000       0x23
 *(.comment)
 .comment       0x0000000000000000       0x23 obj/default/main.o
                                         0x24 (size before relaxing)
 .comment       0x0000000000000023       0x24 ../Lab_2_Example_Replace_bsp/\libhal_bsp.a(alt_load.o)
 .comment       0x0000000000000023       0x24 ../Lab_2_Example_Replace_bsp/\libhal_bsp.a(alt_main.o)
 .comment       0x0000000000000023       0x24 ../Lab_2_Example_Replace_bsp/\libhal_bsp.a(alt_sys_init.o)
 .comment       0x0000000000000023       0x24 ../Lab_2_Example_Replace_bsp/\libhal_bsp.a(altera_avalon_jtag_uart_fd.o)
 .comment       0x0000000000000023       0x24 ../Lab_2_Example_Replace_bsp/\libhal_bsp.a(altera_avalon_jtag_uart_init.o)
 .comment       0x0000000000000023       0x24 ../Lab_2_Example_Replace_bsp/\libhal_bsp.a(altera_avalon_jtag_uart_ioctl.o)
 .comment       0x0000000000000023       0x24 ../Lab_2_Example_Replace_bsp/\libhal_bsp.a(altera_avalon_jtag_uart_read.o)
 .comment       0x0000000000000023       0x24 ../Lab_2_Example_Replace_bsp/\libhal_bsp.a(altera_avalon_jtag_uart_write.o)
 .comment       0x0000000000000023       0x24 ../Lab_2_Example_Replace_bsp/\libhal_bsp.a(altera_avalon_timer_sc.o)
 .comment       0x0000000000000023       0x24 ../Lab_2_Example_Replace_bsp/\libhal_bsp.a(alt_alarm_start.o)
 .comment       0x0000000000000023       0x24 ../Lab_2_Example_Replace_bsp/\libhal_bsp.a(alt_close.o)
 .comment       0x0000000000000023       0x24 ../Lab_2_Example_Replace_bsp/\libhal_bsp.a(alt_dcache_flush_all.o)
 .comment       0x0000000000000023       0x24 ../Lab_2_Example_Replace_bsp/\libhal_bsp.a(alt_dev.o)
 .comment       0x0000000000000023       0x24 ../Lab_2_Example_Replace_bsp/\libhal_bsp.a(alt_dev_llist_insert.o)
 .comment       0x0000000000000023       0x24 ../Lab_2_Example_Replace_bsp/\libhal_bsp.a(alt_do_ctors.o)
 .comment       0x0000000000000023       0x24 ../Lab_2_Example_Replace_bsp/\libhal_bsp.a(alt_do_dtors.o)
 .comment       0x0000000000000023       0x24 ../Lab_2_Example_Replace_bsp/\libhal_bsp.a(alt_errno.o)
 .comment       0x0000000000000023       0x24 ../Lab_2_Example_Replace_bsp/\libhal_bsp.a(alt_icache_flush_all.o)
 .comment       0x0000000000000023       0x24 ../Lab_2_Example_Replace_bsp/\libhal_bsp.a(alt_iic.o)
 .comment       0x0000000000000023       0x24 ../Lab_2_Example_Replace_bsp/\libhal_bsp.a(alt_iic_isr_register.o)
 .comment       0x0000000000000023       0x24 ../Lab_2_Example_Replace_bsp/\libhal_bsp.a(alt_io_redirect.o)
 .comment       0x0000000000000023       0x24 ../Lab_2_Example_Replace_bsp/\libhal_bsp.a(alt_irq_handler.o)
 .comment       0x0000000000000023       0x24 ../Lab_2_Example_Replace_bsp/\libhal_bsp.a(alt_irq_vars.o)
 .comment       0x0000000000000023       0x24 ../Lab_2_Example_Replace_bsp/\libhal_bsp.a(alt_open.o)
 .comment       0x0000000000000023       0x24 ../Lab_2_Example_Replace_bsp/\libhal_bsp.a(alt_release_fd.o)
 .comment       0x0000000000000023       0x24 ../Lab_2_Example_Replace_bsp/\libhal_bsp.a(alt_tick.o)
 .comment       0x0000000000000023       0x24 ../Lab_2_Example_Replace_bsp/\libhal_bsp.a(altera_nios2_gen2_irq.o)
 .comment       0x0000000000000023       0x24 ../Lab_2_Example_Replace_bsp/\libhal_bsp.a(alt_find_dev.o)
 .comment       0x0000000000000023       0x24 ../Lab_2_Example_Replace_bsp/\libhal_bsp.a(alt_find_file.o)
 .comment       0x0000000000000023       0x24 ../Lab_2_Example_Replace_bsp/\libhal_bsp.a(alt_get_fd.o)
 .comment       0x0000000000000023       0x24 ../Lab_2_Example_Replace_bsp/\libhal_bsp.a(alt_icache_flush.o)
 .comment       0x0000000000000023       0x24 ../Lab_2_Example_Replace_bsp/\libhal_bsp.a(alt_instruction_exception_entry.o)
 .comment       0x0000000000000023       0x24 c:/intelfpga/18.1/nios2eds/bin/gnu/h-x86_64-mingw32/bin/../lib/gcc/nios2-elf/5.3.0/../../../../../H-x86_64-mingw32/nios2-elf/lib\libc.a(lib_a-atexit.o)
 .comment       0x0000000000000023       0x24 c:/intelfpga/18.1/nios2eds/bin/gnu/h-x86_64-mingw32/bin/../lib/gcc/nios2-elf/5.3.0/../../../../../H-x86_64-mingw32/nios2-elf/lib\libc.a(lib_a-exit.o)
 .comment       0x0000000000000023       0x24 c:/intelfpga/18.1/nios2eds/bin/gnu/h-x86_64-mingw32/bin/../lib/gcc/nios2-elf/5.3.0/../../../../../H-x86_64-mingw32/nios2-elf/lib\libc.a(lib_a-impure.o)
 .comment       0x0000000000000023       0x24 c:/intelfpga/18.1/nios2eds/bin/gnu/h-x86_64-mingw32/bin/../lib/gcc/nios2-elf/5.3.0/../../../../../H-x86_64-mingw32/nios2-elf/lib\libc.a(lib_a-int_errno.o)
 .comment       0x0000000000000023       0x24 c:/intelfpga/18.1/nios2eds/bin/gnu/h-x86_64-mingw32/bin/../lib/gcc/nios2-elf/5.3.0/../../../../../H-x86_64-mingw32/nios2-elf/lib\libc.a(lib_a-memcmp.o)
 .comment       0x0000000000000023       0x24 c:/intelfpga/18.1/nios2eds/bin/gnu/h-x86_64-mingw32/bin/../lib/gcc/nios2-elf/5.3.0/../../../../../H-x86_64-mingw32/nios2-elf/lib\libc.a(lib_a-memcpy.o)
 .comment       0x0000000000000023       0x24 c:/intelfpga/18.1/nios2eds/bin/gnu/h-x86_64-mingw32/bin/../lib/gcc/nios2-elf/5.3.0/../../../../../H-x86_64-mingw32/nios2-elf/lib\libc.a(lib_a-strlen.o)
 .comment       0x0000000000000023       0x24 c:/intelfpga/18.1/nios2eds/bin/gnu/h-x86_64-mingw32/bin/../lib/gcc/nios2-elf/5.3.0/../../../../../H-x86_64-mingw32/nios2-elf/lib\libc.a(lib_a-__atexit.o)
 .comment       0x0000000000000023       0x24 c:/intelfpga/18.1/nios2eds/bin/gnu/h-x86_64-mingw32/bin/../lib/gcc/nios2-elf/5.3.0/../../../../../H-x86_64-mingw32/nios2-elf/lib\libc.a(lib_a-__call_atexit.o)
 .comment       0x0000000000000023       0x24 ../Lab_2_Example_Replace_bsp/\libhal_bsp.a(alt_exit.o)

.debug
 *(.debug)

.line
 *(.line)

.debug_srcinfo
 *(.debug_srcinfo)

.debug_sfnames
 *(.debug_sfnames)

.debug_aranges  0x0000000000000000      0x5d8
 *(.debug_aranges)
 .debug_aranges
                0x0000000000000000       0x28 ../Lab_2_Example_Replace_bsp//obj/HAL/src/crt0.o
 .debug_aranges
                0x0000000000000028       0x20 obj/default/main.o
 .debug_aranges
                0x0000000000000048       0x20 ../Lab_2_Example_Replace_bsp/\libhal_bsp.a(alt_load.o)
 .debug_aranges
                0x0000000000000068       0x20 ../Lab_2_Example_Replace_bsp/\libhal_bsp.a(alt_main.o)
 .debug_aranges
                0x0000000000000088       0x20 ../Lab_2_Example_Replace_bsp/\libhal_bsp.a(alt_sys_init.o)
 .debug_aranges
                0x00000000000000a8       0x20 ../Lab_2_Example_Replace_bsp/\libhal_bsp.a(altera_avalon_jtag_uart_fd.o)
 .debug_aranges
                0x00000000000000c8       0x20 ../Lab_2_Example_Replace_bsp/\libhal_bsp.a(altera_avalon_jtag_uart_init.o)
 .debug_aranges
                0x00000000000000e8       0x20 ../Lab_2_Example_Replace_bsp/\libhal_bsp.a(altera_avalon_jtag_uart_ioctl.o)
 .debug_aranges
                0x0000000000000108       0x20 ../Lab_2_Example_Replace_bsp/\libhal_bsp.a(altera_avalon_jtag_uart_read.o)
 .debug_aranges
                0x0000000000000128       0x20 ../Lab_2_Example_Replace_bsp/\libhal_bsp.a(altera_avalon_jtag_uart_write.o)
 .debug_aranges
                0x0000000000000148       0x20 ../Lab_2_Example_Replace_bsp/\libhal_bsp.a(altera_avalon_timer_sc.o)
 .debug_aranges
                0x0000000000000168       0x20 ../Lab_2_Example_Replace_bsp/\libhal_bsp.a(alt_alarm_start.o)
 .debug_aranges
                0x0000000000000188       0x20 ../Lab_2_Example_Replace_bsp/\libhal_bsp.a(alt_close.o)
 .debug_aranges
                0x00000000000001a8       0x20 ../Lab_2_Example_Replace_bsp/\libhal_bsp.a(alt_dcache_flush_all.o)
 .debug_aranges
                0x00000000000001c8       0x20 ../Lab_2_Example_Replace_bsp/\libhal_bsp.a(alt_dev.o)
 .debug_aranges
                0x00000000000001e8       0x20 ../Lab_2_Example_Replace_bsp/\libhal_bsp.a(alt_dev_llist_insert.o)
 .debug_aranges
                0x0000000000000208       0x20 ../Lab_2_Example_Replace_bsp/\libhal_bsp.a(alt_do_ctors.o)
 .debug_aranges
                0x0000000000000228       0x20 ../Lab_2_Example_Replace_bsp/\libhal_bsp.a(alt_do_dtors.o)
 .debug_aranges
                0x0000000000000248       0x18 ../Lab_2_Example_Replace_bsp/\libhal_bsp.a(alt_errno.o)
 .debug_aranges
                0x0000000000000260       0x20 ../Lab_2_Example_Replace_bsp/\libhal_bsp.a(alt_icache_flush_all.o)
 .debug_aranges
                0x0000000000000280       0x20 ../Lab_2_Example_Replace_bsp/\libhal_bsp.a(alt_iic.o)
 .debug_aranges
                0x00000000000002a0       0x20 ../Lab_2_Example_Replace_bsp/\libhal_bsp.a(alt_iic_isr_register.o)
 .debug_aranges
                0x00000000000002c0       0x20 ../Lab_2_Example_Replace_bsp/\libhal_bsp.a(alt_io_redirect.o)
 .debug_aranges
                0x00000000000002e0       0x30 ../Lab_2_Example_Replace_bsp/\libhal_bsp.a(alt_irq_entry.o)
 .debug_aranges
                0x0000000000000310       0x20 ../Lab_2_Example_Replace_bsp/\libhal_bsp.a(alt_irq_handler.o)
 .debug_aranges
                0x0000000000000330       0x18 ../Lab_2_Example_Replace_bsp/\libhal_bsp.a(alt_irq_vars.o)
 .debug_aranges
                0x0000000000000348       0x20 ../Lab_2_Example_Replace_bsp/\libhal_bsp.a(alt_open.o)
 .debug_aranges
                0x0000000000000368       0x20 ../Lab_2_Example_Replace_bsp/\libhal_bsp.a(alt_release_fd.o)
 .debug_aranges
                0x0000000000000388       0x20 ../Lab_2_Example_Replace_bsp/\libhal_bsp.a(alt_tick.o)
 .debug_aranges
                0x00000000000003a8       0x20 ../Lab_2_Example_Replace_bsp/\libhal_bsp.a(altera_nios2_gen2_irq.o)
 .debug_aranges
                0x00000000000003c8       0x38 ../Lab_2_Example_Replace_bsp/\libhal_bsp.a(alt_exception_entry.o)
 .debug_aranges
                0x0000000000000400       0x20 ../Lab_2_Example_Replace_bsp/\libhal_bsp.a(alt_find_dev.o)
 .debug_aranges
                0x0000000000000420       0x20 ../Lab_2_Example_Replace_bsp/\libhal_bsp.a(alt_find_file.o)
 .debug_aranges
                0x0000000000000440       0x20 ../Lab_2_Example_Replace_bsp/\libhal_bsp.a(alt_get_fd.o)
 .debug_aranges
                0x0000000000000460       0x20 ../Lab_2_Example_Replace_bsp/\libhal_bsp.a(alt_icache_flush.o)
 .debug_aranges
                0x0000000000000480       0x28 ../Lab_2_Example_Replace_bsp/\libhal_bsp.a(alt_instruction_exception_entry.o)
 .debug_aranges
                0x00000000000004a8       0x20 c:/intelfpga/18.1/nios2eds/bin/gnu/h-x86_64-mingw32/bin/../lib/gcc/nios2-elf/5.3.0/../../../../../H-x86_64-mingw32/nios2-elf/lib\libc.a(lib_a-atexit.o)
 .debug_aranges
                0x00000000000004c8       0x20 c:/intelfpga/18.1/nios2eds/bin/gnu/h-x86_64-mingw32/bin/../lib/gcc/nios2-elf/5.3.0/../../../../../H-x86_64-mingw32/nios2-elf/lib\libc.a(lib_a-exit.o)
 .debug_aranges
                0x00000000000004e8       0x18 c:/intelfpga/18.1/nios2eds/bin/gnu/h-x86_64-mingw32/bin/../lib/gcc/nios2-elf/5.3.0/../../../../../H-x86_64-mingw32/nios2-elf/lib\libc.a(lib_a-impure.o)
 .debug_aranges
                0x0000000000000500       0x18 c:/intelfpga/18.1/nios2eds/bin/gnu/h-x86_64-mingw32/bin/../lib/gcc/nios2-elf/5.3.0/../../../../../H-x86_64-mingw32/nios2-elf/lib\libc.a(lib_a-int_errno.o)
 .debug_aranges
                0x0000000000000518       0x20 c:/intelfpga/18.1/nios2eds/bin/gnu/h-x86_64-mingw32/bin/../lib/gcc/nios2-elf/5.3.0/../../../../../H-x86_64-mingw32/nios2-elf/lib\libc.a(lib_a-memcmp.o)
 .debug_aranges
                0x0000000000000538       0x20 c:/intelfpga/18.1/nios2eds/bin/gnu/h-x86_64-mingw32/bin/../lib/gcc/nios2-elf/5.3.0/../../../../../H-x86_64-mingw32/nios2-elf/lib\libc.a(lib_a-memcpy.o)
 .debug_aranges
                0x0000000000000558       0x20 c:/intelfpga/18.1/nios2eds/bin/gnu/h-x86_64-mingw32/bin/../lib/gcc/nios2-elf/5.3.0/../../../../../H-x86_64-mingw32/nios2-elf/lib\libc.a(lib_a-strlen.o)
 .debug_aranges
                0x0000000000000578       0x20 c:/intelfpga/18.1/nios2eds/bin/gnu/h-x86_64-mingw32/bin/../lib/gcc/nios2-elf/5.3.0/../../../../../H-x86_64-mingw32/nios2-elf/lib\libc.a(lib_a-__atexit.o)
 .debug_aranges
                0x0000000000000598       0x20 c:/intelfpga/18.1/nios2eds/bin/gnu/h-x86_64-mingw32/bin/../lib/gcc/nios2-elf/5.3.0/../../../../../H-x86_64-mingw32/nios2-elf/lib\libc.a(lib_a-__call_atexit.o)
 .debug_aranges
                0x00000000000005b8       0x20 ../Lab_2_Example_Replace_bsp/\libhal_bsp.a(alt_exit.o)

.debug_pubnames
 *(.debug_pubnames)

.debug_info     0x0000000000000000     0x7808
 *(.debug_info .gnu.linkonce.wi.*)
 .debug_info    0x0000000000000000       0x8c ../Lab_2_Example_Replace_bsp//obj/HAL/src/crt0.o
 .debug_info    0x000000000000008c       0xf2 obj/default/main.o
 .debug_info    0x000000000000017e      0x145 ../Lab_2_Example_Replace_bsp/\libhal_bsp.a(alt_load.o)
 .debug_info    0x00000000000002c3      0x131 ../Lab_2_Example_Replace_bsp/\libhal_bsp.a(alt_main.o)
 .debug_info    0x00000000000003f4      0x4d9 ../Lab_2_Example_Replace_bsp/\libhal_bsp.a(alt_sys_init.o)
 .debug_info    0x00000000000008cd      0x52e ../Lab_2_Example_Replace_bsp/\libhal_bsp.a(altera_avalon_jtag_uart_fd.o)
 .debug_info    0x0000000000000dfb      0x3a0 ../Lab_2_Example_Replace_bsp/\libhal_bsp.a(altera_avalon_jtag_uart_init.o)
 .debug_info    0x000000000000119b      0x280 ../Lab_2_Example_Replace_bsp/\libhal_bsp.a(altera_avalon_jtag_uart_ioctl.o)
 .debug_info    0x000000000000141b      0x345 ../Lab_2_Example_Replace_bsp/\libhal_bsp.a(altera_avalon_jtag_uart_read.o)
 .debug_info    0x0000000000001760      0x340 ../Lab_2_Example_Replace_bsp/\libhal_bsp.a(altera_avalon_jtag_uart_write.o)
 .debug_info    0x0000000000001aa0      0x226 ../Lab_2_Example_Replace_bsp/\libhal_bsp.a(altera_avalon_timer_sc.o)
 .debug_info    0x0000000000001cc6      0x2cc ../Lab_2_Example_Replace_bsp/\libhal_bsp.a(alt_alarm_start.o)
 .debug_info    0x0000000000001f92      0x321 ../Lab_2_Example_Replace_bsp/\libhal_bsp.a(alt_close.o)
 .debug_info    0x00000000000022b3       0xa5 ../Lab_2_Example_Replace_bsp/\libhal_bsp.a(alt_dcache_flush_all.o)
 .debug_info    0x0000000000002358      0x49c ../Lab_2_Example_Replace_bsp/\libhal_bsp.a(alt_dev.o)
 .debug_info    0x00000000000027f4      0x1a9 ../Lab_2_Example_Replace_bsp/\libhal_bsp.a(alt_dev_llist_insert.o)
 .debug_info    0x000000000000299d       0x83 ../Lab_2_Example_Replace_bsp/\libhal_bsp.a(alt_do_ctors.o)
 .debug_info    0x0000000000002a20       0x83 ../Lab_2_Example_Replace_bsp/\libhal_bsp.a(alt_do_dtors.o)
 .debug_info    0x0000000000002aa3       0xa6 ../Lab_2_Example_Replace_bsp/\libhal_bsp.a(alt_errno.o)
 .debug_info    0x0000000000002b49       0x92 ../Lab_2_Example_Replace_bsp/\libhal_bsp.a(alt_icache_flush_all.o)
 .debug_info    0x0000000000002bdb      0x350 ../Lab_2_Example_Replace_bsp/\libhal_bsp.a(alt_iic.o)
 .debug_info    0x0000000000002f2b      0x1ef ../Lab_2_Example_Replace_bsp/\libhal_bsp.a(alt_iic_isr_register.o)
 .debug_info    0x000000000000311a      0x4a5 ../Lab_2_Example_Replace_bsp/\libhal_bsp.a(alt_io_redirect.o)
 .debug_info    0x00000000000035bf       0x95 ../Lab_2_Example_Replace_bsp/\libhal_bsp.a(alt_irq_entry.o)
 .debug_info    0x0000000000003654      0x187 ../Lab_2_Example_Replace_bsp/\libhal_bsp.a(alt_irq_handler.o)
 .debug_info    0x00000000000037db       0x88 ../Lab_2_Example_Replace_bsp/\libhal_bsp.a(alt_irq_vars.o)
 .debug_info    0x0000000000003863      0x3bb ../Lab_2_Example_Replace_bsp/\libhal_bsp.a(alt_open.o)
 .debug_info    0x0000000000003c1e      0x2b0 ../Lab_2_Example_Replace_bsp/\libhal_bsp.a(alt_release_fd.o)
 .debug_info    0x0000000000003ece      0x299 ../Lab_2_Example_Replace_bsp/\libhal_bsp.a(alt_tick.o)
 .debug_info    0x0000000000004167       0x92 ../Lab_2_Example_Replace_bsp/\libhal_bsp.a(altera_nios2_gen2_irq.o)
 .debug_info    0x00000000000041f9       0x9b ../Lab_2_Example_Replace_bsp/\libhal_bsp.a(alt_exception_entry.o)
 .debug_info    0x0000000000004294      0x2e9 ../Lab_2_Example_Replace_bsp/\libhal_bsp.a(alt_find_dev.o)
 .debug_info    0x000000000000457d      0x2e6 ../Lab_2_Example_Replace_bsp/\libhal_bsp.a(alt_find_file.o)
 .debug_info    0x0000000000004863      0x310 ../Lab_2_Example_Replace_bsp/\libhal_bsp.a(alt_get_fd.o)
 .debug_info    0x0000000000004b73       0xdc ../Lab_2_Example_Replace_bsp/\libhal_bsp.a(alt_icache_flush.o)
 .debug_info    0x0000000000004c4f      0x1e7 ../Lab_2_Example_Replace_bsp/\libhal_bsp.a(alt_instruction_exception_entry.o)
 .debug_info    0x0000000000004e36       0xfe c:/intelfpga/18.1/nios2eds/bin/gnu/h-x86_64-mingw32/bin/../lib/gcc/nios2-elf/5.3.0/../../../../../H-x86_64-mingw32/nios2-elf/lib\libc.a(lib_a-atexit.o)
 .debug_info    0x0000000000004f34      0x8e4 c:/intelfpga/18.1/nios2eds/bin/gnu/h-x86_64-mingw32/bin/../lib/gcc/nios2-elf/5.3.0/../../../../../H-x86_64-mingw32/nios2-elf/lib\libc.a(lib_a-exit.o)
 .debug_info    0x0000000000005818      0x8a1 c:/intelfpga/18.1/nios2eds/bin/gnu/h-x86_64-mingw32/bin/../lib/gcc/nios2-elf/5.3.0/../../../../../H-x86_64-mingw32/nios2-elf/lib\libc.a(lib_a-impure.o)
 .debug_info    0x00000000000060b9       0x8a c:/intelfpga/18.1/nios2eds/bin/gnu/h-x86_64-mingw32/bin/../lib/gcc/nios2-elf/5.3.0/../../../../../H-x86_64-mingw32/nios2-elf/lib\libc.a(lib_a-int_errno.o)
 .debug_info    0x0000000000006143      0x11a c:/intelfpga/18.1/nios2eds/bin/gnu/h-x86_64-mingw32/bin/../lib/gcc/nios2-elf/5.3.0/../../../../../H-x86_64-mingw32/nios2-elf/lib\libc.a(lib_a-memcmp.o)
 .debug_info    0x000000000000625d      0x144 c:/intelfpga/18.1/nios2eds/bin/gnu/h-x86_64-mingw32/bin/../lib/gcc/nios2-elf/5.3.0/../../../../../H-x86_64-mingw32/nios2-elf/lib\libc.a(lib_a-memcpy.o)
 .debug_info    0x00000000000063a1       0xe2 c:/intelfpga/18.1/nios2eds/bin/gnu/h-x86_64-mingw32/bin/../lib/gcc/nios2-elf/5.3.0/../../../../../H-x86_64-mingw32/nios2-elf/lib\libc.a(lib_a-strlen.o)
 .debug_info    0x0000000000006483      0x934 c:/intelfpga/18.1/nios2eds/bin/gnu/h-x86_64-mingw32/bin/../lib/gcc/nios2-elf/5.3.0/../../../../../H-x86_64-mingw32/nios2-elf/lib\libc.a(lib_a-__atexit.o)
 .debug_info    0x0000000000006db7      0x965 c:/intelfpga/18.1/nios2eds/bin/gnu/h-x86_64-mingw32/bin/../lib/gcc/nios2-elf/5.3.0/../../../../../H-x86_64-mingw32/nios2-elf/lib\libc.a(lib_a-__call_atexit.o)
 .debug_info    0x000000000000771c       0xec ../Lab_2_Example_Replace_bsp/\libhal_bsp.a(alt_exit.o)

.debug_abbrev   0x0000000000000000     0x2aa9
 *(.debug_abbrev)
 .debug_abbrev  0x0000000000000000       0x12 ../Lab_2_Example_Replace_bsp//obj/HAL/src/crt0.o
 .debug_abbrev  0x0000000000000012       0x6b obj/default/main.o
 .debug_abbrev  0x000000000000007d       0x9f ../Lab_2_Example_Replace_bsp/\libhal_bsp.a(alt_load.o)
 .debug_abbrev  0x000000000000011c       0xba ../Lab_2_Example_Replace_bsp/\libhal_bsp.a(alt_main.o)
 .debug_abbrev  0x00000000000001d6      0x187 ../Lab_2_Example_Replace_bsp/\libhal_bsp.a(alt_sys_init.o)
 .debug_abbrev  0x000000000000035d      0x127 ../Lab_2_Example_Replace_bsp/\libhal_bsp.a(altera_avalon_jtag_uart_fd.o)
 .debug_abbrev  0x0000000000000484      0x19e ../Lab_2_Example_Replace_bsp/\libhal_bsp.a(altera_avalon_jtag_uart_init.o)
 .debug_abbrev  0x0000000000000622      0x111 ../Lab_2_Example_Replace_bsp/\libhal_bsp.a(altera_avalon_jtag_uart_ioctl.o)
 .debug_abbrev  0x0000000000000733      0x1aa ../Lab_2_Example_Replace_bsp/\libhal_bsp.a(altera_avalon_jtag_uart_read.o)
 .debug_abbrev  0x00000000000008dd      0x1a8 ../Lab_2_Example_Replace_bsp/\libhal_bsp.a(altera_avalon_jtag_uart_write.o)
 .debug_abbrev  0x0000000000000a85      0x155 ../Lab_2_Example_Replace_bsp/\libhal_bsp.a(altera_avalon_timer_sc.o)
 .debug_abbrev  0x0000000000000bda      0x162 ../Lab_2_Example_Replace_bsp/\libhal_bsp.a(alt_alarm_start.o)
 .debug_abbrev  0x0000000000000d3c      0x11f ../Lab_2_Example_Replace_bsp/\libhal_bsp.a(alt_close.o)
 .debug_abbrev  0x0000000000000e5b       0x5a ../Lab_2_Example_Replace_bsp/\libhal_bsp.a(alt_dcache_flush_all.o)
 .debug_abbrev  0x0000000000000eb5       0xd9 ../Lab_2_Example_Replace_bsp/\libhal_bsp.a(alt_dev.o)
 .debug_abbrev  0x0000000000000f8e      0x114 ../Lab_2_Example_Replace_bsp/\libhal_bsp.a(alt_dev_llist_insert.o)
 .debug_abbrev  0x00000000000010a2       0x79 ../Lab_2_Example_Replace_bsp/\libhal_bsp.a(alt_do_ctors.o)
 .debug_abbrev  0x000000000000111b       0x79 ../Lab_2_Example_Replace_bsp/\libhal_bsp.a(alt_do_dtors.o)
 .debug_abbrev  0x0000000000001194       0x5a ../Lab_2_Example_Replace_bsp/\libhal_bsp.a(alt_errno.o)
 .debug_abbrev  0x00000000000011ee       0x42 ../Lab_2_Example_Replace_bsp/\libhal_bsp.a(alt_icache_flush_all.o)
 .debug_abbrev  0x0000000000001230      0x163 ../Lab_2_Example_Replace_bsp/\libhal_bsp.a(alt_iic.o)
 .debug_abbrev  0x0000000000001393      0x169 ../Lab_2_Example_Replace_bsp/\libhal_bsp.a(alt_iic_isr_register.o)
 .debug_abbrev  0x00000000000014fc      0x114 ../Lab_2_Example_Replace_bsp/\libhal_bsp.a(alt_io_redirect.o)
 .debug_abbrev  0x0000000000001610       0x12 ../Lab_2_Example_Replace_bsp/\libhal_bsp.a(alt_irq_entry.o)
 .debug_abbrev  0x0000000000001622      0x122 ../Lab_2_Example_Replace_bsp/\libhal_bsp.a(alt_irq_handler.o)
 .debug_abbrev  0x0000000000001744       0x40 ../Lab_2_Example_Replace_bsp/\libhal_bsp.a(alt_irq_vars.o)
 .debug_abbrev  0x0000000000001784      0x148 ../Lab_2_Example_Replace_bsp/\libhal_bsp.a(alt_open.o)
 .debug_abbrev  0x00000000000018cc       0xde ../Lab_2_Example_Replace_bsp/\libhal_bsp.a(alt_release_fd.o)
 .debug_abbrev  0x00000000000019aa      0x15a ../Lab_2_Example_Replace_bsp/\libhal_bsp.a(alt_tick.o)
 .debug_abbrev  0x0000000000001b04       0x42 ../Lab_2_Example_Replace_bsp/\libhal_bsp.a(altera_nios2_gen2_irq.o)
 .debug_abbrev  0x0000000000001b46       0x12 ../Lab_2_Example_Replace_bsp/\libhal_bsp.a(alt_exception_entry.o)
 .debug_abbrev  0x0000000000001b58       0xf0 ../Lab_2_Example_Replace_bsp/\libhal_bsp.a(alt_find_dev.o)
 .debug_abbrev  0x0000000000001c48       0xf0 ../Lab_2_Example_Replace_bsp/\libhal_bsp.a(alt_find_file.o)
 .debug_abbrev  0x0000000000001d38      0x10d ../Lab_2_Example_Replace_bsp/\libhal_bsp.a(alt_get_fd.o)
 .debug_abbrev  0x0000000000001e45       0x8c ../Lab_2_Example_Replace_bsp/\libhal_bsp.a(alt_icache_flush.o)
 .debug_abbrev  0x0000000000001ed1       0xdc ../Lab_2_Example_Replace_bsp/\libhal_bsp.a(alt_instruction_exception_entry.o)
 .debug_abbrev  0x0000000000001fad       0xaa c:/intelfpga/18.1/nios2eds/bin/gnu/h-x86_64-mingw32/bin/../lib/gcc/nios2-elf/5.3.0/../../../../../H-x86_64-mingw32/nios2-elf/lib\libc.a(lib_a-atexit.o)
 .debug_abbrev  0x0000000000002057      0x1e5 c:/intelfpga/18.1/nios2eds/bin/gnu/h-x86_64-mingw32/bin/../lib/gcc/nios2-elf/5.3.0/../../../../../H-x86_64-mingw32/nios2-elf/lib\libc.a(lib_a-exit.o)
 .debug_abbrev  0x000000000000223c      0x18f c:/intelfpga/18.1/nios2eds/bin/gnu/h-x86_64-mingw32/bin/../lib/gcc/nios2-elf/5.3.0/../../../../../H-x86_64-mingw32/nios2-elf/lib\libc.a(lib_a-impure.o)
 .debug_abbrev  0x00000000000023cb       0x37 c:/intelfpga/18.1/nios2eds/bin/gnu/h-x86_64-mingw32/bin/../lib/gcc/nios2-elf/5.3.0/../../../../../H-x86_64-mingw32/nios2-elf/lib\libc.a(lib_a-int_errno.o)
 .debug_abbrev  0x0000000000002402       0x7f c:/intelfpga/18.1/nios2eds/bin/gnu/h-x86_64-mingw32/bin/../lib/gcc/nios2-elf/5.3.0/../../../../../H-x86_64-mingw32/nios2-elf/lib\libc.a(lib_a-memcmp.o)
 .debug_abbrev  0x0000000000002481       0xa3 c:/intelfpga/18.1/nios2eds/bin/gnu/h-x86_64-mingw32/bin/../lib/gcc/nios2-elf/5.3.0/../../../../../H-x86_64-mingw32/nios2-elf/lib\libc.a(lib_a-memcpy.o)
 .debug_abbrev  0x0000000000002524       0x90 c:/intelfpga/18.1/nios2eds/bin/gnu/h-x86_64-mingw32/bin/../lib/gcc/nios2-elf/5.3.0/../../../../../H-x86_64-mingw32/nios2-elf/lib\libc.a(lib_a-strlen.o)
 .debug_abbrev  0x00000000000025b4      0x21e c:/intelfpga/18.1/nios2eds/bin/gnu/h-x86_64-mingw32/bin/../lib/gcc/nios2-elf/5.3.0/../../../../../H-x86_64-mingw32/nios2-elf/lib\libc.a(lib_a-__atexit.o)
 .debug_abbrev  0x00000000000027d2      0x22e c:/intelfpga/18.1/nios2eds/bin/gnu/h-x86_64-mingw32/bin/../lib/gcc/nios2-elf/5.3.0/../../../../../H-x86_64-mingw32/nios2-elf/lib\libc.a(lib_a-__call_atexit.o)
 .debug_abbrev  0x0000000000002a00       0xa9 ../Lab_2_Example_Replace_bsp/\libhal_bsp.a(alt_exit.o)

.debug_line     0x0000000000000000     0x2b3e
 *(.debug_line)
 .debug_line    0x0000000000000000       0x72 ../Lab_2_Example_Replace_bsp//obj/HAL/src/crt0.o
 .debug_line    0x0000000000000072      0x128 obj/default/main.o
 .debug_line    0x000000000000019a       0x8e ../Lab_2_Example_Replace_bsp/\libhal_bsp.a(alt_load.o)
 .debug_line    0x0000000000000228       0xa4 ../Lab_2_Example_Replace_bsp/\libhal_bsp.a(alt_main.o)
 .debug_line    0x00000000000002cc      0x151 ../Lab_2_Example_Replace_bsp/\libhal_bsp.a(alt_sys_init.o)
 .debug_line    0x000000000000041d      0x12f ../Lab_2_Example_Replace_bsp/\libhal_bsp.a(altera_avalon_jtag_uart_fd.o)
 .debug_line    0x000000000000054c      0x18b ../Lab_2_Example_Replace_bsp/\libhal_bsp.a(altera_avalon_jtag_uart_init.o)
 .debug_line    0x00000000000006d7      0x131 ../Lab_2_Example_Replace_bsp/\libhal_bsp.a(altera_avalon_jtag_uart_ioctl.o)
 .debug_line    0x0000000000000808      0x171 ../Lab_2_Example_Replace_bsp/\libhal_bsp.a(altera_avalon_jtag_uart_read.o)
 .debug_line    0x0000000000000979      0x170 ../Lab_2_Example_Replace_bsp/\libhal_bsp.a(altera_avalon_jtag_uart_write.o)
 .debug_line    0x0000000000000ae9       0xfd ../Lab_2_Example_Replace_bsp/\libhal_bsp.a(altera_avalon_timer_sc.o)
 .debug_line    0x0000000000000be6       0xf9 ../Lab_2_Example_Replace_bsp/\libhal_bsp.a(alt_alarm_start.o)
 .debug_line    0x0000000000000cdf      0x160 ../Lab_2_Example_Replace_bsp/\libhal_bsp.a(alt_close.o)
 .debug_line    0x0000000000000e3f       0x61 ../Lab_2_Example_Replace_bsp/\libhal_bsp.a(alt_dcache_flush_all.o)
 .debug_line    0x0000000000000ea0       0xf3 ../Lab_2_Example_Replace_bsp/\libhal_bsp.a(alt_dev.o)
 .debug_line    0x0000000000000f93       0xcf ../Lab_2_Example_Replace_bsp/\libhal_bsp.a(alt_dev_llist_insert.o)
 .debug_line    0x0000000000001062       0x59 ../Lab_2_Example_Replace_bsp/\libhal_bsp.a(alt_do_ctors.o)
 .debug_line    0x00000000000010bb       0x59 ../Lab_2_Example_Replace_bsp/\libhal_bsp.a(alt_do_dtors.o)
 .debug_line    0x0000000000001114       0x51 ../Lab_2_Example_Replace_bsp/\libhal_bsp.a(alt_errno.o)
 .debug_line    0x0000000000001165       0x50 ../Lab_2_Example_Replace_bsp/\libhal_bsp.a(alt_icache_flush_all.o)
 .debug_line    0x00000000000011b5       0xeb ../Lab_2_Example_Replace_bsp/\libhal_bsp.a(alt_iic.o)
 .debug_line    0x00000000000012a0       0xdb ../Lab_2_Example_Replace_bsp/\libhal_bsp.a(alt_iic_isr_register.o)
 .debug_line    0x000000000000137b      0x12e ../Lab_2_Example_Replace_bsp/\libhal_bsp.a(alt_io_redirect.o)
 .debug_line    0x00000000000014a9       0x6b ../Lab_2_Example_Replace_bsp/\libhal_bsp.a(alt_irq_entry.o)
 .debug_line    0x0000000000001514       0xaa ../Lab_2_Example_Replace_bsp/\libhal_bsp.a(alt_irq_handler.o)
 .debug_line    0x00000000000015be       0x50 ../Lab_2_Example_Replace_bsp/\libhal_bsp.a(alt_irq_vars.o)
 .debug_line    0x000000000000160e      0x128 ../Lab_2_Example_Replace_bsp/\libhal_bsp.a(alt_open.o)
 .debug_line    0x0000000000001736       0xae ../Lab_2_Example_Replace_bsp/\libhal_bsp.a(alt_release_fd.o)
 .debug_line    0x00000000000017e4       0xff ../Lab_2_Example_Replace_bsp/\libhal_bsp.a(alt_tick.o)
 .debug_line    0x00000000000018e3       0x51 ../Lab_2_Example_Replace_bsp/\libhal_bsp.a(altera_nios2_gen2_irq.o)
 .debug_line    0x0000000000001934       0xb3 ../Lab_2_Example_Replace_bsp/\libhal_bsp.a(alt_exception_entry.o)
 .debug_line    0x00000000000019e7       0xb5 ../Lab_2_Example_Replace_bsp/\libhal_bsp.a(alt_find_dev.o)
 .debug_line    0x0000000000001a9c       0xd1 ../Lab_2_Example_Replace_bsp/\libhal_bsp.a(alt_find_file.o)
 .debug_line    0x0000000000001b6d       0xd4 ../Lab_2_Example_Replace_bsp/\libhal_bsp.a(alt_get_fd.o)
 .debug_line    0x0000000000001c41       0x81 ../Lab_2_Example_Replace_bsp/\libhal_bsp.a(alt_icache_flush.o)
 .debug_line    0x0000000000001cc2       0xba ../Lab_2_Example_Replace_bsp/\libhal_bsp.a(alt_instruction_exception_entry.o)
 .debug_line    0x0000000000001d7c       0xe4 c:/intelfpga/18.1/nios2eds/bin/gnu/h-x86_64-mingw32/bin/../lib/gcc/nios2-elf/5.3.0/../../../../../H-x86_64-mingw32/nios2-elf/lib\libc.a(lib_a-atexit.o)
 .debug_line    0x0000000000001e60      0x1f9 c:/intelfpga/18.1/nios2eds/bin/gnu/h-x86_64-mingw32/bin/../lib/gcc/nios2-elf/5.3.0/../../../../../H-x86_64-mingw32/nios2-elf/lib\libc.a(lib_a-exit.o)
 .debug_line    0x0000000000002059      0x15d c:/intelfpga/18.1/nios2eds/bin/gnu/h-x86_64-mingw32/bin/../lib/gcc/nios2-elf/5.3.0/../../../../../H-x86_64-mingw32/nios2-elf/lib\libc.a(lib_a-impure.o)
 .debug_line    0x00000000000021b6       0x5c c:/intelfpga/18.1/nios2eds/bin/gnu/h-x86_64-mingw32/bin/../lib/gcc/nios2-elf/5.3.0/../../../../../H-x86_64-mingw32/nios2-elf/lib\libc.a(lib_a-int_errno.o)
 .debug_line    0x0000000000002212      0x173 c:/intelfpga/18.1/nios2eds/bin/gnu/h-x86_64-mingw32/bin/../lib/gcc/nios2-elf/5.3.0/../../../../../H-x86_64-mingw32/nios2-elf/lib\libc.a(lib_a-memcmp.o)
 .debug_line    0x0000000000002385      0x189 c:/intelfpga/18.1/nios2eds/bin/gnu/h-x86_64-mingw32/bin/../lib/gcc/nios2-elf/5.3.0/../../../../../H-x86_64-mingw32/nios2-elf/lib\libc.a(lib_a-memcpy.o)
 .debug_line    0x000000000000250e      0x16c c:/intelfpga/18.1/nios2eds/bin/gnu/h-x86_64-mingw32/bin/../lib/gcc/nios2-elf/5.3.0/../../../../../H-x86_64-mingw32/nios2-elf/lib\libc.a(lib_a-strlen.o)
 .debug_line    0x000000000000267a      0x21c c:/intelfpga/18.1/nios2eds/bin/gnu/h-x86_64-mingw32/bin/../lib/gcc/nios2-elf/5.3.0/../../../../../H-x86_64-mingw32/nios2-elf/lib\libc.a(lib_a-__atexit.o)
 .debug_line    0x0000000000002896      0x237 c:/intelfpga/18.1/nios2eds/bin/gnu/h-x86_64-mingw32/bin/../lib/gcc/nios2-elf/5.3.0/../../../../../H-x86_64-mingw32/nios2-elf/lib\libc.a(lib_a-__call_atexit.o)
 .debug_line    0x0000000000002acd       0x71 ../Lab_2_Example_Replace_bsp/\libhal_bsp.a(alt_exit.o)

.debug_frame    0x0000000000000000      0xb00
 *(.debug_frame)
 .debug_frame   0x0000000000000000       0x2c obj/default/main.o
 .debug_frame   0x000000000000002c       0x5c ../Lab_2_Example_Replace_bsp/\libhal_bsp.a(alt_load.o)
 .debug_frame   0x0000000000000088       0x2c ../Lab_2_Example_Replace_bsp/\libhal_bsp.a(alt_main.o)
 .debug_frame   0x00000000000000b4       0x88 ../Lab_2_Example_Replace_bsp/\libhal_bsp.a(alt_sys_init.o)
 .debug_frame   0x000000000000013c       0xb0 ../Lab_2_Example_Replace_bsp/\libhal_bsp.a(altera_avalon_jtag_uart_fd.o)
 .debug_frame   0x00000000000001ec       0xa4 ../Lab_2_Example_Replace_bsp/\libhal_bsp.a(altera_avalon_jtag_uart_init.o)
 .debug_frame   0x0000000000000290       0x34 ../Lab_2_Example_Replace_bsp/\libhal_bsp.a(altera_avalon_jtag_uart_ioctl.o)
 .debug_frame   0x00000000000002c4       0x38 ../Lab_2_Example_Replace_bsp/\libhal_bsp.a(altera_avalon_jtag_uart_read.o)
 .debug_frame   0x00000000000002fc       0x38 ../Lab_2_Example_Replace_bsp/\libhal_bsp.a(altera_avalon_jtag_uart_write.o)
 .debug_frame   0x0000000000000334       0x60 ../Lab_2_Example_Replace_bsp/\libhal_bsp.a(altera_avalon_timer_sc.o)
 .debug_frame   0x0000000000000394       0x34 ../Lab_2_Example_Replace_bsp/\libhal_bsp.a(alt_alarm_start.o)
 .debug_frame   0x00000000000003c8       0x60 ../Lab_2_Example_Replace_bsp/\libhal_bsp.a(alt_close.o)
 .debug_frame   0x0000000000000428       0x34 ../Lab_2_Example_Replace_bsp/\libhal_bsp.a(alt_dcache_flush_all.o)
 .debug_frame   0x000000000000045c       0x34 ../Lab_2_Example_Replace_bsp/\libhal_bsp.a(alt_dev.o)
 .debug_frame   0x0000000000000490       0x60 ../Lab_2_Example_Replace_bsp/\libhal_bsp.a(alt_dev_llist_insert.o)
 .debug_frame   0x00000000000004f0       0x38 ../Lab_2_Example_Replace_bsp/\libhal_bsp.a(alt_do_ctors.o)
 .debug_frame   0x0000000000000528       0x38 ../Lab_2_Example_Replace_bsp/\libhal_bsp.a(alt_do_dtors.o)
 .debug_frame   0x0000000000000560       0x38 ../Lab_2_Example_Replace_bsp/\libhal_bsp.a(alt_icache_flush_all.o)
 .debug_frame   0x0000000000000598       0xa4 ../Lab_2_Example_Replace_bsp/\libhal_bsp.a(alt_iic.o)
 .debug_frame   0x000000000000063c       0x38 ../Lab_2_Example_Replace_bsp/\libhal_bsp.a(alt_iic_isr_register.o)
 .debug_frame   0x0000000000000674       0x60 ../Lab_2_Example_Replace_bsp/\libhal_bsp.a(alt_io_redirect.o)
 .debug_frame   0x00000000000006d4       0x38 ../Lab_2_Example_Replace_bsp/\libhal_bsp.a(alt_irq_handler.o)
 .debug_frame   0x000000000000070c       0x84 ../Lab_2_Example_Replace_bsp/\libhal_bsp.a(alt_open.o)
 .debug_frame   0x0000000000000790       0x34 ../Lab_2_Example_Replace_bsp/\libhal_bsp.a(alt_release_fd.o)
 .debug_frame   0x00000000000007c4       0x5c ../Lab_2_Example_Replace_bsp/\libhal_bsp.a(alt_tick.o)
 .debug_frame   0x0000000000000820       0x34 ../Lab_2_Example_Replace_bsp/\libhal_bsp.a(altera_nios2_gen2_irq.o)
 .debug_frame   0x0000000000000854       0x38 ../Lab_2_Example_Replace_bsp/\libhal_bsp.a(alt_find_dev.o)
 .debug_frame   0x000000000000088c       0x38 ../Lab_2_Example_Replace_bsp/\libhal_bsp.a(alt_find_file.o)
 .debug_frame   0x00000000000008c4       0x34 ../Lab_2_Example_Replace_bsp/\libhal_bsp.a(alt_get_fd.o)
 .debug_frame   0x00000000000008f8       0x34 ../Lab_2_Example_Replace_bsp/\libhal_bsp.a(alt_icache_flush.o)
 .debug_frame   0x000000000000092c       0x5c ../Lab_2_Example_Replace_bsp/\libhal_bsp.a(alt_instruction_exception_entry.o)
 .debug_frame   0x0000000000000988       0x20 c:/intelfpga/18.1/nios2eds/bin/gnu/h-x86_64-mingw32/bin/../lib/gcc/nios2-elf/5.3.0/../../../../../H-x86_64-mingw32/nios2-elf/lib\libc.a(lib_a-atexit.o)
 .debug_frame   0x00000000000009a8       0x28 c:/intelfpga/18.1/nios2eds/bin/gnu/h-x86_64-mingw32/bin/../lib/gcc/nios2-elf/5.3.0/../../../../../H-x86_64-mingw32/nios2-elf/lib\libc.a(lib_a-exit.o)
 .debug_frame   0x00000000000009d0       0x20 c:/intelfpga/18.1/nios2eds/bin/gnu/h-x86_64-mingw32/bin/../lib/gcc/nios2-elf/5.3.0/../../../../../H-x86_64-mingw32/nios2-elf/lib\libc.a(lib_a-memcmp.o)
 .debug_frame   0x00000000000009f0       0x38 c:/intelfpga/18.1/nios2eds/bin/gnu/h-x86_64-mingw32/bin/../lib/gcc/nios2-elf/5.3.0/../../../../../H-x86_64-mingw32/nios2-elf/lib\libc.a(lib_a-memcpy.o)
 .debug_frame   0x0000000000000a28       0x20 c:/intelfpga/18.1/nios2eds/bin/gnu/h-x86_64-mingw32/bin/../lib/gcc/nios2-elf/5.3.0/../../../../../H-x86_64-mingw32/nios2-elf/lib\libc.a(lib_a-strlen.o)
 .debug_frame   0x0000000000000a48       0x38 c:/intelfpga/18.1/nios2eds/bin/gnu/h-x86_64-mingw32/bin/../lib/gcc/nios2-elf/5.3.0/../../../../../H-x86_64-mingw32/nios2-elf/lib\libc.a(lib_a-__atexit.o)
 .debug_frame   0x0000000000000a80       0x54 c:/intelfpga/18.1/nios2eds/bin/gnu/h-x86_64-mingw32/bin/../lib/gcc/nios2-elf/5.3.0/../../../../../H-x86_64-mingw32/nios2-elf/lib\libc.a(lib_a-__call_atexit.o)
 .debug_frame   0x0000000000000ad4       0x2c ../Lab_2_Example_Replace_bsp/\libhal_bsp.a(alt_exit.o)

.debug_str      0x0000000000000000     0x1ae3
 *(.debug_str)
 .debug_str     0x0000000000000000      0x12e obj/default/main.o
                                        0x17c (size before relaxing)
 .debug_str     0x000000000000012e      0x149 ../Lab_2_Example_Replace_bsp/\libhal_bsp.a(alt_load.o)
                                        0x22d (size before relaxing)
 .debug_str     0x0000000000000277       0x70 ../Lab_2_Example_Replace_bsp/\libhal_bsp.a(alt_main.o)
                                        0x1b8 (size before relaxing)
 .debug_str     0x00000000000002e7      0x1d1 ../Lab_2_Example_Replace_bsp/\libhal_bsp.a(alt_sys_init.o)
                                        0x3a9 (size before relaxing)
 .debug_str     0x00000000000004b8       0xb9 ../Lab_2_Example_Replace_bsp/\libhal_bsp.a(altera_avalon_jtag_uart_fd.o)
                                        0x3bf (size before relaxing)
 .debug_str     0x0000000000000571       0xd1 ../Lab_2_Example_Replace_bsp/\libhal_bsp.a(altera_avalon_jtag_uart_init.o)
                                        0x353 (size before relaxing)
 .debug_str     0x0000000000000642       0x4a ../Lab_2_Example_Replace_bsp/\libhal_bsp.a(altera_avalon_jtag_uart_ioctl.o)
                                        0x2ae (size before relaxing)
 .debug_str     0x000000000000068c       0x7f ../Lab_2_Example_Replace_bsp/\libhal_bsp.a(altera_avalon_jtag_uart_read.o)
                                        0x303 (size before relaxing)
 .debug_str     0x000000000000070b       0x4a ../Lab_2_Example_Replace_bsp/\libhal_bsp.a(altera_avalon_jtag_uart_write.o)
                                        0x304 (size before relaxing)
 .debug_str     0x0000000000000755       0x6d ../Lab_2_Example_Replace_bsp/\libhal_bsp.a(altera_avalon_timer_sc.o)
                                        0x266 (size before relaxing)
 .debug_str     0x00000000000007c2       0x59 ../Lab_2_Example_Replace_bsp/\libhal_bsp.a(alt_alarm_start.o)
                                        0x299 (size before relaxing)
 .debug_str     0x000000000000081b       0x44 ../Lab_2_Example_Replace_bsp/\libhal_bsp.a(alt_close.o)
                                        0x226 (size before relaxing)
 .debug_str     0x000000000000085f       0x34 ../Lab_2_Example_Replace_bsp/\libhal_bsp.a(alt_dcache_flush_all.o)
                                        0x170 (size before relaxing)
 .debug_str     0x0000000000000893      0x120 ../Lab_2_Example_Replace_bsp/\libhal_bsp.a(alt_dev.o)
                                        0x320 (size before relaxing)
 .debug_str     0x00000000000009b3       0x34 ../Lab_2_Example_Replace_bsp/\libhal_bsp.a(alt_dev_llist_insert.o)
                                        0x1e7 (size before relaxing)
 .debug_str     0x00000000000009e7       0x48 ../Lab_2_Example_Replace_bsp/\libhal_bsp.a(alt_do_ctors.o)
                                         0xeb (size before relaxing)
 .debug_str     0x0000000000000a2f       0x4c ../Lab_2_Example_Replace_bsp/\libhal_bsp.a(alt_do_dtors.o)
                                         0xea (size before relaxing)
 .debug_str     0x0000000000000a7b       0x14 ../Lab_2_Example_Replace_bsp/\libhal_bsp.a(alt_errno.o)
                                        0x160 (size before relaxing)
 .debug_str     0x0000000000000a8f       0x34 ../Lab_2_Example_Replace_bsp/\libhal_bsp.a(alt_icache_flush_all.o)
                                        0x170 (size before relaxing)
 .debug_str     0x0000000000000ac3       0xc4 ../Lab_2_Example_Replace_bsp/\libhal_bsp.a(alt_iic.o)
                                        0x259 (size before relaxing)
 .debug_str     0x0000000000000b87       0x4c ../Lab_2_Example_Replace_bsp/\libhal_bsp.a(alt_iic_isr_register.o)
                                        0x203 (size before relaxing)
 .debug_str     0x0000000000000bd3       0x56 ../Lab_2_Example_Replace_bsp/\libhal_bsp.a(alt_io_redirect.o)
                                        0x331 (size before relaxing)
 .debug_str     0x0000000000000c29       0x3a ../Lab_2_Example_Replace_bsp/\libhal_bsp.a(alt_irq_handler.o)
                                        0x1b2 (size before relaxing)
 .debug_str     0x0000000000000c63       0x17 ../Lab_2_Example_Replace_bsp/\libhal_bsp.a(alt_irq_vars.o)
                                        0x155 (size before relaxing)
 .debug_str     0x0000000000000c7a       0x2f ../Lab_2_Example_Replace_bsp/\libhal_bsp.a(alt_open.o)
                                        0x266 (size before relaxing)
 .debug_str     0x0000000000000ca9       0x28 ../Lab_2_Example_Replace_bsp/\libhal_bsp.a(alt_release_fd.o)
                                        0x1ee (size before relaxing)
 .debug_str     0x0000000000000cd1       0x4a ../Lab_2_Example_Replace_bsp/\libhal_bsp.a(alt_tick.o)
                                        0x26d (size before relaxing)
 .debug_str     0x0000000000000d1b       0x3b ../Lab_2_Example_Replace_bsp/\libhal_bsp.a(altera_nios2_gen2_irq.o)
                                        0x177 (size before relaxing)
 .debug_str     0x0000000000000d56       0x24 ../Lab_2_Example_Replace_bsp/\libhal_bsp.a(alt_find_dev.o)
                                        0x207 (size before relaxing)
 .debug_str     0x0000000000000d7a       0x26 ../Lab_2_Example_Replace_bsp/\libhal_bsp.a(alt_find_file.o)
                                        0x215 (size before relaxing)
 .debug_str     0x0000000000000da0       0x30 ../Lab_2_Example_Replace_bsp/\libhal_bsp.a(alt_get_fd.o)
                                        0x237 (size before relaxing)
 .debug_str     0x0000000000000dd0       0x2c ../Lab_2_Example_Replace_bsp/\libhal_bsp.a(alt_icache_flush.o)
                                        0x176 (size before relaxing)
 .debug_str     0x0000000000000dfc      0x48b ../Lab_2_Example_Replace_bsp/\libhal_bsp.a(alt_instruction_exception_entry.o)
                                        0x5bb (size before relaxing)
 .debug_str     0x0000000000001287      0x162 c:/intelfpga/18.1/nios2eds/bin/gnu/h-x86_64-mingw32/bin/../lib/gcc/nios2-elf/5.3.0/../../../../../H-x86_64-mingw32/nios2-elf/lib\libc.a(lib_a-atexit.o)
                                        0x207 (size before relaxing)
 .debug_str     0x00000000000013e9      0x3ac c:/intelfpga/18.1/nios2eds/bin/gnu/h-x86_64-mingw32/bin/../lib/gcc/nios2-elf/5.3.0/../../../../../H-x86_64-mingw32/nios2-elf/lib\libc.a(lib_a-exit.o)
                                        0x5a4 (size before relaxing)
 .debug_str     0x0000000000001795       0xc8 c:/intelfpga/18.1/nios2eds/bin/gnu/h-x86_64-mingw32/bin/../lib/gcc/nios2-elf/5.3.0/../../../../../H-x86_64-mingw32/nios2-elf/lib\libc.a(lib_a-impure.o)
                                        0x59b (size before relaxing)
 .debug_str     0x000000000000185d       0x3c c:/intelfpga/18.1/nios2eds/bin/gnu/h-x86_64-mingw32/bin/../lib/gcc/nios2-elf/5.3.0/../../../../../H-x86_64-mingw32/nios2-elf/lib\libc.a(lib_a-int_errno.o)
                                        0x1c3 (size before relaxing)
 .debug_str     0x0000000000001899       0xcc c:/intelfpga/18.1/nios2eds/bin/gnu/h-x86_64-mingw32/bin/../lib/gcc/nios2-elf/5.3.0/../../../../../H-x86_64-mingw32/nios2-elf/lib\libc.a(lib_a-memcmp.o)
                                        0x1ca (size before relaxing)
 .debug_str     0x0000000000001965       0x68 c:/intelfpga/18.1/nios2eds/bin/gnu/h-x86_64-mingw32/bin/../lib/gcc/nios2-elf/5.3.0/../../../../../H-x86_64-mingw32/nios2-elf/lib\libc.a(lib_a-memcpy.o)
                                        0x1f1 (size before relaxing)
 .debug_str     0x00000000000019cd       0x4e c:/intelfpga/18.1/nios2eds/bin/gnu/h-x86_64-mingw32/bin/../lib/gcc/nios2-elf/5.3.0/../../../../../H-x86_64-mingw32/nios2-elf/lib\libc.a(lib_a-strlen.o)
                                        0x1dd (size before relaxing)
 .debug_str     0x0000000000001a1b       0x3c c:/intelfpga/18.1/nios2eds/bin/gnu/h-x86_64-mingw32/bin/../lib/gcc/nios2-elf/5.3.0/../../../../../H-x86_64-mingw32/nios2-elf/lib\libc.a(lib_a-__atexit.o)
                                        0x5dc (size before relaxing)
 .debug_str     0x0000000000001a57       0x62 c:/intelfpga/18.1/nios2eds/bin/gnu/h-x86_64-mingw32/bin/../lib/gcc/nios2-elf/5.3.0/../../../../../H-x86_64-mingw32/nios2-elf/lib\libc.a(lib_a-__call_atexit.o)
                                        0x5c8 (size before relaxing)
 .debug_str     0x0000000000001ab9       0x2a ../Lab_2_Example_Replace_bsp/\libhal_bsp.a(alt_exit.o)
                                        0x16c (size before relaxing)

.debug_loc      0x0000000000000000      0x770
 *(.debug_loc)
 .debug_loc     0x0000000000000000       0x2c c:/intelfpga/18.1/nios2eds/bin/gnu/h-x86_64-mingw32/bin/../lib/gcc/nios2-elf/5.3.0/../../../../../H-x86_64-mingw32/nios2-elf/lib\libc.a(lib_a-atexit.o)
 .debug_loc     0x000000000000002c       0x1e c:/intelfpga/18.1/nios2eds/bin/gnu/h-x86_64-mingw32/bin/../lib/gcc/nios2-elf/5.3.0/../../../../../H-x86_64-mingw32/nios2-elf/lib\libc.a(lib_a-exit.o)
 .debug_loc     0x000000000000004a      0x126 c:/intelfpga/18.1/nios2eds/bin/gnu/h-x86_64-mingw32/bin/../lib/gcc/nios2-elf/5.3.0/../../../../../H-x86_64-mingw32/nios2-elf/lib\libc.a(lib_a-memcmp.o)
 .debug_loc     0x0000000000000170      0x266 c:/intelfpga/18.1/nios2eds/bin/gnu/h-x86_64-mingw32/bin/../lib/gcc/nios2-elf/5.3.0/../../../../../H-x86_64-mingw32/nios2-elf/lib\libc.a(lib_a-memcpy.o)
 .debug_loc     0x00000000000003d6       0x47 c:/intelfpga/18.1/nios2eds/bin/gnu/h-x86_64-mingw32/bin/../lib/gcc/nios2-elf/5.3.0/../../../../../H-x86_64-mingw32/nios2-elf/lib\libc.a(lib_a-strlen.o)
 .debug_loc     0x000000000000041d      0x185 c:/intelfpga/18.1/nios2eds/bin/gnu/h-x86_64-mingw32/bin/../lib/gcc/nios2-elf/5.3.0/../../../../../H-x86_64-mingw32/nios2-elf/lib\libc.a(lib_a-__atexit.o)
 .debug_loc     0x00000000000005a2      0x1ce c:/intelfpga/18.1/nios2eds/bin/gnu/h-x86_64-mingw32/bin/../lib/gcc/nios2-elf/5.3.0/../../../../../H-x86_64-mingw32/nios2-elf/lib\libc.a(lib_a-__call_atexit.o)

.debug_macinfo
 *(.debug_macinfo)

.debug_weaknames
 *(.debug_weaknames)

.debug_funcnames
 *(.debug_funcnames)

.debug_typenames
 *(.debug_typenames)

.debug_varnames
 *(.debug_varnames)

.debug_alt_sim_info
                0x0000000000000000       0x30
 *(.debug_alt_sim_info)
 .debug_alt_sim_info
                0x0000000000000000       0x30 ../Lab_2_Example_Replace_bsp//obj/HAL/src/crt0.o
                0x0000000008000000                __alt_data_end = 0x8000000
                0x0000000008000000                PROVIDE (__alt_stack_pointer, __alt_data_end)
                [!provide]                        PROVIDE (__alt_stack_limit, __alt_stack_base)
                [!provide]                        PROVIDE (__alt_heap_start, end)
                [!provide]                        PROVIDE (__alt_heap_limit, 0x8000000)
OUTPUT(Lab_2_Example_Replace.elf elf32-littlenios2)

.debug_ranges   0x0000000000000000      0x178
 .debug_ranges  0x0000000000000000       0x20 ../Lab_2_Example_Replace_bsp//obj/HAL/src/crt0.o
 .debug_ranges  0x0000000000000020       0x30 ../Lab_2_Example_Replace_bsp/\libhal_bsp.a(altera_avalon_jtag_uart_init.o)
 .debug_ranges  0x0000000000000050       0x18 ../Lab_2_Example_Replace_bsp/\libhal_bsp.a(altera_avalon_jtag_uart_read.o)
 .debug_ranges  0x0000000000000068       0x28 ../Lab_2_Example_Replace_bsp/\libhal_bsp.a(alt_irq_entry.o)
 .debug_ranges  0x0000000000000090       0x10 ../Lab_2_Example_Replace_bsp/\libhal_bsp.a(alt_irq_handler.o)
 .debug_ranges  0x00000000000000a0       0x30 ../Lab_2_Example_Replace_bsp/\libhal_bsp.a(alt_exception_entry.o)
 .debug_ranges  0x00000000000000d0       0x18 ../Lab_2_Example_Replace_bsp/\libhal_bsp.a(alt_instruction_exception_entry.o)
 .debug_ranges  0x00000000000000e8       0x10 c:/intelfpga/18.1/nios2eds/bin/gnu/h-x86_64-mingw32/bin/../lib/gcc/nios2-elf/5.3.0/../../../../../H-x86_64-mingw32/nios2-elf/lib\libc.a(lib_a-atexit.o)
 .debug_ranges  0x00000000000000f8       0x10 c:/intelfpga/18.1/nios2eds/bin/gnu/h-x86_64-mingw32/bin/../lib/gcc/nios2-elf/5.3.0/../../../../../H-x86_64-mingw32/nios2-elf/lib\libc.a(lib_a-exit.o)
 .debug_ranges  0x0000000000000108       0x10 c:/intelfpga/18.1/nios2eds/bin/gnu/h-x86_64-mingw32/bin/../lib/gcc/nios2-elf/5.3.0/../../../../../H-x86_64-mingw32/nios2-elf/lib\libc.a(lib_a-memcmp.o)
 .debug_ranges  0x0000000000000118       0x10 c:/intelfpga/18.1/nios2eds/bin/gnu/h-x86_64-mingw32/bin/../lib/gcc/nios2-elf/5.3.0/../../../../../H-x86_64-mingw32/nios2-elf/lib\libc.a(lib_a-memcpy.o)
 .debug_ranges  0x0000000000000128       0x10 c:/intelfpga/18.1/nios2eds/bin/gnu/h-x86_64-mingw32/bin/../lib/gcc/nios2-elf/5.3.0/../../../../../H-x86_64-mingw32/nios2-elf/lib\libc.a(lib_a-strlen.o)
 .debug_ranges  0x0000000000000138       0x10 c:/intelfpga/18.1/nios2eds/bin/gnu/h-x86_64-mingw32/bin/../lib/gcc/nios2-elf/5.3.0/../../../../../H-x86_64-mingw32/nios2-elf/lib\libc.a(lib_a-__atexit.o)
 .debug_ranges  0x0000000000000148       0x30 c:/intelfpga/18.1/nios2eds/bin/gnu/h-x86_64-mingw32/bin/../lib/gcc/nios2-elf/5.3.0/../../../../../H-x86_64-mingw32/nios2-elf/lib\libc.a(lib_a-__call_atexit.o)
