Archive member included to satisfy reference by file (symbol)

../Lab_2_Example_Replace_bsp/\libhal_bsp.a(alt_load.o)
                              ../Lab_2_Example_Replace_bsp//obj/HAL/src/crt0.o (alt_load)
../Lab_2_Example_Replace_bsp/\libhal_bsp.a(alt_main.o)
                              ../Lab_2_Example_Replace_bsp//obj/HAL/src/crt0.o (alt_main)
../Lab_2_Example_Replace_bsp/\libhal_bsp.a(alt_sys_init.o)
                              ../Lab_2_Example_Replace_bsp/\libhal_bsp.a(alt_main.o) (alt_irq_init)
../Lab_2_Example_Replace_bsp/\libhal_bsp.a(altera_avalon_jtag_uart_fd.o)
                              ../Lab_2_Example_Replace_bsp/\libhal_bsp.a(alt_sys_init.o) (altera_avalon_jtag_uart_read_fd)
../Lab_2_Example_Replace_bsp/\libhal_bsp.a(altera_avalon_jtag_uart_init.o)
                              ../Lab_2_Example_Replace_bsp/\libhal_bsp.a(alt_sys_init.o) (altera_avalon_jtag_uart_init)
../Lab_2_Example_Replace_bsp/\libhal_bsp.a(altera_avalon_jtag_uart_ioctl.o)
                              ../Lab_2_Example_Replace_bsp/\libhal_bsp.a(altera_avalon_jtag_uart_fd.o) (altera_avalon_jtag_uart_ioctl)
../Lab_2_Example_Replace_bsp/\libhal_bsp.a(altera_avalon_jtag_uart_read.o)
                              ../Lab_2_Example_Replace_bsp/\libhal_bsp.a(altera_avalon_jtag_uart_fd.o) (altera_avalon_jtag_uart_read)
../Lab_2_Example_Replace_bsp/\libhal_bsp.a(altera_avalon_jtag_uart_write.o)
                              ../Lab_2_Example_Replace_bsp/\libhal_bsp.a(altera_avalon_jtag_uart_fd.o) (altera_avalon_jtag_uart_write)
../Lab_2_Example_Replace_bsp/\libhal_bsp.a(altera_avalon_timer_sc.o)
                              ../Lab_2_Example_Replace_bsp/\libhal_bsp.a(alt_sys_init.o) (alt_avalon_timer_sc_init)
../Lab_2_Example_Replace_bsp/\libhal_bsp.a(alt_alarm_start.o)
                              ../Lab_2_Example_Replace_bsp/\libhal_bsp.a(altera_avalon_jtag_uart_init.o) (alt_alarm_start)
../Lab_2_Example_Replace_bsp/\libhal_bsp.a(alt_close.o)
                              ../Lab_2_Example_Replace_bsp/\libhal_bsp.a(alt_main.o) (close)
../Lab_2_Example_Replace_bsp/\libhal_bsp.a(alt_dcache_flush_all.o)
                              ../Lab_2_Example_Replace_bsp/\libhal_bsp.a(alt_load.o) (alt_dcache_flush_all)
../Lab_2_Example_Replace_bsp/\libhal_bsp.a(alt_dev.o)
                              ../Lab_2_Example_Replace_bsp/\libhal_bsp.a(alt_sys_init.o) (alt_dev_list)
../Lab_2_Example_Replace_bsp/\libhal_bsp.a(alt_dev_llist_insert.o)
                              ../Lab_2_Example_Replace_bsp/\libhal_bsp.a(alt_sys_init.o) (alt_dev_llist_insert)
../Lab_2_Example_Replace_bsp/\libhal_bsp.a(alt_do_ctors.o)
                              ../Lab_2_Example_Replace_bsp/\libhal_bsp.a(alt_main.o) (_do_ctors)
../Lab_2_Example_Replace_bsp/\libhal_bsp.a(alt_do_dtors.o)
                              ../Lab_2_Example_Replace_bsp/\libhal_bsp.a(alt_main.o) (_do_dtors)
../Lab_2_Example_Replace_bsp/\libhal_bsp.a(alt_errno.o)
                              ../Lab_2_Example_Replace_bsp/\libhal_bsp.a(alt_close.o) (alt_errno)
../Lab_2_Example_Replace_bsp/\libhal_bsp.a(alt_icache_flush_all.o)
                              ../Lab_2_Example_Replace_bsp/\libhal_bsp.a(alt_load.o) (alt_icache_flush_all)
../Lab_2_Example_Replace_bsp/\libhal_bsp.a(alt_iic.o)
                              ../Lab_2_Example_Replace_bsp/\libhal_bsp.a(altera_avalon_jtag_uart_init.o) (alt_ic_isr_register)
../Lab_2_Example_Replace_bsp/\libhal_bsp.a(alt_iic_isr_register.o)
                              ../Lab_2_Example_Replace_bsp/\libhal_bsp.a(alt_iic.o) (alt_iic_isr_register)
../Lab_2_Example_Replace_bsp/\libhal_bsp.a(alt_io_redirect.o)
                              ../Lab_2_Example_Replace_bsp/\libhal_bsp.a(alt_main.o) (alt_io_redirect)
../Lab_2_Example_Replace_bsp/\libhal_bsp.a(alt_irq_entry.o)
                              ../Lab_2_Example_Replace_bsp/\libhal_bsp.a(alt_iic_isr_register.o) (alt_irq_entry)
../Lab_2_Example_Replace_bsp/\libhal_bsp.a(alt_irq_handler.o)
                              ../Lab_2_Example_Replace_bsp/\libhal_bsp.a(alt_iic_isr_register.o) (alt_irq)
../Lab_2_Example_Replace_bsp/\libhal_bsp.a(alt_irq_vars.o)
                              ../Lab_2_Example_Replace_bsp/\libhal_bsp.a(alt_iic.o) (alt_irq_active)
../Lab_2_Example_Replace_bsp/\libhal_bsp.a(alt_open.o)
                              ../Lab_2_Example_Replace_bsp/\libhal_bsp.a(alt_io_redirect.o) (open)
../Lab_2_Example_Replace_bsp/\libhal_bsp.a(alt_release_fd.o)
                              ../Lab_2_Example_Replace_bsp/\libhal_bsp.a(alt_close.o) (alt_release_fd)
../Lab_2_Example_Replace_bsp/\libhal_bsp.a(alt_tick.o)
                              ../Lab_2_Example_Replace_bsp/\libhal_bsp.a(altera_avalon_jtag_uart_init.o) (_alt_tick_rate)
../Lab_2_Example_Replace_bsp/\libhal_bsp.a(altera_nios2_gen2_irq.o)
                              ../Lab_2_Example_Replace_bsp/\libhal_bsp.a(alt_sys_init.o) (altera_nios2_gen2_irq_init)
../Lab_2_Example_Replace_bsp/\libhal_bsp.a(alt_exception_entry.o)
                              ../Lab_2_Example_Replace_bsp/\libhal_bsp.a(alt_irq_entry.o) (alt_exception)
../Lab_2_Example_Replace_bsp/\libhal_bsp.a(alt_find_dev.o)
                              ../Lab_2_Example_Replace_bsp/\libhal_bsp.a(alt_open.o) (alt_find_dev)
../Lab_2_Example_Replace_bsp/\libhal_bsp.a(alt_find_file.o)
                              ../Lab_2_Example_Replace_bsp/\libhal_bsp.a(alt_open.o) (alt_find_file)
../Lab_2_Example_Replace_bsp/\libhal_bsp.a(alt_get_fd.o)
                              ../Lab_2_Example_Replace_bsp/\libhal_bsp.a(alt_open.o) (alt_get_fd)
../Lab_2_Example_Replace_bsp/\libhal_bsp.a(alt_icache_flush.o)
                              ../Lab_2_Example_Replace_bsp/\libhal_bsp.a(alt_icache_flush_all.o) (alt_icache_flush)
../Lab_2_Example_Replace_bsp/\libhal_bsp.a(alt_instruction_exception_entry.o)
                              ../Lab_2_Example_Replace_bsp/\libhal_bsp.a(alt_exception_entry.o) (alt_instruction_exception_entry)
d:/quartus/nios2eds/bin/gnu/h-x86_64-mingw32/bin/../lib/gcc/nios2-elf/5.3.0/../../../../../H-x86_64-mingw32/nios2-elf/lib\libc.a(lib_a-atexit.o)
                              ../Lab_2_Example_Replace_bsp/\libhal_bsp.a(alt_main.o) (atexit)
d:/quartus/nios2eds/bin/gnu/h-x86_64-mingw32/bin/../lib/gcc/nios2-elf/5.3.0/../../../../../H-x86_64-mingw32/nios2-elf/lib\libc.a(lib_a-exit.o)
                              ../Lab_2_Example_Replace_bsp/\libhal_bsp.a(alt_main.o) (exit)
d:/quartus/nios2eds/bin/gnu/h-x86_64-mingw32/bin/../lib/gcc/nios2-elf/5.3.0/../../../../../H-x86_64-mingw32/nios2-elf/lib\libc.a(lib_a-impure.o)
                              d:/quartus/nios2eds/bin/gnu/h-x86_64-mingw32/bin/../lib/gcc/nios2-elf/5.3.0/../../../../../H-x86_64-mingw32/nios2-elf/lib\libc.a(lib_a-exit.o) (_global_impure_ptr)
d:/quartus/nios2eds/bin/gnu/h-x86_64-mingw32/bin/../lib/gcc/nios2-elf/5.3.0/../../../../../H-x86_64-mingw32/nios2-elf/lib\libc.a(lib_a-int_errno.o)
                              ../Lab_2_Example_Replace_bsp/\libhal_bsp.a(alt_close.o) (errno)
d:/quartus/nios2eds/bin/gnu/h-x86_64-mingw32/bin/../lib/gcc/nios2-elf/5.3.0/../../../../../H-x86_64-mingw32/nios2-elf/lib\libc.a(lib_a-memcmp.o)
                              ../Lab_2_Example_Replace_bsp/\libhal_bsp.a(alt_find_dev.o) (memcmp)
d:/quartus/nios2eds/bin/gnu/h-x86_64-mingw32/bin/../lib/gcc/nios2-elf/5.3.0/../../../../../H-x86_64-mingw32/nios2-elf/lib\libc.a(lib_a-memcpy.o)
                              ../Lab_2_Example_Replace_bsp/\libhal_bsp.a(altera_avalon_jtag_uart_read.o) (memcpy)
d:/quartus/nios2eds/bin/gnu/h-x86_64-mingw32/bin/../lib/gcc/nios2-elf/5.3.0/../../../../../H-x86_64-mingw32/nios2-elf/lib\libc.a(lib_a-strlen.o)
                              ../Lab_2_Example_Replace_bsp/\libhal_bsp.a(alt_find_dev.o) (strlen)
d:/quartus/nios2eds/bin/gnu/h-x86_64-mingw32/bin/../lib/gcc/nios2-elf/5.3.0/../../../../../H-x86_64-mingw32/nios2-elf/lib\libc.a(lib_a-__atexit.o)
                              d:/quartus/nios2eds/bin/gnu/h-x86_64-mingw32/bin/../lib/gcc/nios2-elf/5.3.0/../../../../../H-x86_64-mingw32/nios2-elf/lib\libc.a(lib_a-atexit.o) (__register_exitproc)
d:/quartus/nios2eds/bin/gnu/h-x86_64-mingw32/bin/../lib/gcc/nios2-elf/5.3.0/../../../../../H-x86_64-mingw32/nios2-elf/lib\libc.a(lib_a-__call_atexit.o)
                              d:/quartus/nios2eds/bin/gnu/h-x86_64-mingw32/bin/../lib/gcc/nios2-elf/5.3.0/../../../../../H-x86_64-mingw32/nios2-elf/lib\libc.a(lib_a-exit.o) (__call_exitprocs)
../Lab_2_Example_Replace_bsp/\libhal_bsp.a(alt_exit.o)
                              d:/quartus/nios2eds/bin/gnu/h-x86_64-mingw32/bin/../lib/gcc/nios2-elf/5.3.0/../../../../../H-x86_64-mingw32/nios2-elf/lib\libc.a(lib_a-exit.o) (_exit)

Allocating common symbols
Common symbol       size              file

alt_irq             0x100             ../Lab_2_Example_Replace_bsp/\libhal_bsp.a(alt_irq_handler.o)
errno               0x4               d:/quartus/nios2eds/bin/gnu/h-x86_64-mingw32/bin/../lib/gcc/nios2-elf/5.3.0/../../../../../H-x86_64-mingw32/nios2-elf/lib\libc.a(lib_a-int_errno.o)

Memory Configuration

Name             Origin             Length             Attributes
reset            0x0000000004000000 0x0000000000000020
sdram            0x0000000004000020 0x0000000003ffffe0
onchip_memory    0x0000000008008000 0x0000000000005000
*default*        0x0000000000000000 0xffffffffffffffff

Linker script and memory map

LOAD ../Lab_2_Example_Replace_bsp//obj/HAL/src/crt0.o
LOAD obj/default/main.o
LOAD d:/quartus/nios2eds/bin/gnu/h-x86_64-mingw32/bin/../lib/gcc/nios2-elf/5.3.0/../../../../../H-x86_64-mingw32/nios2-elf/lib\libstdc++.a
LOAD d:/quartus/nios2eds/bin/gnu/h-x86_64-mingw32/bin/../lib/gcc/nios2-elf/5.3.0/../../../../../H-x86_64-mingw32/nios2-elf/lib\libm.a
LOAD d:/quartus/nios2eds/bin/gnu/h-x86_64-mingw32/bin/../lib/gcc/nios2-elf/5.3.0\libgcc.a
START GROUP
LOAD d:/quartus/nios2eds/bin/gnu/h-x86_64-mingw32/bin/../lib/gcc/nios2-elf/5.3.0/../../../../../H-x86_64-mingw32/nios2-elf/lib\libc.a
LOAD d:/quartus/nios2eds/bin/gnu/h-x86_64-mingw32/bin/../lib/gcc/nios2-elf/5.3.0\libgcc.a
LOAD ../Lab_2_Example_Replace_bsp/\libhal_bsp.a
LOAD d:/quartus/nios2eds/bin/gnu/h-x86_64-mingw32/bin/../lib/gcc/nios2-elf/5.3.0/../../../../../H-x86_64-mingw32/nios2-elf/lib\libm.a
END GROUP
LOAD d:/quartus/nios2eds/bin/gnu/h-x86_64-mingw32/bin/../lib/gcc/nios2-elf/5.3.0\libgcc.a
                0x0000000004000000                __alt_mem_sdram = 0x4000000
                0x0000000008008000                __alt_mem_onchip_memory = 0x8008000

.entry          0x0000000004000000       0x20
 *(.entry)
 .entry         0x0000000004000000       0x20 ../Lab_2_Example_Replace_bsp//obj/HAL/src/crt0.o
                0x0000000004000000                __reset

.exceptions     0x0000000004000020      0x224
                0x0000000004000020                PROVIDE (__ram_exceptions_start, ABSOLUTE (.))
                0x0000000004000020                . = ALIGN (0x20)
 *(.irq)
 *(.exceptions.entry.label)
 .exceptions.entry.label
                0x0000000004000020        0x0 ../Lab_2_Example_Replace_bsp/\libhal_bsp.a(alt_irq_entry.o)
                0x0000000004000020                alt_irq_entry
 .exceptions.entry.label
                0x0000000004000020        0x0 ../Lab_2_Example_Replace_bsp/\libhal_bsp.a(alt_exception_entry.o)
                0x0000000004000020                alt_exception
 *(.exceptions.entry.user)
 *(.exceptions.entry.ecc_fatal)
 *(.exceptions.entry)
 .exceptions.entry
                0x0000000004000020       0x54 ../Lab_2_Example_Replace_bsp/\libhal_bsp.a(alt_exception_entry.o)
 *(.exceptions.irqtest.user)
 *(.exceptions.irqtest)
 .exceptions.irqtest
                0x0000000004000074       0x10 ../Lab_2_Example_Replace_bsp/\libhal_bsp.a(alt_irq_entry.o)
 *(.exceptions.irqhandler.user)
 *(.exceptions.irqhandler)
 .exceptions.irqhandler
                0x0000000004000084        0x4 ../Lab_2_Example_Replace_bsp/\libhal_bsp.a(alt_irq_entry.o)
 *(.exceptions.irqreturn.user)
 *(.exceptions.irqreturn)
 .exceptions.irqreturn
                0x0000000004000088        0x4 ../Lab_2_Example_Replace_bsp/\libhal_bsp.a(alt_irq_entry.o)
 *(.exceptions.notirq.label)
 .exceptions.notirq.label
                0x000000000400008c        0x0 ../Lab_2_Example_Replace_bsp/\libhal_bsp.a(alt_irq_entry.o)
 *(.exceptions.notirq.user)
 *(.exceptions.notirq)
 .exceptions.notirq
                0x000000000400008c        0x8 ../Lab_2_Example_Replace_bsp/\libhal_bsp.a(alt_exception_entry.o)
 *(.exceptions.soft.user)
 *(.exceptions.soft)
 *(.exceptions.unknown.user)
 *(.exceptions.unknown)
 .exceptions.unknown
                0x0000000004000094       0x14 ../Lab_2_Example_Replace_bsp/\libhal_bsp.a(alt_exception_entry.o)
 *(.exceptions.exit.label)
 .exceptions.exit.label
                0x00000000040000a8        0x0 ../Lab_2_Example_Replace_bsp/\libhal_bsp.a(alt_irq_entry.o)
 .exceptions.exit.label
                0x00000000040000a8        0x0 ../Lab_2_Example_Replace_bsp/\libhal_bsp.a(alt_exception_entry.o)
 *(.exceptions.exit.user)
 *(.exceptions.exit)
 .exceptions.exit
                0x00000000040000a8       0x54 ../Lab_2_Example_Replace_bsp/\libhal_bsp.a(alt_exception_entry.o)
 *(.exceptions)
 .exceptions    0x00000000040000fc       0xd4 ../Lab_2_Example_Replace_bsp/\libhal_bsp.a(alt_irq_handler.o)
                0x00000000040000fc                alt_irq_handler
 .exceptions    0x00000000040001d0       0x74 ../Lab_2_Example_Replace_bsp/\libhal_bsp.a(alt_instruction_exception_entry.o)
                0x00000000040001d0                alt_instruction_exception_entry
                0x0000000004000244                PROVIDE (__ram_exceptions_end, ABSOLUTE (.))
                0x0000000004000020                PROVIDE (__flash_exceptions_start, LOADADDR (.exceptions))

.text           0x0000000004000244     0x25b4
                [!provide]                        PROVIDE (stext, ABSOLUTE (.))
 *(.interp)
 *(.hash)
 *(.dynsym)
 *(.dynstr)
 *(.gnu.version)
 *(.gnu.version_d)
 *(.gnu.version_r)
 *(.rel.init)
 *(.rela.init)
 *(.rel.text .rel.text.* .rel.gnu.linkonce.t.*)
 *(.rela.text .rela.text.* .rela.gnu.linkonce.t.*)
 *(.rel.fini)
 *(.rela.fini)
 *(.rel.rodata .rel.rodata.* .rel.gnu.linkonce.r.*)
 *(.rela.rodata .rela.rodata.* .rela.gnu.linkonce.r.*)
 *(.rel.data .rel.data.* .rel.gnu.linkonce.d.*)
 *(.rela.data .rela.data.* .rela.gnu.linkonce.d.*)
 *(.rel.tdata .rel.tdata.* .rel.gnu.linkonce.td.*)
 *(.rela.tdata .rela.tdata.* .rela.gnu.linkonce.td.*)
 *(.rel.tbss .rel.tbss.* .rel.gnu.linkonce.tb.*)
 *(.rela.tbss .rela.tbss.* .rela.gnu.linkonce.tb.*)
 *(.rel.ctors)
 *(.rela.ctors)
 *(.rel.dtors)
 *(.rela.dtors)
 *(.rel.got)
 *(.rela.got)
 *(.rel.sdata .rel.sdata.* .rel.gnu.linkonce.s.*)
 *(.rela.sdata .rela.sdata.* .rela.gnu.linkonce.s.*)
 *(.rel.sbss .rel.sbss.* .rel.gnu.linkonce.sb.*)
 *(.rela.sbss .rela.sbss.* .rela.gnu.linkonce.sb.*)
 *(.rel.sdata2 .rel.sdata2.* .rel.gnu.linkonce.s2.*)
 *(.rela.sdata2 .rela.sdata2.* .rela.gnu.linkonce.s2.*)
 *(.rel.sbss2 .rel.sbss2.* .rel.gnu.linkonce.sb2.*)
 *(.rela.sbss2 .rela.sbss2.* .rela.gnu.linkonce.sb2.*)
 *(.rel.bss .rel.bss.* .rel.gnu.linkonce.b.*)
 *(.rela.bss .rela.bss.* .rela.gnu.linkonce.b.*)
 *(.rel.plt)
 *(.rela.plt)
 *(.rel.dyn)
 *(.init)
 *(.plt)
 *(.text .stub .text.* .gnu.linkonce.t.*)
 .text          0x0000000004000244       0x4c ../Lab_2_Example_Replace_bsp//obj/HAL/src/crt0.o
                0x0000000004000244                _start
 .text          0x0000000004000290      0x21c obj/default/main.o
                0x0000000004000290                display_count
                0x0000000004000354                main
 .text          0x00000000040004ac       0xec ../Lab_2_Example_Replace_bsp/\libhal_bsp.a(alt_load.o)
                0x0000000004000514                alt_load
 .text          0x0000000004000598       0x7c ../Lab_2_Example_Replace_bsp/\libhal_bsp.a(alt_main.o)
                0x0000000004000598                alt_main
 .text          0x0000000004000614       0xcc ../Lab_2_Example_Replace_bsp/\libhal_bsp.a(alt_sys_init.o)
                0x0000000004000648                alt_irq_init
                0x0000000004000680                alt_sys_init
 .text          0x00000000040006e0      0x164 ../Lab_2_Example_Replace_bsp/\libhal_bsp.a(altera_avalon_jtag_uart_fd.o)
                0x00000000040006e0                altera_avalon_jtag_uart_read_fd
                0x0000000004000740                altera_avalon_jtag_uart_write_fd
                0x00000000040007a0                altera_avalon_jtag_uart_close_fd
                0x00000000040007f0                altera_avalon_jtag_uart_ioctl_fd
 .text          0x0000000004000844      0x3d4 ../Lab_2_Example_Replace_bsp/\libhal_bsp.a(altera_avalon_jtag_uart_init.o)
                0x0000000004000844                altera_avalon_jtag_uart_init
                0x0000000004000bb0                altera_avalon_jtag_uart_close
 .text          0x0000000004000c18       0xf0 ../Lab_2_Example_Replace_bsp/\libhal_bsp.a(altera_avalon_jtag_uart_ioctl.o)
                0x0000000004000c18                altera_avalon_jtag_uart_ioctl
 .text          0x0000000004000d08      0x21c ../Lab_2_Example_Replace_bsp/\libhal_bsp.a(altera_avalon_jtag_uart_read.o)
                0x0000000004000d08                altera_avalon_jtag_uart_read
 .text          0x0000000004000f24      0x224 ../Lab_2_Example_Replace_bsp/\libhal_bsp.a(altera_avalon_jtag_uart_write.o)
                0x0000000004000f24                altera_avalon_jtag_uart_write
 .text          0x0000000004001148       0xf4 ../Lab_2_Example_Replace_bsp/\libhal_bsp.a(altera_avalon_timer_sc.o)
                0x00000000040011c0                alt_avalon_timer_sc_init
 .text          0x000000000400123c      0x12c ../Lab_2_Example_Replace_bsp/\libhal_bsp.a(alt_alarm_start.o)
                0x000000000400123c                alt_alarm_start
 .text          0x0000000004001368      0x10c ../Lab_2_Example_Replace_bsp/\libhal_bsp.a(alt_close.o)
                0x00000000040013a4                close
 .text          0x0000000004001474       0x48 ../Lab_2_Example_Replace_bsp/\libhal_bsp.a(alt_dcache_flush_all.o)
                0x0000000004001474                alt_dcache_flush_all
 .text          0x00000000040014bc       0x2c ../Lab_2_Example_Replace_bsp/\libhal_bsp.a(alt_dev.o)
 .text          0x00000000040014e8       0xe0 ../Lab_2_Example_Replace_bsp/\libhal_bsp.a(alt_dev_llist_insert.o)
                0x0000000004001524                alt_dev_llist_insert
 .text          0x00000000040015c8       0x60 ../Lab_2_Example_Replace_bsp/\libhal_bsp.a(alt_do_ctors.o)
                0x00000000040015c8                _do_ctors
 .text          0x0000000004001628       0x60 ../Lab_2_Example_Replace_bsp/\libhal_bsp.a(alt_do_dtors.o)
                0x0000000004001628                _do_dtors
 .text          0x0000000004001688        0x0 ../Lab_2_Example_Replace_bsp/\libhal_bsp.a(alt_errno.o)
 .text          0x0000000004001688       0x34 ../Lab_2_Example_Replace_bsp/\libhal_bsp.a(alt_icache_flush_all.o)
                0x0000000004001688                alt_icache_flush_all
 .text          0x00000000040016bc      0x1b0 ../Lab_2_Example_Replace_bsp/\libhal_bsp.a(alt_iic.o)
                0x00000000040016bc                alt_ic_isr_register
                0x000000000400170c                alt_ic_irq_enable
                0x0000000004001794                alt_ic_irq_disable
                0x0000000004001820                alt_ic_irq_enabled
 .text          0x000000000400186c       0xf0 ../Lab_2_Example_Replace_bsp/\libhal_bsp.a(alt_iic_isr_register.o)
                0x000000000400186c                alt_iic_isr_register
 .text          0x000000000400195c      0x140 ../Lab_2_Example_Replace_bsp/\libhal_bsp.a(alt_io_redirect.o)
                0x0000000004001a20                alt_io_redirect
 .text          0x0000000004001a9c        0x0 ../Lab_2_Example_Replace_bsp/\libhal_bsp.a(alt_irq_entry.o)
 .text          0x0000000004001a9c        0x0 ../Lab_2_Example_Replace_bsp/\libhal_bsp.a(alt_irq_handler.o)
 .text          0x0000000004001a9c        0x0 ../Lab_2_Example_Replace_bsp/\libhal_bsp.a(alt_irq_vars.o)
 .text          0x0000000004001a9c      0x254 ../Lab_2_Example_Replace_bsp/\libhal_bsp.a(alt_open.o)
                0x0000000004001b9c                open
 .text          0x0000000004001cf0       0x64 ../Lab_2_Example_Replace_bsp/\libhal_bsp.a(alt_release_fd.o)
                0x0000000004001cf0                alt_release_fd
 .text          0x0000000004001d54      0x1a4 ../Lab_2_Example_Replace_bsp/\libhal_bsp.a(alt_tick.o)
                0x0000000004001d54                alt_alarm_stop
                0x0000000004001df0                alt_tick
 .text          0x0000000004001ef8       0x24 ../Lab_2_Example_Replace_bsp/\libhal_bsp.a(altera_nios2_gen2_irq.o)
                0x0000000004001ef8                altera_nios2_gen2_irq_init
 .text          0x0000000004001f1c        0x0 ../Lab_2_Example_Replace_bsp/\libhal_bsp.a(alt_exception_entry.o)
 .text          0x0000000004001f1c       0x90 ../Lab_2_Example_Replace_bsp/\libhal_bsp.a(alt_find_dev.o)
                0x0000000004001f1c                alt_find_dev
 .text          0x0000000004001fac      0x108 ../Lab_2_Example_Replace_bsp/\libhal_bsp.a(alt_find_file.o)
                0x0000000004001fac                alt_find_file
 .text          0x00000000040020b4       0xa4 ../Lab_2_Example_Replace_bsp/\libhal_bsp.a(alt_get_fd.o)
                0x00000000040020b4                alt_get_fd
 .text          0x0000000004002158       0x90 ../Lab_2_Example_Replace_bsp/\libhal_bsp.a(alt_icache_flush.o)
                0x0000000004002158                alt_icache_flush
 .text          0x00000000040021e8       0x9c ../Lab_2_Example_Replace_bsp/\libhal_bsp.a(alt_instruction_exception_entry.o)
                0x00000000040021e8                alt_exception_cause_generated_bad_addr
 .text          0x0000000004002284        0x0 d:/quartus/nios2eds/bin/gnu/h-x86_64-mingw32/bin/../lib/gcc/nios2-elf/5.3.0/../../../../../H-x86_64-mingw32/nios2-elf/lib\libc.a(lib_a-atexit.o)
 .text.atexit   0x0000000004002284       0x14 d:/quartus/nios2eds/bin/gnu/h-x86_64-mingw32/bin/../lib/gcc/nios2-elf/5.3.0/../../../../../H-x86_64-mingw32/nios2-elf/lib\libc.a(lib_a-atexit.o)
                0x0000000004002284                atexit
 .text          0x0000000004002298        0x0 d:/quartus/nios2eds/bin/gnu/h-x86_64-mingw32/bin/../lib/gcc/nios2-elf/5.3.0/../../../../../H-x86_64-mingw32/nios2-elf/lib\libc.a(lib_a-exit.o)
 .text.exit     0x0000000004002298       0x38 d:/quartus/nios2eds/bin/gnu/h-x86_64-mingw32/bin/../lib/gcc/nios2-elf/5.3.0/../../../../../H-x86_64-mingw32/nios2-elf/lib\libc.a(lib_a-exit.o)
                0x0000000004002298                exit
 .text          0x00000000040022d0        0x0 d:/quartus/nios2eds/bin/gnu/h-x86_64-mingw32/bin/../lib/gcc/nios2-elf/5.3.0/../../../../../H-x86_64-mingw32/nios2-elf/lib\libc.a(lib_a-impure.o)
 .text          0x00000000040022d0        0x0 d:/quartus/nios2eds/bin/gnu/h-x86_64-mingw32/bin/../lib/gcc/nios2-elf/5.3.0/../../../../../H-x86_64-mingw32/nios2-elf/lib\libc.a(lib_a-int_errno.o)
 .text          0x00000000040022d0        0x0 d:/quartus/nios2eds/bin/gnu/h-x86_64-mingw32/bin/../lib/gcc/nios2-elf/5.3.0/../../../../../H-x86_64-mingw32/nios2-elf/lib\libc.a(lib_a-memcmp.o)
 .text.memcmp   0x00000000040022d0       0x7c d:/quartus/nios2eds/bin/gnu/h-x86_64-mingw32/bin/../lib/gcc/nios2-elf/5.3.0/../../../../../H-x86_64-mingw32/nios2-elf/lib\libc.a(lib_a-memcmp.o)
                0x00000000040022d0                memcmp
 .text          0x000000000400234c        0x0 d:/quartus/nios2eds/bin/gnu/h-x86_64-mingw32/bin/../lib/gcc/nios2-elf/5.3.0/../../../../../H-x86_64-mingw32/nios2-elf/lib\libc.a(lib_a-memcpy.o)
 .text.memcpy   0x000000000400234c      0x148 d:/quartus/nios2eds/bin/gnu/h-x86_64-mingw32/bin/../lib/gcc/nios2-elf/5.3.0/../../../../../H-x86_64-mingw32/nios2-elf/lib\libc.a(lib_a-memcpy.o)
                0x000000000400234c                memcpy
 .text          0x0000000004002494        0x0 d:/quartus/nios2eds/bin/gnu/h-x86_64-mingw32/bin/../lib/gcc/nios2-elf/5.3.0/../../../../../H-x86_64-mingw32/nios2-elf/lib\libc.a(lib_a-strlen.o)
 .text.strlen   0x0000000004002494       0x98 d:/quartus/nios2eds/bin/gnu/h-x86_64-mingw32/bin/../lib/gcc/nios2-elf/5.3.0/../../../../../H-x86_64-mingw32/nios2-elf/lib\libc.a(lib_a-strlen.o)
                0x0000000004002494                strlen
 .text          0x000000000400252c        0x0 d:/quartus/nios2eds/bin/gnu/h-x86_64-mingw32/bin/../lib/gcc/nios2-elf/5.3.0/../../../../../H-x86_64-mingw32/nios2-elf/lib\libc.a(lib_a-__atexit.o)
 .text.__register_exitproc
                0x000000000400252c      0x118 d:/quartus/nios2eds/bin/gnu/h-x86_64-mingw32/bin/../lib/gcc/nios2-elf/5.3.0/../../../../../H-x86_64-mingw32/nios2-elf/lib\libc.a(lib_a-__atexit.o)
                0x000000000400252c                __register_exitproc
 .text          0x0000000004002644        0x0 d:/quartus/nios2eds/bin/gnu/h-x86_64-mingw32/bin/../lib/gcc/nios2-elf/5.3.0/../../../../../H-x86_64-mingw32/nios2-elf/lib\libc.a(lib_a-__call_atexit.o)
 .text.__call_exitprocs
                0x0000000004002644      0x180 d:/quartus/nios2eds/bin/gnu/h-x86_64-mingw32/bin/../lib/gcc/nios2-elf/5.3.0/../../../../../H-x86_64-mingw32/nios2-elf/lib\libc.a(lib_a-__call_atexit.o)
                0x0000000004002644                __call_exitprocs
 .text          0x00000000040027c4       0x34 ../Lab_2_Example_Replace_bsp/\libhal_bsp.a(alt_exit.o)
                0x00000000040027c4                _exit
 *(.gnu.warning.*)
 *(.fini)
                [!provide]                        PROVIDE (__etext, ABSOLUTE (.))
                [!provide]                        PROVIDE (_etext, ABSOLUTE (.))
                [!provide]                        PROVIDE (etext, ABSOLUTE (.))
 *(.eh_frame_hdr)
                0x00000000040027f8                . = ALIGN (0x4)
                [!provide]                        PROVIDE (__preinit_array_start, ABSOLUTE (.))
 *(.preinit_array)
                [!provide]                        PROVIDE (__preinit_array_end, ABSOLUTE (.))
                [!provide]                        PROVIDE (__init_array_start, ABSOLUTE (.))
 *(.init_array)
                [!provide]                        PROVIDE (__init_array_end, ABSOLUTE (.))
                [!provide]                        PROVIDE (__fini_array_start, ABSOLUTE (.))
 *(.fini_array)
                [!provide]                        PROVIDE (__fini_array_end, ABSOLUTE (.))
 *(.eh_frame)
 *(.gcc_except_table .gcc_except_table.*)
 *(.dynamic)
                0x00000000040027f8                PROVIDE (__CTOR_LIST__, ABSOLUTE (.))
 *(.ctors)
 *(SORT(.ctors.*))
                0x00000000040027f8                PROVIDE (__CTOR_END__, ABSOLUTE (.))
                0x00000000040027f8                PROVIDE (__DTOR_LIST__, ABSOLUTE (.))
 *(.dtors)
 *(SORT(.dtors.*))
                0x00000000040027f8                PROVIDE (__DTOR_END__, ABSOLUTE (.))
 *(.jcr)
                0x00000000040027f8                . = ALIGN (0x4)

.rodata         0x00000000040027f8       0x30
                0x00000000040027f8                PROVIDE (__ram_rodata_start, ABSOLUTE (.))
                0x00000000040027f8                . = ALIGN (0x4)
 *(.rodata .rodata.* .gnu.linkonce.r.*)
 .rodata        0x00000000040027f8        0xf ../Lab_2_Example_Replace_bsp/\libhal_bsp.a(alt_main.o)
 *fill*         0x0000000004002807        0x1 
 .rodata        0x0000000004002808        0xf ../Lab_2_Example_Replace_bsp/\libhal_bsp.a(alt_sys_init.o)
 *fill*         0x0000000004002817        0x1 
 .rodata        0x0000000004002818        0xa ../Lab_2_Example_Replace_bsp/\libhal_bsp.a(alt_dev.o)
 *fill*         0x0000000004002822        0x2 
 .rodata.str1.4
                0x0000000004002824        0x4 d:/quartus/nios2eds/bin/gnu/h-x86_64-mingw32/bin/../lib/gcc/nios2-elf/5.3.0/../../../../../H-x86_64-mingw32/nios2-elf/lib\libc.a(lib_a-impure.o)
                                          0x2 (size before relaxing)
 *(.rodata1)
                0x0000000004002828                . = ALIGN (0x4)
                0x0000000004002828                PROVIDE (__ram_rodata_end, ABSOLUTE (.))
                0x00000000040027f8                PROVIDE (__flash_rodata_start, LOADADDR (.rodata))

.rwdata         0x0000000004002828     0x1658 load address 0x0000000004003e80
                0x0000000004002828                PROVIDE (__ram_rwdata_start, ABSOLUTE (.))
                0x0000000004002828                . = ALIGN (0x4)
 *(.got.plt)
 *(.got)
 *(.data1)
 *(.data .data.* .gnu.linkonce.d.*)
 .data          0x0000000004002828        0x0 ../Lab_2_Example_Replace_bsp//obj/HAL/src/crt0.o
 .data          0x0000000004002828        0x0 obj/default/main.o
 .data          0x0000000004002828        0x0 ../Lab_2_Example_Replace_bsp/\libhal_bsp.a(alt_load.o)
 .data          0x0000000004002828        0x0 ../Lab_2_Example_Replace_bsp/\libhal_bsp.a(alt_main.o)
 .data          0x0000000004002828     0x1060 ../Lab_2_Example_Replace_bsp/\libhal_bsp.a(alt_sys_init.o)
 .data          0x0000000004003888        0x0 ../Lab_2_Example_Replace_bsp/\libhal_bsp.a(altera_avalon_jtag_uart_fd.o)
 .data          0x0000000004003888        0x0 ../Lab_2_Example_Replace_bsp/\libhal_bsp.a(altera_avalon_jtag_uart_init.o)
 .data          0x0000000004003888        0x0 ../Lab_2_Example_Replace_bsp/\libhal_bsp.a(altera_avalon_jtag_uart_ioctl.o)
 .data          0x0000000004003888        0x0 ../Lab_2_Example_Replace_bsp/\libhal_bsp.a(altera_avalon_jtag_uart_read.o)
 .data          0x0000000004003888        0x0 ../Lab_2_Example_Replace_bsp/\libhal_bsp.a(altera_avalon_jtag_uart_write.o)
 .data          0x0000000004003888        0x0 ../Lab_2_Example_Replace_bsp/\libhal_bsp.a(altera_avalon_timer_sc.o)
 .data          0x0000000004003888        0x0 ../Lab_2_Example_Replace_bsp/\libhal_bsp.a(alt_alarm_start.o)
 .data          0x0000000004003888        0x0 ../Lab_2_Example_Replace_bsp/\libhal_bsp.a(alt_close.o)
 .data          0x0000000004003888        0x0 ../Lab_2_Example_Replace_bsp/\libhal_bsp.a(alt_dcache_flush_all.o)
 .data          0x0000000004003888      0x1a8 ../Lab_2_Example_Replace_bsp/\libhal_bsp.a(alt_dev.o)
                0x0000000004003888                alt_dev_null
                0x00000000040038b0                alt_fd_list
 .data          0x0000000004003a30        0x0 ../Lab_2_Example_Replace_bsp/\libhal_bsp.a(alt_dev_llist_insert.o)
 .data          0x0000000004003a30        0x0 ../Lab_2_Example_Replace_bsp/\libhal_bsp.a(alt_do_ctors.o)
 .data          0x0000000004003a30        0x0 ../Lab_2_Example_Replace_bsp/\libhal_bsp.a(alt_do_dtors.o)
 .data          0x0000000004003a30        0x0 ../Lab_2_Example_Replace_bsp/\libhal_bsp.a(alt_errno.o)
 .data          0x0000000004003a30        0x0 ../Lab_2_Example_Replace_bsp/\libhal_bsp.a(alt_icache_flush_all.o)
 .data          0x0000000004003a30        0x0 ../Lab_2_Example_Replace_bsp/\libhal_bsp.a(alt_iic.o)
 .data          0x0000000004003a30        0x0 ../Lab_2_Example_Replace_bsp/\libhal_bsp.a(alt_iic_isr_register.o)
 .data          0x0000000004003a30        0x0 ../Lab_2_Example_Replace_bsp/\libhal_bsp.a(alt_io_redirect.o)
 .data          0x0000000004003a30        0x0 ../Lab_2_Example_Replace_bsp/\libhal_bsp.a(alt_irq_entry.o)
 .data          0x0000000004003a30        0x0 ../Lab_2_Example_Replace_bsp/\libhal_bsp.a(alt_irq_handler.o)
 .data          0x0000000004003a30        0x0 ../Lab_2_Example_Replace_bsp/\libhal_bsp.a(alt_irq_vars.o)
 .data          0x0000000004003a30        0x0 ../Lab_2_Example_Replace_bsp/\libhal_bsp.a(alt_open.o)
 .data          0x0000000004003a30        0x0 ../Lab_2_Example_Replace_bsp/\libhal_bsp.a(alt_release_fd.o)
 .data          0x0000000004003a30        0x0 ../Lab_2_Example_Replace_bsp/\libhal_bsp.a(alt_tick.o)
 .data          0x0000000004003a30        0x0 ../Lab_2_Example_Replace_bsp/\libhal_bsp.a(altera_nios2_gen2_irq.o)
 .data          0x0000000004003a30        0x0 ../Lab_2_Example_Replace_bsp/\libhal_bsp.a(alt_exception_entry.o)
 .data          0x0000000004003a30        0x0 ../Lab_2_Example_Replace_bsp/\libhal_bsp.a(alt_find_dev.o)
 .data          0x0000000004003a30        0x0 ../Lab_2_Example_Replace_bsp/\libhal_bsp.a(alt_find_file.o)
 .data          0x0000000004003a30        0x0 ../Lab_2_Example_Replace_bsp/\libhal_bsp.a(alt_get_fd.o)
 .data          0x0000000004003a30        0x0 ../Lab_2_Example_Replace_bsp/\libhal_bsp.a(alt_icache_flush.o)
 .data          0x0000000004003a30        0x0 ../Lab_2_Example_Replace_bsp/\libhal_bsp.a(alt_instruction_exception_entry.o)
 .data          0x0000000004003a30        0x0 d:/quartus/nios2eds/bin/gnu/h-x86_64-mingw32/bin/../lib/gcc/nios2-elf/5.3.0/../../../../../H-x86_64-mingw32/nios2-elf/lib\libc.a(lib_a-atexit.o)
 .data          0x0000000004003a30        0x0 d:/quartus/nios2eds/bin/gnu/h-x86_64-mingw32/bin/../lib/gcc/nios2-elf/5.3.0/../../../../../H-x86_64-mingw32/nios2-elf/lib\libc.a(lib_a-exit.o)
 .data          0x0000000004003a30        0x0 d:/quartus/nios2eds/bin/gnu/h-x86_64-mingw32/bin/../lib/gcc/nios2-elf/5.3.0/../../../../../H-x86_64-mingw32/nios2-elf/lib\libc.a(lib_a-impure.o)
 .data.impure_data
                0x0000000004003a30      0x424 d:/quartus/nios2eds/bin/gnu/h-x86_64-mingw32/bin/../lib/gcc/nios2-elf/5.3.0/../../../../../H-x86_64-mingw32/nios2-elf/lib\libc.a(lib_a-impure.o)
 .data          0x0000000004003e54        0x0 d:/quartus/nios2eds/bin/gnu/h-x86_64-mingw32/bin/../lib/gcc/nios2-elf/5.3.0/../../../../../H-x86_64-mingw32/nios2-elf/lib\libc.a(lib_a-int_errno.o)
 .data          0x0000000004003e54        0x0 d:/quartus/nios2eds/bin/gnu/h-x86_64-mingw32/bin/../lib/gcc/nios2-elf/5.3.0/../../../../../H-x86_64-mingw32/nios2-elf/lib\libc.a(lib_a-memcmp.o)
 .data          0x0000000004003e54        0x0 d:/quartus/nios2eds/bin/gnu/h-x86_64-mingw32/bin/../lib/gcc/nios2-elf/5.3.0/../../../../../H-x86_64-mingw32/nios2-elf/lib\libc.a(lib_a-memcpy.o)
 .data          0x0000000004003e54        0x0 d:/quartus/nios2eds/bin/gnu/h-x86_64-mingw32/bin/../lib/gcc/nios2-elf/5.3.0/../../../../../H-x86_64-mingw32/nios2-elf/lib\libc.a(lib_a-strlen.o)
 .data          0x0000000004003e54        0x0 d:/quartus/nios2eds/bin/gnu/h-x86_64-mingw32/bin/../lib/gcc/nios2-elf/5.3.0/../../../../../H-x86_64-mingw32/nios2-elf/lib\libc.a(lib_a-__atexit.o)
 .data          0x0000000004003e54        0x0 d:/quartus/nios2eds/bin/gnu/h-x86_64-mingw32/bin/../lib/gcc/nios2-elf/5.3.0/../../../../../H-x86_64-mingw32/nios2-elf/lib\libc.a(lib_a-__call_atexit.o)
 .data          0x0000000004003e54        0x0 ../Lab_2_Example_Replace_bsp/\libhal_bsp.a(alt_exit.o)
                0x000000000400be54                _gp = ABSOLUTE ((. + 0x8000))
                [!provide]                        PROVIDE (gp, _gp)
 *(.rwdata .rwdata.*)
 *(.sdata .sdata.* .gnu.linkonce.s.*)
 .sdata         0x0000000004003e54       0x14 ../Lab_2_Example_Replace_bsp/\libhal_bsp.a(alt_dev.o)
                0x0000000004003e54                alt_fs_list
                0x0000000004003e5c                alt_dev_list
                0x0000000004003e64                alt_max_fd
 .sdata         0x0000000004003e68        0x4 ../Lab_2_Example_Replace_bsp/\libhal_bsp.a(alt_errno.o)
                0x0000000004003e68                alt_errno
 .sdata         0x0000000004003e6c        0x4 ../Lab_2_Example_Replace_bsp/\libhal_bsp.a(alt_irq_vars.o)
                0x0000000004003e6c                alt_priority_mask
 .sdata         0x0000000004003e70        0x8 ../Lab_2_Example_Replace_bsp/\libhal_bsp.a(alt_tick.o)
                0x0000000004003e70                alt_alarm_list
 .sdata._global_impure_ptr
                0x0000000004003e78        0x4 d:/quartus/nios2eds/bin/gnu/h-x86_64-mingw32/bin/../lib/gcc/nios2-elf/5.3.0/../../../../../H-x86_64-mingw32/nios2-elf/lib\libc.a(lib_a-impure.o)
                0x0000000004003e78                _global_impure_ptr
 .sdata._impure_ptr
                0x0000000004003e7c        0x4 d:/quartus/nios2eds/bin/gnu/h-x86_64-mingw32/bin/../lib/gcc/nios2-elf/5.3.0/../../../../../H-x86_64-mingw32/nios2-elf/lib\libc.a(lib_a-impure.o)
                0x0000000004003e7c                _impure_ptr
 *(.sdata2 .sdata2.* .gnu.linkonce.s2.*)
                0x0000000004003e80                . = ALIGN (0x4)
                0x0000000004003e80                _edata = ABSOLUTE (.)
                [!provide]                        PROVIDE (edata, ABSOLUTE (.))
                0x0000000004003e80                PROVIDE (__ram_rwdata_end, ABSOLUTE (.))
                0x0000000004003e80                PROVIDE (__flash_rwdata_start, LOADADDR (.rwdata))

.bss            0x00000000040054d8      0x120
                0x00000000040054d8                __bss_start = ABSOLUTE (.)
                [!provide]                        PROVIDE (__sbss_start, ABSOLUTE (.))
                [!provide]                        PROVIDE (___sbss_start, ABSOLUTE (.))
 *(.dynsbss)
 *(.sbss .sbss.* .gnu.linkonce.sb.*)
 .sbss          0x00000000040054d8        0xc ../Lab_2_Example_Replace_bsp/\libhal_bsp.a(alt_main.o)
                0x00000000040054d8                alt_argc
                0x00000000040054dc                alt_argv
                0x00000000040054e0                alt_envp
 .sbss          0x00000000040054e4        0x4 ../Lab_2_Example_Replace_bsp/\libhal_bsp.a(alt_irq_vars.o)
                0x00000000040054e4                alt_irq_active
 .sbss          0x00000000040054e8        0x8 ../Lab_2_Example_Replace_bsp/\libhal_bsp.a(alt_tick.o)
                0x00000000040054e8                _alt_tick_rate
                0x00000000040054ec                _alt_nticks
 .sbss          0x00000000040054f0        0x4 ../Lab_2_Example_Replace_bsp/\libhal_bsp.a(alt_instruction_exception_entry.o)
                0x00000000040054f0                alt_instruction_exception_handler
 .sbss          0x00000000040054f4        0x4 d:/quartus/nios2eds/bin/gnu/h-x86_64-mingw32/bin/../lib/gcc/nios2-elf/5.3.0/../../../../../H-x86_64-mingw32/nios2-elf/lib\libc.a(lib_a-int_errno.o)
                0x00000000040054f4                errno
 *(.sbss2 .sbss2.* .gnu.linkonce.sb2.*)
 *(.scommon)
                [!provide]                        PROVIDE (__sbss_end, ABSOLUTE (.))
                [!provide]                        PROVIDE (___sbss_end, ABSOLUTE (.))
 *(.dynbss)
 *(.bss .bss.* .gnu.linkonce.b.*)
 .bss           0x00000000040054f8        0x0 ../Lab_2_Example_Replace_bsp//obj/HAL/src/crt0.o
 .bss           0x00000000040054f8        0x0 obj/default/main.o
 .bss           0x00000000040054f8        0x0 ../Lab_2_Example_Replace_bsp/\libhal_bsp.a(alt_load.o)
 .bss           0x00000000040054f8        0x0 ../Lab_2_Example_Replace_bsp/\libhal_bsp.a(alt_main.o)
 .bss           0x00000000040054f8        0x0 ../Lab_2_Example_Replace_bsp/\libhal_bsp.a(alt_sys_init.o)
 .bss           0x00000000040054f8        0x0 ../Lab_2_Example_Replace_bsp/\libhal_bsp.a(altera_avalon_jtag_uart_fd.o)
 .bss           0x00000000040054f8        0x0 ../Lab_2_Example_Replace_bsp/\libhal_bsp.a(altera_avalon_jtag_uart_init.o)
 .bss           0x00000000040054f8        0x0 ../Lab_2_Example_Replace_bsp/\libhal_bsp.a(altera_avalon_jtag_uart_ioctl.o)
 .bss           0x00000000040054f8        0x0 ../Lab_2_Example_Replace_bsp/\libhal_bsp.a(altera_avalon_jtag_uart_read.o)
 .bss           0x00000000040054f8        0x0 ../Lab_2_Example_Replace_bsp/\libhal_bsp.a(altera_avalon_jtag_uart_write.o)
 .bss           0x00000000040054f8        0x0 ../Lab_2_Example_Replace_bsp/\libhal_bsp.a(altera_avalon_timer_sc.o)
 .bss           0x00000000040054f8        0x0 ../Lab_2_Example_Replace_bsp/\libhal_bsp.a(alt_alarm_start.o)
 .bss           0x00000000040054f8        0x0 ../Lab_2_Example_Replace_bsp/\libhal_bsp.a(alt_close.o)
 .bss           0x00000000040054f8        0x0 ../Lab_2_Example_Replace_bsp/\libhal_bsp.a(alt_dcache_flush_all.o)
 .bss           0x00000000040054f8        0x0 ../Lab_2_Example_Replace_bsp/\libhal_bsp.a(alt_dev.o)
 .bss           0x00000000040054f8        0x0 ../Lab_2_Example_Replace_bsp/\libhal_bsp.a(alt_dev_llist_insert.o)
 .bss           0x00000000040054f8        0x0 ../Lab_2_Example_Replace_bsp/\libhal_bsp.a(alt_do_ctors.o)
 .bss           0x00000000040054f8        0x0 ../Lab_2_Example_Replace_bsp/\libhal_bsp.a(alt_do_dtors.o)
 .bss           0x00000000040054f8        0x0 ../Lab_2_Example_Replace_bsp/\libhal_bsp.a(alt_errno.o)
 .bss           0x00000000040054f8        0x0 ../Lab_2_Example_Replace_bsp/\libhal_bsp.a(alt_icache_flush_all.o)
 .bss           0x00000000040054f8        0x0 ../Lab_2_Example_Replace_bsp/\libhal_bsp.a(alt_iic.o)
 .bss           0x00000000040054f8        0x0 ../Lab_2_Example_Replace_bsp/\libhal_bsp.a(alt_iic_isr_register.o)
 .bss           0x00000000040054f8        0x0 ../Lab_2_Example_Replace_bsp/\libhal_bsp.a(alt_io_redirect.o)
 .bss           0x00000000040054f8        0x0 ../Lab_2_Example_Replace_bsp/\libhal_bsp.a(alt_irq_entry.o)
 .bss           0x00000000040054f8        0x0 ../Lab_2_Example_Replace_bsp/\libhal_bsp.a(alt_irq_handler.o)
 .bss           0x00000000040054f8        0x0 ../Lab_2_Example_Replace_bsp/\libhal_bsp.a(alt_irq_vars.o)
 .bss           0x00000000040054f8        0x0 ../Lab_2_Example_Replace_bsp/\libhal_bsp.a(alt_open.o)
 .bss           0x00000000040054f8        0x0 ../Lab_2_Example_Replace_bsp/\libhal_bsp.a(alt_release_fd.o)
 .bss           0x00000000040054f8        0x0 ../Lab_2_Example_Replace_bsp/\libhal_bsp.a(alt_tick.o)
 .bss           0x00000000040054f8        0x0 ../Lab_2_Example_Replace_bsp/\libhal_bsp.a(altera_nios2_gen2_irq.o)
 .bss           0x00000000040054f8        0x0 ../Lab_2_Example_Replace_bsp/\libhal_bsp.a(alt_exception_entry.o)
 .bss           0x00000000040054f8        0x0 ../Lab_2_Example_Replace_bsp/\libhal_bsp.a(alt_find_dev.o)
 .bss           0x00000000040054f8        0x0 ../Lab_2_Example_Replace_bsp/\libhal_bsp.a(alt_find_file.o)
 .bss           0x00000000040054f8        0x0 ../Lab_2_Example_Replace_bsp/\libhal_bsp.a(alt_get_fd.o)
 .bss           0x00000000040054f8        0x0 ../Lab_2_Example_Replace_bsp/\libhal_bsp.a(alt_icache_flush.o)
 .bss           0x00000000040054f8        0x0 ../Lab_2_Example_Replace_bsp/\libhal_bsp.a(alt_instruction_exception_entry.o)
 .bss           0x00000000040054f8        0x0 d:/quartus/nios2eds/bin/gnu/h-x86_64-mingw32/bin/../lib/gcc/nios2-elf/5.3.0/../../../../../H-x86_64-mingw32/nios2-elf/lib\libc.a(lib_a-atexit.o)
 .bss           0x00000000040054f8        0x0 d:/quartus/nios2eds/bin/gnu/h-x86_64-mingw32/bin/../lib/gcc/nios2-elf/5.3.0/../../../../../H-x86_64-mingw32/nios2-elf/lib\libc.a(lib_a-exit.o)
 .bss           0x00000000040054f8        0x0 d:/quartus/nios2eds/bin/gnu/h-x86_64-mingw32/bin/../lib/gcc/nios2-elf/5.3.0/../../../../../H-x86_64-mingw32/nios2-elf/lib\libc.a(lib_a-impure.o)
 .bss           0x00000000040054f8        0x0 d:/quartus/nios2eds/bin/gnu/h-x86_64-mingw32/bin/../lib/gcc/nios2-elf/5.3.0/../../../../../H-x86_64-mingw32/nios2-elf/lib\libc.a(lib_a-int_errno.o)
 .bss           0x00000000040054f8        0x0 d:/quartus/nios2eds/bin/gnu/h-x86_64-mingw32/bin/../lib/gcc/nios2-elf/5.3.0/../../../../../H-x86_64-mingw32/nios2-elf/lib\libc.a(lib_a-memcmp.o)
 .bss           0x00000000040054f8        0x0 d:/quartus/nios2eds/bin/gnu/h-x86_64-mingw32/bin/../lib/gcc/nios2-elf/5.3.0/../../../../../H-x86_64-mingw32/nios2-elf/lib\libc.a(lib_a-memcpy.o)
 .bss           0x00000000040054f8        0x0 d:/quartus/nios2eds/bin/gnu/h-x86_64-mingw32/bin/../lib/gcc/nios2-elf/5.3.0/../../../../../H-x86_64-mingw32/nios2-elf/lib\libc.a(lib_a-strlen.o)
 .bss           0x00000000040054f8        0x0 d:/quartus/nios2eds/bin/gnu/h-x86_64-mingw32/bin/../lib/gcc/nios2-elf/5.3.0/../../../../../H-x86_64-mingw32/nios2-elf/lib\libc.a(lib_a-__atexit.o)
 .bss           0x00000000040054f8        0x0 d:/quartus/nios2eds/bin/gnu/h-x86_64-mingw32/bin/../lib/gcc/nios2-elf/5.3.0/../../../../../H-x86_64-mingw32/nios2-elf/lib\libc.a(lib_a-__call_atexit.o)
 .bss           0x00000000040054f8        0x0 ../Lab_2_Example_Replace_bsp/\libhal_bsp.a(alt_exit.o)
 *(COMMON)
 COMMON         0x00000000040054f8      0x100 ../Lab_2_Example_Replace_bsp/\libhal_bsp.a(alt_irq_handler.o)
                0x00000000040054f8                alt_irq
                0x00000000040055f8                . = ALIGN (0x4)
                0x00000000040055f8                __bss_end = ABSOLUTE (.)

.sdram          0x00000000040055f8        0x0
                [!provide]                        PROVIDE (_alt_partition_sdram_start, ABSOLUTE (.))
 *(.sdram .sdram. sdram.*)
                0x00000000040055f8                . = ALIGN (0x4)
                [!provide]                        PROVIDE (_alt_partition_sdram_end, ABSOLUTE (.))
                0x00000000040055f8                _end = ABSOLUTE (.)
                0x00000000040055f8                end = ABSOLUTE (.)
                0x00000000040055f8                __alt_stack_base = ABSOLUTE (.)
                [!provide]                        PROVIDE (_alt_partition_sdram_load_addr, LOADADDR (.sdram))

.onchip_memory  0x0000000008008000        0x0 load address 0x00000000040055f8
                [!provide]                        PROVIDE (_alt_partition_onchip_memory_start, ABSOLUTE (.))
 *(.onchip_memory .onchip_memory. onchip_memory.*)
                0x0000000008008000                . = ALIGN (0x4)
                [!provide]                        PROVIDE (_alt_partition_onchip_memory_end, ABSOLUTE (.))
                [!provide]                        PROVIDE (_alt_partition_onchip_memory_load_addr, LOADADDR (.onchip_memory))

.stab
 *(.stab)

.stabstr
 *(.stabstr)

.stab.excl
 *(.stab.excl)

.stab.exclstr
 *(.stab.exclstr)

.stab.index
 *(.stab.index)

.stab.indexstr
 *(.stab.indexstr)

.comment        0x0000000000000000       0x23
 *(.comment)
 .comment       0x0000000000000000       0x23 obj/default/main.o
                                         0x24 (size before relaxing)
 .comment       0x0000000000000023       0x24 ../Lab_2_Example_Replace_bsp/\libhal_bsp.a(alt_load.o)
 .comment       0x0000000000000023       0x24 ../Lab_2_Example_Replace_bsp/\libhal_bsp.a(alt_main.o)
 .comment       0x0000000000000023       0x24 ../Lab_2_Example_Replace_bsp/\libhal_bsp.a(alt_sys_init.o)
 .comment       0x0000000000000023       0x24 ../Lab_2_Example_Replace_bsp/\libhal_bsp.a(altera_avalon_jtag_uart_fd.o)
 .comment       0x0000000000000023       0x24 ../Lab_2_Example_Replace_bsp/\libhal_bsp.a(altera_avalon_jtag_uart_init.o)
 .comment       0x0000000000000023       0x24 ../Lab_2_Example_Replace_bsp/\libhal_bsp.a(altera_avalon_jtag_uart_ioctl.o)
 .comment       0x0000000000000023       0x24 ../Lab_2_Example_Replace_bsp/\libhal_bsp.a(altera_avalon_jtag_uart_read.o)
 .comment       0x0000000000000023       0x24 ../Lab_2_Example_Replace_bsp/\libhal_bsp.a(altera_avalon_jtag_uart_write.o)
 .comment       0x0000000000000023       0x24 ../Lab_2_Example_Replace_bsp/\libhal_bsp.a(altera_avalon_timer_sc.o)
 .comment       0x0000000000000023       0x24 ../Lab_2_Example_Replace_bsp/\libhal_bsp.a(alt_alarm_start.o)
 .comment       0x0000000000000023       0x24 ../Lab_2_Example_Replace_bsp/\libhal_bsp.a(alt_close.o)
 .comment       0x0000000000000023       0x24 ../Lab_2_Example_Replace_bsp/\libhal_bsp.a(alt_dcache_flush_all.o)
 .comment       0x0000000000000023       0x24 ../Lab_2_Example_Replace_bsp/\libhal_bsp.a(alt_dev.o)
 .comment       0x0000000000000023       0x24 ../Lab_2_Example_Replace_bsp/\libhal_bsp.a(alt_dev_llist_insert.o)
 .comment       0x0000000000000023       0x24 ../Lab_2_Example_Replace_bsp/\libhal_bsp.a(alt_do_ctors.o)
 .comment       0x0000000000000023       0x24 ../Lab_2_Example_Replace_bsp/\libhal_bsp.a(alt_do_dtors.o)
 .comment       0x0000000000000023       0x24 ../Lab_2_Example_Replace_bsp/\libhal_bsp.a(alt_errno.o)
 .comment       0x0000000000000023       0x24 ../Lab_2_Example_Replace_bsp/\libhal_bsp.a(alt_icache_flush_all.o)
 .comment       0x0000000000000023       0x24 ../Lab_2_Example_Replace_bsp/\libhal_bsp.a(alt_iic.o)
 .comment       0x0000000000000023       0x24 ../Lab_2_Example_Replace_bsp/\libhal_bsp.a(alt_iic_isr_register.o)
 .comment       0x0000000000000023       0x24 ../Lab_2_Example_Replace_bsp/\libhal_bsp.a(alt_io_redirect.o)
 .comment       0x0000000000000023       0x24 ../Lab_2_Example_Replace_bsp/\libhal_bsp.a(alt_irq_handler.o)
 .comment       0x0000000000000023       0x24 ../Lab_2_Example_Replace_bsp/\libhal_bsp.a(alt_irq_vars.o)
 .comment       0x0000000000000023       0x24 ../Lab_2_Example_Replace_bsp/\libhal_bsp.a(alt_open.o)
 .comment       0x0000000000000023       0x24 ../Lab_2_Example_Replace_bsp/\libhal_bsp.a(alt_release_fd.o)
 .comment       0x0000000000000023       0x24 ../Lab_2_Example_Replace_bsp/\libhal_bsp.a(alt_tick.o)
 .comment       0x0000000000000023       0x24 ../Lab_2_Example_Replace_bsp/\libhal_bsp.a(altera_nios2_gen2_irq.o)
 .comment       0x0000000000000023       0x24 ../Lab_2_Example_Replace_bsp/\libhal_bsp.a(alt_find_dev.o)
 .comment       0x0000000000000023       0x24 ../Lab_2_Example_Replace_bsp/\libhal_bsp.a(alt_find_file.o)
 .comment       0x0000000000000023       0x24 ../Lab_2_Example_Replace_bsp/\libhal_bsp.a(alt_get_fd.o)
 .comment       0x0000000000000023       0x24 ../Lab_2_Example_Replace_bsp/\libhal_bsp.a(alt_icache_flush.o)
 .comment       0x0000000000000023       0x24 ../Lab_2_Example_Replace_bsp/\libhal_bsp.a(alt_instruction_exception_entry.o)
 .comment       0x0000000000000023       0x24 d:/quartus/nios2eds/bin/gnu/h-x86_64-mingw32/bin/../lib/gcc/nios2-elf/5.3.0/../../../../../H-x86_64-mingw32/nios2-elf/lib\libc.a(lib_a-atexit.o)
 .comment       0x0000000000000023       0x24 d:/quartus/nios2eds/bin/gnu/h-x86_64-mingw32/bin/../lib/gcc/nios2-elf/5.3.0/../../../../../H-x86_64-mingw32/nios2-elf/lib\libc.a(lib_a-exit.o)
 .comment       0x0000000000000023       0x24 d:/quartus/nios2eds/bin/gnu/h-x86_64-mingw32/bin/../lib/gcc/nios2-elf/5.3.0/../../../../../H-x86_64-mingw32/nios2-elf/lib\libc.a(lib_a-impure.o)
 .comment       0x0000000000000023       0x24 d:/quartus/nios2eds/bin/gnu/h-x86_64-mingw32/bin/../lib/gcc/nios2-elf/5.3.0/../../../../../H-x86_64-mingw32/nios2-elf/lib\libc.a(lib_a-int_errno.o)
 .comment       0x0000000000000023       0x24 d:/quartus/nios2eds/bin/gnu/h-x86_64-mingw32/bin/../lib/gcc/nios2-elf/5.3.0/../../../../../H-x86_64-mingw32/nios2-elf/lib\libc.a(lib_a-memcmp.o)
 .comment       0x0000000000000023       0x24 d:/quartus/nios2eds/bin/gnu/h-x86_64-mingw32/bin/../lib/gcc/nios2-elf/5.3.0/../../../../../H-x86_64-mingw32/nios2-elf/lib\libc.a(lib_a-memcpy.o)
 .comment       0x0000000000000023       0x24 d:/quartus/nios2eds/bin/gnu/h-x86_64-mingw32/bin/../lib/gcc/nios2-elf/5.3.0/../../../../../H-x86_64-mingw32/nios2-elf/lib\libc.a(lib_a-strlen.o)
 .comment       0x0000000000000023       0x24 d:/quartus/nios2eds/bin/gnu/h-x86_64-mingw32/bin/../lib/gcc/nios2-elf/5.3.0/../../../../../H-x86_64-mingw32/nios2-elf/lib\libc.a(lib_a-__atexit.o)
 .comment       0x0000000000000023       0x24 d:/quartus/nios2eds/bin/gnu/h-x86_64-mingw32/bin/../lib/gcc/nios2-elf/5.3.0/../../../../../H-x86_64-mingw32/nios2-elf/lib\libc.a(lib_a-__call_atexit.o)
 .comment       0x0000000000000023       0x24 ../Lab_2_Example_Replace_bsp/\libhal_bsp.a(alt_exit.o)

.debug
 *(.debug)

.line
 *(.line)

.debug_srcinfo
 *(.debug_srcinfo)

.debug_sfnames
 *(.debug_sfnames)

.debug_aranges  0x0000000000000000      0x5d8
 *(.debug_aranges)
 .debug_aranges
                0x0000000000000000       0x28 ../Lab_2_Example_Replace_bsp//obj/HAL/src/crt0.o
 .debug_aranges
                0x0000000000000028       0x20 obj/default/main.o
 .debug_aranges
                0x0000000000000048       0x20 ../Lab_2_Example_Replace_bsp/\libhal_bsp.a(alt_load.o)
 .debug_aranges
                0x0000000000000068       0x20 ../Lab_2_Example_Replace_bsp/\libhal_bsp.a(alt_main.o)
 .debug_aranges
                0x0000000000000088       0x20 ../Lab_2_Example_Replace_bsp/\libhal_bsp.a(alt_sys_init.o)
 .debug_aranges
                0x00000000000000a8       0x20 ../Lab_2_Example_Replace_bsp/\libhal_bsp.a(altera_avalon_jtag_uart_fd.o)
 .debug_aranges
                0x00000000000000c8       0x20 ../Lab_2_Example_Replace_bsp/\libhal_bsp.a(altera_avalon_jtag_uart_init.o)
 .debug_aranges
                0x00000000000000e8       0x20 ../Lab_2_Example_Replace_bsp/\libhal_bsp.a(altera_avalon_jtag_uart_ioctl.o)
 .debug_aranges
                0x0000000000000108       0x20 ../Lab_2_Example_Replace_bsp/\libhal_bsp.a(altera_avalon_jtag_uart_read.o)
 .debug_aranges
                0x0000000000000128       0x20 ../Lab_2_Example_Replace_bsp/\libhal_bsp.a(altera_avalon_jtag_uart_write.o)
 .debug_aranges
                0x0000000000000148       0x20 ../Lab_2_Example_Replace_bsp/\libhal_bsp.a(altera_avalon_timer_sc.o)
 .debug_aranges
                0x0000000000000168       0x20 ../Lab_2_Example_Replace_bsp/\libhal_bsp.a(alt_alarm_start.o)
 .debug_aranges
                0x0000000000000188       0x20 ../Lab_2_Example_Replace_bsp/\libhal_bsp.a(alt_close.o)
 .debug_aranges
                0x00000000000001a8       0x20 ../Lab_2_Example_Replace_bsp/\libhal_bsp.a(alt_dcache_flush_all.o)
 .debug_aranges
                0x00000000000001c8       0x20 ../Lab_2_Example_Replace_bsp/\libhal_bsp.a(alt_dev.o)
 .debug_aranges
                0x00000000000001e8       0x20 ../Lab_2_Example_Replace_bsp/\libhal_bsp.a(alt_dev_llist_insert.o)
 .debug_aranges
                0x0000000000000208       0x20 ../Lab_2_Example_Replace_bsp/\libhal_bsp.a(alt_do_ctors.o)
 .debug_aranges
                0x0000000000000228       0x20 ../Lab_2_Example_Replace_bsp/\libhal_bsp.a(alt_do_dtors.o)
 .debug_aranges
                0x0000000000000248       0x18 ../Lab_2_Example_Replace_bsp/\libhal_bsp.a(alt_errno.o)
 .debug_aranges
                0x0000000000000260       0x20 ../Lab_2_Example_Replace_bsp/\libhal_bsp.a(alt_icache_flush_all.o)
 .debug_aranges
                0x0000000000000280       0x20 ../Lab_2_Example_Replace_bsp/\libhal_bsp.a(alt_iic.o)
 .debug_aranges
                0x00000000000002a0       0x20 ../Lab_2_Example_Replace_bsp/\libhal_bsp.a(alt_iic_isr_register.o)
 .debug_aranges
                0x00000000000002c0       0x20 ../Lab_2_Example_Replace_bsp/\libhal_bsp.a(alt_io_redirect.o)
 .debug_aranges
                0x00000000000002e0       0x30 ../Lab_2_Example_Replace_bsp/\libhal_bsp.a(alt_irq_entry.o)
 .debug_aranges
                0x0000000000000310       0x20 ../Lab_2_Example_Replace_bsp/\libhal_bsp.a(alt_irq_handler.o)
 .debug_aranges
                0x0000000000000330       0x18 ../Lab_2_Example_Replace_bsp/\libhal_bsp.a(alt_irq_vars.o)
 .debug_aranges
                0x0000000000000348       0x20 ../Lab_2_Example_Replace_bsp/\libhal_bsp.a(alt_open.o)
 .debug_aranges
                0x0000000000000368       0x20 ../Lab_2_Example_Replace_bsp/\libhal_bsp.a(alt_release_fd.o)
 .debug_aranges
                0x0000000000000388       0x20 ../Lab_2_Example_Replace_bsp/\libhal_bsp.a(alt_tick.o)
 .debug_aranges
                0x00000000000003a8       0x20 ../Lab_2_Example_Replace_bsp/\libhal_bsp.a(altera_nios2_gen2_irq.o)
 .debug_aranges
                0x00000000000003c8       0x38 ../Lab_2_Example_Replace_bsp/\libhal_bsp.a(alt_exception_entry.o)
 .debug_aranges
                0x0000000000000400       0x20 ../Lab_2_Example_Replace_bsp/\libhal_bsp.a(alt_find_dev.o)
 .debug_aranges
                0x0000000000000420       0x20 ../Lab_2_Example_Replace_bsp/\libhal_bsp.a(alt_find_file.o)
 .debug_aranges
                0x0000000000000440       0x20 ../Lab_2_Example_Replace_bsp/\libhal_bsp.a(alt_get_fd.o)
 .debug_aranges
                0x0000000000000460       0x20 ../Lab_2_Example_Replace_bsp/\libhal_bsp.a(alt_icache_flush.o)
 .debug_aranges
                0x0000000000000480       0x28 ../Lab_2_Example_Replace_bsp/\libhal_bsp.a(alt_instruction_exception_entry.o)
 .debug_aranges
                0x00000000000004a8       0x20 d:/quartus/nios2eds/bin/gnu/h-x86_64-mingw32/bin/../lib/gcc/nios2-elf/5.3.0/../../../../../H-x86_64-mingw32/nios2-elf/lib\libc.a(lib_a-atexit.o)
 .debug_aranges
                0x00000000000004c8       0x20 d:/quartus/nios2eds/bin/gnu/h-x86_64-mingw32/bin/../lib/gcc/nios2-elf/5.3.0/../../../../../H-x86_64-mingw32/nios2-elf/lib\libc.a(lib_a-exit.o)
 .debug_aranges
                0x00000000000004e8       0x18 d:/quartus/nios2eds/bin/gnu/h-x86_64-mingw32/bin/../lib/gcc/nios2-elf/5.3.0/../../../../../H-x86_64-mingw32/nios2-elf/lib\libc.a(lib_a-impure.o)
 .debug_aranges
                0x0000000000000500       0x18 d:/quartus/nios2eds/bin/gnu/h-x86_64-mingw32/bin/../lib/gcc/nios2-elf/5.3.0/../../../../../H-x86_64-mingw32/nios2-elf/lib\libc.a(lib_a-int_errno.o)
 .debug_aranges
                0x0000000000000518       0x20 d:/quartus/nios2eds/bin/gnu/h-x86_64-mingw32/bin/../lib/gcc/nios2-elf/5.3.0/../../../../../H-x86_64-mingw32/nios2-elf/lib\libc.a(lib_a-memcmp.o)
 .debug_aranges
                0x0000000000000538       0x20 d:/quartus/nios2eds/bin/gnu/h-x86_64-mingw32/bin/../lib/gcc/nios2-elf/5.3.0/../../../../../H-x86_64-mingw32/nios2-elf/lib\libc.a(lib_a-memcpy.o)
 .debug_aranges
                0x0000000000000558       0x20 d:/quartus/nios2eds/bin/gnu/h-x86_64-mingw32/bin/../lib/gcc/nios2-elf/5.3.0/../../../../../H-x86_64-mingw32/nios2-elf/lib\libc.a(lib_a-strlen.o)
 .debug_aranges
                0x0000000000000578       0x20 d:/quartus/nios2eds/bin/gnu/h-x86_64-mingw32/bin/../lib/gcc/nios2-elf/5.3.0/../../../../../H-x86_64-mingw32/nios2-elf/lib\libc.a(lib_a-__atexit.o)
 .debug_aranges
                0x0000000000000598       0x20 d:/quartus/nios2eds/bin/gnu/h-x86_64-mingw32/bin/../lib/gcc/nios2-elf/5.3.0/../../../../../H-x86_64-mingw32/nios2-elf/lib\libc.a(lib_a-__call_atexit.o)
 .debug_aranges
                0x00000000000005b8       0x20 ../Lab_2_Example_Replace_bsp/\libhal_bsp.a(alt_exit.o)

.debug_pubnames
 *(.debug_pubnames)

.debug_info     0x0000000000000000     0x793c
 *(.debug_info .gnu.linkonce.wi.*)
 .debug_info    0x0000000000000000       0xb4 ../Lab_2_Example_Replace_bsp//obj/HAL/src/crt0.o
 .debug_info    0x00000000000000b4      0x1ae obj/default/main.o
 .debug_info    0x0000000000000262      0x145 ../Lab_2_Example_Replace_bsp/\libhal_bsp.a(alt_load.o)
 .debug_info    0x00000000000003a7      0x131 ../Lab_2_Example_Replace_bsp/\libhal_bsp.a(alt_main.o)
 .debug_info    0x00000000000004d8      0x4d9 ../Lab_2_Example_Replace_bsp/\libhal_bsp.a(alt_sys_init.o)
 .debug_info    0x00000000000009b1      0x52e ../Lab_2_Example_Replace_bsp/\libhal_bsp.a(altera_avalon_jtag_uart_fd.o)
 .debug_info    0x0000000000000edf      0x3a0 ../Lab_2_Example_Replace_bsp/\libhal_bsp.a(altera_avalon_jtag_uart_init.o)
 .debug_info    0x000000000000127f      0x280 ../Lab_2_Example_Replace_bsp/\libhal_bsp.a(altera_avalon_jtag_uart_ioctl.o)
 .debug_info    0x00000000000014ff      0x345 ../Lab_2_Example_Replace_bsp/\libhal_bsp.a(altera_avalon_jtag_uart_read.o)
 .debug_info    0x0000000000001844      0x340 ../Lab_2_Example_Replace_bsp/\libhal_bsp.a(altera_avalon_jtag_uart_write.o)
 .debug_info    0x0000000000001b84      0x226 ../Lab_2_Example_Replace_bsp/\libhal_bsp.a(altera_avalon_timer_sc.o)
 .debug_info    0x0000000000001daa      0x2cc ../Lab_2_Example_Replace_bsp/\libhal_bsp.a(alt_alarm_start.o)
 .debug_info    0x0000000000002076      0x321 ../Lab_2_Example_Replace_bsp/\libhal_bsp.a(alt_close.o)
 .debug_info    0x0000000000002397       0xa5 ../Lab_2_Example_Replace_bsp/\libhal_bsp.a(alt_dcache_flush_all.o)
 .debug_info    0x000000000000243c      0x49c ../Lab_2_Example_Replace_bsp/\libhal_bsp.a(alt_dev.o)
 .debug_info    0x00000000000028d8      0x1a9 ../Lab_2_Example_Replace_bsp/\libhal_bsp.a(alt_dev_llist_insert.o)
 .debug_info    0x0000000000002a81       0x83 ../Lab_2_Example_Replace_bsp/\libhal_bsp.a(alt_do_ctors.o)
 .debug_info    0x0000000000002b04       0x83 ../Lab_2_Example_Replace_bsp/\libhal_bsp.a(alt_do_dtors.o)
 .debug_info    0x0000000000002b87       0xa6 ../Lab_2_Example_Replace_bsp/\libhal_bsp.a(alt_errno.o)
 .debug_info    0x0000000000002c2d       0x92 ../Lab_2_Example_Replace_bsp/\libhal_bsp.a(alt_icache_flush_all.o)
 .debug_info    0x0000000000002cbf      0x350 ../Lab_2_Example_Replace_bsp/\libhal_bsp.a(alt_iic.o)
 .debug_info    0x000000000000300f      0x1ef ../Lab_2_Example_Replace_bsp/\libhal_bsp.a(alt_iic_isr_register.o)
 .debug_info    0x00000000000031fe      0x4a5 ../Lab_2_Example_Replace_bsp/\libhal_bsp.a(alt_io_redirect.o)
 .debug_info    0x00000000000036a3       0xbd ../Lab_2_Example_Replace_bsp/\libhal_bsp.a(alt_irq_entry.o)
 .debug_info    0x0000000000003760      0x187 ../Lab_2_Example_Replace_bsp/\libhal_bsp.a(alt_irq_handler.o)
 .debug_info    0x00000000000038e7       0x88 ../Lab_2_Example_Replace_bsp/\libhal_bsp.a(alt_irq_vars.o)
 .debug_info    0x000000000000396f      0x3bb ../Lab_2_Example_Replace_bsp/\libhal_bsp.a(alt_open.o)
 .debug_info    0x0000000000003d2a      0x2b0 ../Lab_2_Example_Replace_bsp/\libhal_bsp.a(alt_release_fd.o)
 .debug_info    0x0000000000003fda      0x299 ../Lab_2_Example_Replace_bsp/\libhal_bsp.a(alt_tick.o)
 .debug_info    0x0000000000004273       0x92 ../Lab_2_Example_Replace_bsp/\libhal_bsp.a(altera_nios2_gen2_irq.o)
 .debug_info    0x0000000000004305       0xc3 ../Lab_2_Example_Replace_bsp/\libhal_bsp.a(alt_exception_entry.o)
 .debug_info    0x00000000000043c8      0x2e9 ../Lab_2_Example_Replace_bsp/\libhal_bsp.a(alt_find_dev.o)
 .debug_info    0x00000000000046b1      0x2e6 ../Lab_2_Example_Replace_bsp/\libhal_bsp.a(alt_find_file.o)
 .debug_info    0x0000000000004997      0x310 ../Lab_2_Example_Replace_bsp/\libhal_bsp.a(alt_get_fd.o)
 .debug_info    0x0000000000004ca7       0xdc ../Lab_2_Example_Replace_bsp/\libhal_bsp.a(alt_icache_flush.o)
 .debug_info    0x0000000000004d83      0x1e7 ../Lab_2_Example_Replace_bsp/\libhal_bsp.a(alt_instruction_exception_entry.o)
 .debug_info    0x0000000000004f6a       0xfe d:/quartus/nios2eds/bin/gnu/h-x86_64-mingw32/bin/../lib/gcc/nios2-elf/5.3.0/../../../../../H-x86_64-mingw32/nios2-elf/lib\libc.a(lib_a-atexit.o)
 .debug_info    0x0000000000005068      0x8e4 d:/quartus/nios2eds/bin/gnu/h-x86_64-mingw32/bin/../lib/gcc/nios2-elf/5.3.0/../../../../../H-x86_64-mingw32/nios2-elf/lib\libc.a(lib_a-exit.o)
 .debug_info    0x000000000000594c      0x8a1 d:/quartus/nios2eds/bin/gnu/h-x86_64-mingw32/bin/../lib/gcc/nios2-elf/5.3.0/../../../../../H-x86_64-mingw32/nios2-elf/lib\libc.a(lib_a-impure.o)
 .debug_info    0x00000000000061ed       0x8a d:/quartus/nios2eds/bin/gnu/h-x86_64-mingw32/bin/../lib/gcc/nios2-elf/5.3.0/../../../../../H-x86_64-mingw32/nios2-elf/lib\libc.a(lib_a-int_errno.o)
 .debug_info    0x0000000000006277      0x11a d:/quartus/nios2eds/bin/gnu/h-x86_64-mingw32/bin/../lib/gcc/nios2-elf/5.3.0/../../../../../H-x86_64-mingw32/nios2-elf/lib\libc.a(lib_a-memcmp.o)
 .debug_info    0x0000000000006391      0x144 d:/quartus/nios2eds/bin/gnu/h-x86_64-mingw32/bin/../lib/gcc/nios2-elf/5.3.0/../../../../../H-x86_64-mingw32/nios2-elf/lib\libc.a(lib_a-memcpy.o)
 .debug_info    0x00000000000064d5       0xe2 d:/quartus/nios2eds/bin/gnu/h-x86_64-mingw32/bin/../lib/gcc/nios2-elf/5.3.0/../../../../../H-x86_64-mingw32/nios2-elf/lib\libc.a(lib_a-strlen.o)
 .debug_info    0x00000000000065b7      0x934 d:/quartus/nios2eds/bin/gnu/h-x86_64-mingw32/bin/../lib/gcc/nios2-elf/5.3.0/../../../../../H-x86_64-mingw32/nios2-elf/lib\libc.a(lib_a-__atexit.o)
 .debug_info    0x0000000000006eeb      0x965 d:/quartus/nios2eds/bin/gnu/h-x86_64-mingw32/bin/../lib/gcc/nios2-elf/5.3.0/../../../../../H-x86_64-mingw32/nios2-elf/lib\libc.a(lib_a-__call_atexit.o)
 .debug_info    0x0000000000007850       0xec ../Lab_2_Example_Replace_bsp/\libhal_bsp.a(alt_exit.o)

.debug_abbrev   0x0000000000000000     0x2afe
 *(.debug_abbrev)
 .debug_abbrev  0x0000000000000000       0x12 ../Lab_2_Example_Replace_bsp//obj/HAL/src/crt0.o
 .debug_abbrev  0x0000000000000012       0xc0 obj/default/main.o
 .debug_abbrev  0x00000000000000d2       0x9f ../Lab_2_Example_Replace_bsp/\libhal_bsp.a(alt_load.o)
 .debug_abbrev  0x0000000000000171       0xba ../Lab_2_Example_Replace_bsp/\libhal_bsp.a(alt_main.o)
 .debug_abbrev  0x000000000000022b      0x187 ../Lab_2_Example_Replace_bsp/\libhal_bsp.a(alt_sys_init.o)
 .debug_abbrev  0x00000000000003b2      0x127 ../Lab_2_Example_Replace_bsp/\libhal_bsp.a(altera_avalon_jtag_uart_fd.o)
 .debug_abbrev  0x00000000000004d9      0x19e ../Lab_2_Example_Replace_bsp/\libhal_bsp.a(altera_avalon_jtag_uart_init.o)
 .debug_abbrev  0x0000000000000677      0x111 ../Lab_2_Example_Replace_bsp/\libhal_bsp.a(altera_avalon_jtag_uart_ioctl.o)
 .debug_abbrev  0x0000000000000788      0x1aa ../Lab_2_Example_Replace_bsp/\libhal_bsp.a(altera_avalon_jtag_uart_read.o)
 .debug_abbrev  0x0000000000000932      0x1a8 ../Lab_2_Example_Replace_bsp/\libhal_bsp.a(altera_avalon_jtag_uart_write.o)
 .debug_abbrev  0x0000000000000ada      0x155 ../Lab_2_Example_Replace_bsp/\libhal_bsp.a(altera_avalon_timer_sc.o)
 .debug_abbrev  0x0000000000000c2f      0x162 ../Lab_2_Example_Replace_bsp/\libhal_bsp.a(alt_alarm_start.o)
 .debug_abbrev  0x0000000000000d91      0x11f ../Lab_2_Example_Replace_bsp/\libhal_bsp.a(alt_close.o)
 .debug_abbrev  0x0000000000000eb0       0x5a ../Lab_2_Example_Replace_bsp/\libhal_bsp.a(alt_dcache_flush_all.o)
 .debug_abbrev  0x0000000000000f0a       0xd9 ../Lab_2_Example_Replace_bsp/\libhal_bsp.a(alt_dev.o)
 .debug_abbrev  0x0000000000000fe3      0x114 ../Lab_2_Example_Replace_bsp/\libhal_bsp.a(alt_dev_llist_insert.o)
 .debug_abbrev  0x00000000000010f7       0x79 ../Lab_2_Example_Replace_bsp/\libhal_bsp.a(alt_do_ctors.o)
 .debug_abbrev  0x0000000000001170       0x79 ../Lab_2_Example_Replace_bsp/\libhal_bsp.a(alt_do_dtors.o)
 .debug_abbrev  0x00000000000011e9       0x5a ../Lab_2_Example_Replace_bsp/\libhal_bsp.a(alt_errno.o)
 .debug_abbrev  0x0000000000001243       0x42 ../Lab_2_Example_Replace_bsp/\libhal_bsp.a(alt_icache_flush_all.o)
 .debug_abbrev  0x0000000000001285      0x163 ../Lab_2_Example_Replace_bsp/\libhal_bsp.a(alt_iic.o)
 .debug_abbrev  0x00000000000013e8      0x169 ../Lab_2_Example_Replace_bsp/\libhal_bsp.a(alt_iic_isr_register.o)
 .debug_abbrev  0x0000000000001551      0x114 ../Lab_2_Example_Replace_bsp/\libhal_bsp.a(alt_io_redirect.o)
 .debug_abbrev  0x0000000000001665       0x12 ../Lab_2_Example_Replace_bsp/\libhal_bsp.a(alt_irq_entry.o)
 .debug_abbrev  0x0000000000001677      0x122 ../Lab_2_Example_Replace_bsp/\libhal_bsp.a(alt_irq_handler.o)
 .debug_abbrev  0x0000000000001799       0x40 ../Lab_2_Example_Replace_bsp/\libhal_bsp.a(alt_irq_vars.o)
 .debug_abbrev  0x00000000000017d9      0x148 ../Lab_2_Example_Replace_bsp/\libhal_bsp.a(alt_open.o)
 .debug_abbrev  0x0000000000001921       0xde ../Lab_2_Example_Replace_bsp/\libhal_bsp.a(alt_release_fd.o)
 .debug_abbrev  0x00000000000019ff      0x15a ../Lab_2_Example_Replace_bsp/\libhal_bsp.a(alt_tick.o)
 .debug_abbrev  0x0000000000001b59       0x42 ../Lab_2_Example_Replace_bsp/\libhal_bsp.a(altera_nios2_gen2_irq.o)
 .debug_abbrev  0x0000000000001b9b       0x12 ../Lab_2_Example_Replace_bsp/\libhal_bsp.a(alt_exception_entry.o)
 .debug_abbrev  0x0000000000001bad       0xf0 ../Lab_2_Example_Replace_bsp/\libhal_bsp.a(alt_find_dev.o)
 .debug_abbrev  0x0000000000001c9d       0xf0 ../Lab_2_Example_Replace_bsp/\libhal_bsp.a(alt_find_file.o)
 .debug_abbrev  0x0000000000001d8d      0x10d ../Lab_2_Example_Replace_bsp/\libhal_bsp.a(alt_get_fd.o)
 .debug_abbrev  0x0000000000001e9a       0x8c ../Lab_2_Example_Replace_bsp/\libhal_bsp.a(alt_icache_flush.o)
 .debug_abbrev  0x0000000000001f26       0xdc ../Lab_2_Example_Replace_bsp/\libhal_bsp.a(alt_instruction_exception_entry.o)
 .debug_abbrev  0x0000000000002002       0xaa d:/quartus/nios2eds/bin/gnu/h-x86_64-mingw32/bin/../lib/gcc/nios2-elf/5.3.0/../../../../../H-x86_64-mingw32/nios2-elf/lib\libc.a(lib_a-atexit.o)
 .debug_abbrev  0x00000000000020ac      0x1e5 d:/quartus/nios2eds/bin/gnu/h-x86_64-mingw32/bin/../lib/gcc/nios2-elf/5.3.0/../../../../../H-x86_64-mingw32/nios2-elf/lib\libc.a(lib_a-exit.o)
 .debug_abbrev  0x0000000000002291      0x18f d:/quartus/nios2eds/bin/gnu/h-x86_64-mingw32/bin/../lib/gcc/nios2-elf/5.3.0/../../../../../H-x86_64-mingw32/nios2-elf/lib\libc.a(lib_a-impure.o)
 .debug_abbrev  0x0000000000002420       0x37 d:/quartus/nios2eds/bin/gnu/h-x86_64-mingw32/bin/../lib/gcc/nios2-elf/5.3.0/../../../../../H-x86_64-mingw32/nios2-elf/lib\libc.a(lib_a-int_errno.o)
 .debug_abbrev  0x0000000000002457       0x7f d:/quartus/nios2eds/bin/gnu/h-x86_64-mingw32/bin/../lib/gcc/nios2-elf/5.3.0/../../../../../H-x86_64-mingw32/nios2-elf/lib\libc.a(lib_a-memcmp.o)
 .debug_abbrev  0x00000000000024d6       0xa3 d:/quartus/nios2eds/bin/gnu/h-x86_64-mingw32/bin/../lib/gcc/nios2-elf/5.3.0/../../../../../H-x86_64-mingw32/nios2-elf/lib\libc.a(lib_a-memcpy.o)
 .debug_abbrev  0x0000000000002579       0x90 d:/quartus/nios2eds/bin/gnu/h-x86_64-mingw32/bin/../lib/gcc/nios2-elf/5.3.0/../../../../../H-x86_64-mingw32/nios2-elf/lib\libc.a(lib_a-strlen.o)
 .debug_abbrev  0x0000000000002609      0x21e d:/quartus/nios2eds/bin/gnu/h-x86_64-mingw32/bin/../lib/gcc/nios2-elf/5.3.0/../../../../../H-x86_64-mingw32/nios2-elf/lib\libc.a(lib_a-__atexit.o)
 .debug_abbrev  0x0000000000002827      0x22e d:/quartus/nios2eds/bin/gnu/h-x86_64-mingw32/bin/../lib/gcc/nios2-elf/5.3.0/../../../../../H-x86_64-mingw32/nios2-elf/lib\libc.a(lib_a-__call_atexit.o)
 .debug_abbrev  0x0000000000002a55       0xa9 ../Lab_2_Example_Replace_bsp/\libhal_bsp.a(alt_exit.o)

.debug_line     0x0000000000000000     0x2b54
 *(.debug_line)
 .debug_line    0x0000000000000000       0x72 ../Lab_2_Example_Replace_bsp//obj/HAL/src/crt0.o
 .debug_line    0x0000000000000072      0x153 obj/default/main.o
 .debug_line    0x00000000000001c5       0x8e ../Lab_2_Example_Replace_bsp/\libhal_bsp.a(alt_load.o)
 .debug_line    0x0000000000000253       0xa4 ../Lab_2_Example_Replace_bsp/\libhal_bsp.a(alt_main.o)
 .debug_line    0x00000000000002f7      0x151 ../Lab_2_Example_Replace_bsp/\libhal_bsp.a(alt_sys_init.o)
 .debug_line    0x0000000000000448      0x12f ../Lab_2_Example_Replace_bsp/\libhal_bsp.a(altera_avalon_jtag_uart_fd.o)
 .debug_line    0x0000000000000577      0x18b ../Lab_2_Example_Replace_bsp/\libhal_bsp.a(altera_avalon_jtag_uart_init.o)
 .debug_line    0x0000000000000702      0x131 ../Lab_2_Example_Replace_bsp/\libhal_bsp.a(altera_avalon_jtag_uart_ioctl.o)
 .debug_line    0x0000000000000833      0x171 ../Lab_2_Example_Replace_bsp/\libhal_bsp.a(altera_avalon_jtag_uart_read.o)
 .debug_line    0x00000000000009a4      0x170 ../Lab_2_Example_Replace_bsp/\libhal_bsp.a(altera_avalon_jtag_uart_write.o)
 .debug_line    0x0000000000000b14       0xfd ../Lab_2_Example_Replace_bsp/\libhal_bsp.a(altera_avalon_timer_sc.o)
 .debug_line    0x0000000000000c11       0xf9 ../Lab_2_Example_Replace_bsp/\libhal_bsp.a(alt_alarm_start.o)
 .debug_line    0x0000000000000d0a      0x159 ../Lab_2_Example_Replace_bsp/\libhal_bsp.a(alt_close.o)
 .debug_line    0x0000000000000e63       0x61 ../Lab_2_Example_Replace_bsp/\libhal_bsp.a(alt_dcache_flush_all.o)
 .debug_line    0x0000000000000ec4       0xec ../Lab_2_Example_Replace_bsp/\libhal_bsp.a(alt_dev.o)
 .debug_line    0x0000000000000fb0       0xcf ../Lab_2_Example_Replace_bsp/\libhal_bsp.a(alt_dev_llist_insert.o)
 .debug_line    0x000000000000107f       0x59 ../Lab_2_Example_Replace_bsp/\libhal_bsp.a(alt_do_ctors.o)
 .debug_line    0x00000000000010d8       0x59 ../Lab_2_Example_Replace_bsp/\libhal_bsp.a(alt_do_dtors.o)
 .debug_line    0x0000000000001131       0x51 ../Lab_2_Example_Replace_bsp/\libhal_bsp.a(alt_errno.o)
 .debug_line    0x0000000000001182       0x50 ../Lab_2_Example_Replace_bsp/\libhal_bsp.a(alt_icache_flush_all.o)
 .debug_line    0x00000000000011d2       0xeb ../Lab_2_Example_Replace_bsp/\libhal_bsp.a(alt_iic.o)
 .debug_line    0x00000000000012bd       0xdb ../Lab_2_Example_Replace_bsp/\libhal_bsp.a(alt_iic_isr_register.o)
 .debug_line    0x0000000000001398      0x127 ../Lab_2_Example_Replace_bsp/\libhal_bsp.a(alt_io_redirect.o)
 .debug_line    0x00000000000014bf       0x6b ../Lab_2_Example_Replace_bsp/\libhal_bsp.a(alt_irq_entry.o)
 .debug_line    0x000000000000152a       0xaa ../Lab_2_Example_Replace_bsp/\libhal_bsp.a(alt_irq_handler.o)
 .debug_line    0x00000000000015d4       0x50 ../Lab_2_Example_Replace_bsp/\libhal_bsp.a(alt_irq_vars.o)
 .debug_line    0x0000000000001624      0x128 ../Lab_2_Example_Replace_bsp/\libhal_bsp.a(alt_open.o)
 .debug_line    0x000000000000174c       0xae ../Lab_2_Example_Replace_bsp/\libhal_bsp.a(alt_release_fd.o)
 .debug_line    0x00000000000017fa       0xff ../Lab_2_Example_Replace_bsp/\libhal_bsp.a(alt_tick.o)
 .debug_line    0x00000000000018f9       0x51 ../Lab_2_Example_Replace_bsp/\libhal_bsp.a(altera_nios2_gen2_irq.o)
 .debug_line    0x000000000000194a       0xb3 ../Lab_2_Example_Replace_bsp/\libhal_bsp.a(alt_exception_entry.o)
 .debug_line    0x00000000000019fd       0xb5 ../Lab_2_Example_Replace_bsp/\libhal_bsp.a(alt_find_dev.o)
 .debug_line    0x0000000000001ab2       0xd1 ../Lab_2_Example_Replace_bsp/\libhal_bsp.a(alt_find_file.o)
 .debug_line    0x0000000000001b83       0xd4 ../Lab_2_Example_Replace_bsp/\libhal_bsp.a(alt_get_fd.o)
 .debug_line    0x0000000000001c57       0x81 ../Lab_2_Example_Replace_bsp/\libhal_bsp.a(alt_icache_flush.o)
 .debug_line    0x0000000000001cd8       0xba ../Lab_2_Example_Replace_bsp/\libhal_bsp.a(alt_instruction_exception_entry.o)
 .debug_line    0x0000000000001d92       0xe4 d:/quartus/nios2eds/bin/gnu/h-x86_64-mingw32/bin/../lib/gcc/nios2-elf/5.3.0/../../../../../H-x86_64-mingw32/nios2-elf/lib\libc.a(lib_a-atexit.o)
 .debug_line    0x0000000000001e76      0x1f9 d:/quartus/nios2eds/bin/gnu/h-x86_64-mingw32/bin/../lib/gcc/nios2-elf/5.3.0/../../../../../H-x86_64-mingw32/nios2-elf/lib\libc.a(lib_a-exit.o)
 .debug_line    0x000000000000206f      0x15d d:/quartus/nios2eds/bin/gnu/h-x86_64-mingw32/bin/../lib/gcc/nios2-elf/5.3.0/../../../../../H-x86_64-mingw32/nios2-elf/lib\libc.a(lib_a-impure.o)
 .debug_line    0x00000000000021cc       0x5c d:/quartus/nios2eds/bin/gnu/h-x86_64-mingw32/bin/../lib/gcc/nios2-elf/5.3.0/../../../../../H-x86_64-mingw32/nios2-elf/lib\libc.a(lib_a-int_errno.o)
 .debug_line    0x0000000000002228      0x173 d:/quartus/nios2eds/bin/gnu/h-x86_64-mingw32/bin/../lib/gcc/nios2-elf/5.3.0/../../../../../H-x86_64-mingw32/nios2-elf/lib\libc.a(lib_a-memcmp.o)
 .debug_line    0x000000000000239b      0x189 d:/quartus/nios2eds/bin/gnu/h-x86_64-mingw32/bin/../lib/gcc/nios2-elf/5.3.0/../../../../../H-x86_64-mingw32/nios2-elf/lib\libc.a(lib_a-memcpy.o)
 .debug_line    0x0000000000002524      0x16c d:/quartus/nios2eds/bin/gnu/h-x86_64-mingw32/bin/../lib/gcc/nios2-elf/5.3.0/../../../../../H-x86_64-mingw32/nios2-elf/lib\libc.a(lib_a-strlen.o)
 .debug_line    0x0000000000002690      0x21c d:/quartus/nios2eds/bin/gnu/h-x86_64-mingw32/bin/../lib/gcc/nios2-elf/5.3.0/../../../../../H-x86_64-mingw32/nios2-elf/lib\libc.a(lib_a-__atexit.o)
 .debug_line    0x00000000000028ac      0x237 d:/quartus/nios2eds/bin/gnu/h-x86_64-mingw32/bin/../lib/gcc/nios2-elf/5.3.0/../../../../../H-x86_64-mingw32/nios2-elf/lib\libc.a(lib_a-__call_atexit.o)
 .debug_line    0x0000000000002ae3       0x71 ../Lab_2_Example_Replace_bsp/\libhal_bsp.a(alt_exit.o)

.debug_frame    0x0000000000000000      0xb24
 *(.debug_frame)
 .debug_frame   0x0000000000000000       0x50 obj/default/main.o
 .debug_frame   0x0000000000000050       0x5c ../Lab_2_Example_Replace_bsp/\libhal_bsp.a(alt_load.o)
 .debug_frame   0x00000000000000ac       0x2c ../Lab_2_Example_Replace_bsp/\libhal_bsp.a(alt_main.o)
 .debug_frame   0x00000000000000d8       0x88 ../Lab_2_Example_Replace_bsp/\libhal_bsp.a(alt_sys_init.o)
 .debug_frame   0x0000000000000160       0xb0 ../Lab_2_Example_Replace_bsp/\libhal_bsp.a(altera_avalon_jtag_uart_fd.o)
 .debug_frame   0x0000000000000210       0xa4 ../Lab_2_Example_Replace_bsp/\libhal_bsp.a(altera_avalon_jtag_uart_init.o)
 .debug_frame   0x00000000000002b4       0x34 ../Lab_2_Example_Replace_bsp/\libhal_bsp.a(altera_avalon_jtag_uart_ioctl.o)
 .debug_frame   0x00000000000002e8       0x38 ../Lab_2_Example_Replace_bsp/\libhal_bsp.a(altera_avalon_jtag_uart_read.o)
 .debug_frame   0x0000000000000320       0x38 ../Lab_2_Example_Replace_bsp/\libhal_bsp.a(altera_avalon_jtag_uart_write.o)
 .debug_frame   0x0000000000000358       0x60 ../Lab_2_Example_Replace_bsp/\libhal_bsp.a(altera_avalon_timer_sc.o)
 .debug_frame   0x00000000000003b8       0x34 ../Lab_2_Example_Replace_bsp/\libhal_bsp.a(alt_alarm_start.o)
 .debug_frame   0x00000000000003ec       0x60 ../Lab_2_Example_Replace_bsp/\libhal_bsp.a(alt_close.o)
 .debug_frame   0x000000000000044c       0x34 ../Lab_2_Example_Replace_bsp/\libhal_bsp.a(alt_dcache_flush_all.o)
 .debug_frame   0x0000000000000480       0x34 ../Lab_2_Example_Replace_bsp/\libhal_bsp.a(alt_dev.o)
 .debug_frame   0x00000000000004b4       0x60 ../Lab_2_Example_Replace_bsp/\libhal_bsp.a(alt_dev_llist_insert.o)
 .debug_frame   0x0000000000000514       0x38 ../Lab_2_Example_Replace_bsp/\libhal_bsp.a(alt_do_ctors.o)
 .debug_frame   0x000000000000054c       0x38 ../Lab_2_Example_Replace_bsp/\libhal_bsp.a(alt_do_dtors.o)
 .debug_frame   0x0000000000000584       0x38 ../Lab_2_Example_Replace_bsp/\libhal_bsp.a(alt_icache_flush_all.o)
 .debug_frame   0x00000000000005bc       0xa4 ../Lab_2_Example_Replace_bsp/\libhal_bsp.a(alt_iic.o)
 .debug_frame   0x0000000000000660       0x38 ../Lab_2_Example_Replace_bsp/\libhal_bsp.a(alt_iic_isr_register.o)
 .debug_frame   0x0000000000000698       0x60 ../Lab_2_Example_Replace_bsp/\libhal_bsp.a(alt_io_redirect.o)
 .debug_frame   0x00000000000006f8       0x38 ../Lab_2_Example_Replace_bsp/\libhal_bsp.a(alt_irq_handler.o)
 .debug_frame   0x0000000000000730       0x84 ../Lab_2_Example_Replace_bsp/\libhal_bsp.a(alt_open.o)
 .debug_frame   0x00000000000007b4       0x34 ../Lab_2_Example_Replace_bsp/\libhal_bsp.a(alt_release_fd.o)
 .debug_frame   0x00000000000007e8       0x5c ../Lab_2_Example_Replace_bsp/\libhal_bsp.a(alt_tick.o)
 .debug_frame   0x0000000000000844       0x34 ../Lab_2_Example_Replace_bsp/\libhal_bsp.a(altera_nios2_gen2_irq.o)
 .debug_frame   0x0000000000000878       0x38 ../Lab_2_Example_Replace_bsp/\libhal_bsp.a(alt_find_dev.o)
 .debug_frame   0x00000000000008b0       0x38 ../Lab_2_Example_Replace_bsp/\libhal_bsp.a(alt_find_file.o)
 .debug_frame   0x00000000000008e8       0x34 ../Lab_2_Example_Replace_bsp/\libhal_bsp.a(alt_get_fd.o)
 .debug_frame   0x000000000000091c       0x34 ../Lab_2_Example_Replace_bsp/\libhal_bsp.a(alt_icache_flush.o)
 .debug_frame   0x0000000000000950       0x5c ../Lab_2_Example_Replace_bsp/\libhal_bsp.a(alt_instruction_exception_entry.o)
 .debug_frame   0x00000000000009ac       0x20 d:/quartus/nios2eds/bin/gnu/h-x86_64-mingw32/bin/../lib/gcc/nios2-elf/5.3.0/../../../../../H-x86_64-mingw32/nios2-elf/lib\libc.a(lib_a-atexit.o)
 .debug_frame   0x00000000000009cc       0x28 d:/quartus/nios2eds/bin/gnu/h-x86_64-mingw32/bin/../lib/gcc/nios2-elf/5.3.0/../../../../../H-x86_64-mingw32/nios2-elf/lib\libc.a(lib_a-exit.o)
 .debug_frame   0x00000000000009f4       0x20 d:/quartus/nios2eds/bin/gnu/h-x86_64-mingw32/bin/../lib/gcc/nios2-elf/5.3.0/../../../../../H-x86_64-mingw32/nios2-elf/lib\libc.a(lib_a-memcmp.o)
 .debug_frame   0x0000000000000a14       0x38 d:/quartus/nios2eds/bin/gnu/h-x86_64-mingw32/bin/../lib/gcc/nios2-elf/5.3.0/../../../../../H-x86_64-mingw32/nios2-elf/lib\libc.a(lib_a-memcpy.o)
 .debug_frame   0x0000000000000a4c       0x20 d:/quartus/nios2eds/bin/gnu/h-x86_64-mingw32/bin/../lib/gcc/nios2-elf/5.3.0/../../../../../H-x86_64-mingw32/nios2-elf/lib\libc.a(lib_a-strlen.o)
 .debug_frame   0x0000000000000a6c       0x38 d:/quartus/nios2eds/bin/gnu/h-x86_64-mingw32/bin/../lib/gcc/nios2-elf/5.3.0/../../../../../H-x86_64-mingw32/nios2-elf/lib\libc.a(lib_a-__atexit.o)
 .debug_frame   0x0000000000000aa4       0x54 d:/quartus/nios2eds/bin/gnu/h-x86_64-mingw32/bin/../lib/gcc/nios2-elf/5.3.0/../../../../../H-x86_64-mingw32/nios2-elf/lib\libc.a(lib_a-__call_atexit.o)
 .debug_frame   0x0000000000000af8       0x2c ../Lab_2_Example_Replace_bsp/\libhal_bsp.a(alt_exit.o)

.debug_str      0x0000000000000000     0x1b69
 *(.debug_str)
 .debug_str     0x0000000000000000      0x18c obj/default/main.o
                                        0x1eb (size before relaxing)
 .debug_str     0x000000000000018c      0x171 ../Lab_2_Example_Replace_bsp/\libhal_bsp.a(alt_load.o)
                                        0x255 (size before relaxing)
 .debug_str     0x00000000000002fd       0x70 ../Lab_2_Example_Replace_bsp/\libhal_bsp.a(alt_main.o)
                                        0x1e0 (size before relaxing)
 .debug_str     0x000000000000036d      0x1d1 ../Lab_2_Example_Replace_bsp/\libhal_bsp.a(alt_sys_init.o)
                                        0x3d1 (size before relaxing)
 .debug_str     0x000000000000053e       0xb9 ../Lab_2_Example_Replace_bsp/\libhal_bsp.a(altera_avalon_jtag_uart_fd.o)
                                        0x3e7 (size before relaxing)
 .debug_str     0x00000000000005f7       0xd1 ../Lab_2_Example_Replace_bsp/\libhal_bsp.a(altera_avalon_jtag_uart_init.o)
                                        0x37b (size before relaxing)
 .debug_str     0x00000000000006c8       0x4a ../Lab_2_Example_Replace_bsp/\libhal_bsp.a(altera_avalon_jtag_uart_ioctl.o)
                                        0x2d6 (size before relaxing)
 .debug_str     0x0000000000000712       0x7f ../Lab_2_Example_Replace_bsp/\libhal_bsp.a(altera_avalon_jtag_uart_read.o)
                                        0x32b (size before relaxing)
 .debug_str     0x0000000000000791       0x4a ../Lab_2_Example_Replace_bsp/\libhal_bsp.a(altera_avalon_jtag_uart_write.o)
                                        0x32c (size before relaxing)
 .debug_str     0x00000000000007db       0x6d ../Lab_2_Example_Replace_bsp/\libhal_bsp.a(altera_avalon_timer_sc.o)
                                        0x28e (size before relaxing)
 .debug_str     0x0000000000000848       0x59 ../Lab_2_Example_Replace_bsp/\libhal_bsp.a(alt_alarm_start.o)
                                        0x2c1 (size before relaxing)
 .debug_str     0x00000000000008a1       0x44 ../Lab_2_Example_Replace_bsp/\libhal_bsp.a(alt_close.o)
                                        0x24e (size before relaxing)
 .debug_str     0x00000000000008e5       0x34 ../Lab_2_Example_Replace_bsp/\libhal_bsp.a(alt_dcache_flush_all.o)
                                        0x198 (size before relaxing)
 .debug_str     0x0000000000000919      0x120 ../Lab_2_Example_Replace_bsp/\libhal_bsp.a(alt_dev.o)
                                        0x348 (size before relaxing)
 .debug_str     0x0000000000000a39       0x34 ../Lab_2_Example_Replace_bsp/\libhal_bsp.a(alt_dev_llist_insert.o)
                                        0x20f (size before relaxing)
 .debug_str     0x0000000000000a6d       0x48 ../Lab_2_Example_Replace_bsp/\libhal_bsp.a(alt_do_ctors.o)
                                        0x113 (size before relaxing)
 .debug_str     0x0000000000000ab5       0x4c ../Lab_2_Example_Replace_bsp/\libhal_bsp.a(alt_do_dtors.o)
                                        0x112 (size before relaxing)
 .debug_str     0x0000000000000b01       0x14 ../Lab_2_Example_Replace_bsp/\libhal_bsp.a(alt_errno.o)
                                        0x188 (size before relaxing)
 .debug_str     0x0000000000000b15       0x34 ../Lab_2_Example_Replace_bsp/\libhal_bsp.a(alt_icache_flush_all.o)
                                        0x198 (size before relaxing)
 .debug_str     0x0000000000000b49       0xc4 ../Lab_2_Example_Replace_bsp/\libhal_bsp.a(alt_iic.o)
                                        0x281 (size before relaxing)
 .debug_str     0x0000000000000c0d       0x4c ../Lab_2_Example_Replace_bsp/\libhal_bsp.a(alt_iic_isr_register.o)
                                        0x22b (size before relaxing)
 .debug_str     0x0000000000000c59       0x56 ../Lab_2_Example_Replace_bsp/\libhal_bsp.a(alt_io_redirect.o)
                                        0x359 (size before relaxing)
 .debug_str     0x0000000000000caf       0x3a ../Lab_2_Example_Replace_bsp/\libhal_bsp.a(alt_irq_handler.o)
                                        0x1da (size before relaxing)
 .debug_str     0x0000000000000ce9       0x17 ../Lab_2_Example_Replace_bsp/\libhal_bsp.a(alt_irq_vars.o)
                                        0x17d (size before relaxing)
 .debug_str     0x0000000000000d00       0x2f ../Lab_2_Example_Replace_bsp/\libhal_bsp.a(alt_open.o)
                                        0x28e (size before relaxing)
 .debug_str     0x0000000000000d2f       0x28 ../Lab_2_Example_Replace_bsp/\libhal_bsp.a(alt_release_fd.o)
                                        0x216 (size before relaxing)
 .debug_str     0x0000000000000d57       0x4a ../Lab_2_Example_Replace_bsp/\libhal_bsp.a(alt_tick.o)
                                        0x295 (size before relaxing)
 .debug_str     0x0000000000000da1       0x3b ../Lab_2_Example_Replace_bsp/\libhal_bsp.a(altera_nios2_gen2_irq.o)
                                        0x19f (size before relaxing)
 .debug_str     0x0000000000000ddc       0x24 ../Lab_2_Example_Replace_bsp/\libhal_bsp.a(alt_find_dev.o)
                                        0x22f (size before relaxing)
 .debug_str     0x0000000000000e00       0x26 ../Lab_2_Example_Replace_bsp/\libhal_bsp.a(alt_find_file.o)
                                        0x23d (size before relaxing)
 .debug_str     0x0000000000000e26       0x30 ../Lab_2_Example_Replace_bsp/\libhal_bsp.a(alt_get_fd.o)
                                        0x25f (size before relaxing)
 .debug_str     0x0000000000000e56       0x2c ../Lab_2_Example_Replace_bsp/\libhal_bsp.a(alt_icache_flush.o)
                                        0x19e (size before relaxing)
 .debug_str     0x0000000000000e82      0x48b ../Lab_2_Example_Replace_bsp/\libhal_bsp.a(alt_instruction_exception_entry.o)
                                        0x5e3 (size before relaxing)
 .debug_str     0x000000000000130d      0x162 d:/quartus/nios2eds/bin/gnu/h-x86_64-mingw32/bin/../lib/gcc/nios2-elf/5.3.0/../../../../../H-x86_64-mingw32/nios2-elf/lib\libc.a(lib_a-atexit.o)
                                        0x207 (size before relaxing)
 .debug_str     0x000000000000146f      0x3ac d:/quartus/nios2eds/bin/gnu/h-x86_64-mingw32/bin/../lib/gcc/nios2-elf/5.3.0/../../../../../H-x86_64-mingw32/nios2-elf/lib\libc.a(lib_a-exit.o)
                                        0x5a4 (size before relaxing)
 .debug_str     0x000000000000181b       0xc8 d:/quartus/nios2eds/bin/gnu/h-x86_64-mingw32/bin/../lib/gcc/nios2-elf/5.3.0/../../../../../H-x86_64-mingw32/nios2-elf/lib\libc.a(lib_a-impure.o)
                                        0x59b (size before relaxing)
 .debug_str     0x00000000000018e3       0x3c d:/quartus/nios2eds/bin/gnu/h-x86_64-mingw32/bin/../lib/gcc/nios2-elf/5.3.0/../../../../../H-x86_64-mingw32/nios2-elf/lib\libc.a(lib_a-int_errno.o)
                                        0x1c3 (size before relaxing)
 .debug_str     0x000000000000191f       0xcc d:/quartus/nios2eds/bin/gnu/h-x86_64-mingw32/bin/../lib/gcc/nios2-elf/5.3.0/../../../../../H-x86_64-mingw32/nios2-elf/lib\libc.a(lib_a-memcmp.o)
                                        0x1ca (size before relaxing)
 .debug_str     0x00000000000019eb       0x68 d:/quartus/nios2eds/bin/gnu/h-x86_64-mingw32/bin/../lib/gcc/nios2-elf/5.3.0/../../../../../H-x86_64-mingw32/nios2-elf/lib\libc.a(lib_a-memcpy.o)
                                        0x1f1 (size before relaxing)
 .debug_str     0x0000000000001a53       0x4e d:/quartus/nios2eds/bin/gnu/h-x86_64-mingw32/bin/../lib/gcc/nios2-elf/5.3.0/../../../../../H-x86_64-mingw32/nios2-elf/lib\libc.a(lib_a-strlen.o)
                                        0x1dd (size before relaxing)
 .debug_str     0x0000000000001aa1       0x3c d:/quartus/nios2eds/bin/gnu/h-x86_64-mingw32/bin/../lib/gcc/nios2-elf/5.3.0/../../../../../H-x86_64-mingw32/nios2-elf/lib\libc.a(lib_a-__atexit.o)
                                        0x5dc (size before relaxing)
 .debug_str     0x0000000000001add       0x62 d:/quartus/nios2eds/bin/gnu/h-x86_64-mingw32/bin/../lib/gcc/nios2-elf/5.3.0/../../../../../H-x86_64-mingw32/nios2-elf/lib\libc.a(lib_a-__call_atexit.o)
                                        0x5c8 (size before relaxing)
 .debug_str     0x0000000000001b3f       0x2a ../Lab_2_Example_Replace_bsp/\libhal_bsp.a(alt_exit.o)
                                        0x194 (size before relaxing)

.debug_loc      0x0000000000000000      0x770
 *(.debug_loc)
 .debug_loc     0x0000000000000000       0x2c d:/quartus/nios2eds/bin/gnu/h-x86_64-mingw32/bin/../lib/gcc/nios2-elf/5.3.0/../../../../../H-x86_64-mingw32/nios2-elf/lib\libc.a(lib_a-atexit.o)
 .debug_loc     0x000000000000002c       0x1e d:/quartus/nios2eds/bin/gnu/h-x86_64-mingw32/bin/../lib/gcc/nios2-elf/5.3.0/../../../../../H-x86_64-mingw32/nios2-elf/lib\libc.a(lib_a-exit.o)
 .debug_loc     0x000000000000004a      0x126 d:/quartus/nios2eds/bin/gnu/h-x86_64-mingw32/bin/../lib/gcc/nios2-elf/5.3.0/../../../../../H-x86_64-mingw32/nios2-elf/lib\libc.a(lib_a-memcmp.o)
 .debug_loc     0x0000000000000170      0x266 d:/quartus/nios2eds/bin/gnu/h-x86_64-mingw32/bin/../lib/gcc/nios2-elf/5.3.0/../../../../../H-x86_64-mingw32/nios2-elf/lib\libc.a(lib_a-memcpy.o)
 .debug_loc     0x00000000000003d6       0x47 d:/quartus/nios2eds/bin/gnu/h-x86_64-mingw32/bin/../lib/gcc/nios2-elf/5.3.0/../../../../../H-x86_64-mingw32/nios2-elf/lib\libc.a(lib_a-strlen.o)
 .debug_loc     0x000000000000041d      0x185 d:/quartus/nios2eds/bin/gnu/h-x86_64-mingw32/bin/../lib/gcc/nios2-elf/5.3.0/../../../../../H-x86_64-mingw32/nios2-elf/lib\libc.a(lib_a-__atexit.o)
 .debug_loc     0x00000000000005a2      0x1ce d:/quartus/nios2eds/bin/gnu/h-x86_64-mingw32/bin/../lib/gcc/nios2-elf/5.3.0/../../../../../H-x86_64-mingw32/nios2-elf/lib\libc.a(lib_a-__call_atexit.o)

.debug_macinfo
 *(.debug_macinfo)

.debug_weaknames
 *(.debug_weaknames)

.debug_funcnames
 *(.debug_funcnames)

.debug_typenames
 *(.debug_typenames)

.debug_varnames
 *(.debug_varnames)

.debug_alt_sim_info
                0x0000000000000000       0x30
 *(.debug_alt_sim_info)
 .debug_alt_sim_info
                0x0000000000000000       0x30 ../Lab_2_Example_Replace_bsp//obj/HAL/src/crt0.o
                0x0000000008000000                __alt_data_end = 0x8000000
                0x0000000008000000                PROVIDE (__alt_stack_pointer, __alt_data_end)
                [!provide]                        PROVIDE (__alt_stack_limit, __alt_stack_base)
                [!provide]                        PROVIDE (__alt_heap_start, end)
                [!provide]                        PROVIDE (__alt_heap_limit, 0x8000000)
OUTPUT(Lab_2_Example_Replace.elf elf32-littlenios2)

.debug_ranges   0x0000000000000000      0x178
 .debug_ranges  0x0000000000000000       0x20 ../Lab_2_Example_Replace_bsp//obj/HAL/src/crt0.o
 .debug_ranges  0x0000000000000020       0x30 ../Lab_2_Example_Replace_bsp/\libhal_bsp.a(altera_avalon_jtag_uart_init.o)
 .debug_ranges  0x0000000000000050       0x18 ../Lab_2_Example_Replace_bsp/\libhal_bsp.a(altera_avalon_jtag_uart_read.o)
 .debug_ranges  0x0000000000000068       0x28 ../Lab_2_Example_Replace_bsp/\libhal_bsp.a(alt_irq_entry.o)
 .debug_ranges  0x0000000000000090       0x10 ../Lab_2_Example_Replace_bsp/\libhal_bsp.a(alt_irq_handler.o)
 .debug_ranges  0x00000000000000a0       0x30 ../Lab_2_Example_Replace_bsp/\libhal_bsp.a(alt_exception_entry.o)
 .debug_ranges  0x00000000000000d0       0x18 ../Lab_2_Example_Replace_bsp/\libhal_bsp.a(alt_instruction_exception_entry.o)
 .debug_ranges  0x00000000000000e8       0x10 d:/quartus/nios2eds/bin/gnu/h-x86_64-mingw32/bin/../lib/gcc/nios2-elf/5.3.0/../../../../../H-x86_64-mingw32/nios2-elf/lib\libc.a(lib_a-atexit.o)
 .debug_ranges  0x00000000000000f8       0x10 d:/quartus/nios2eds/bin/gnu/h-x86_64-mingw32/bin/../lib/gcc/nios2-elf/5.3.0/../../../../../H-x86_64-mingw32/nios2-elf/lib\libc.a(lib_a-exit.o)
 .debug_ranges  0x0000000000000108       0x10 d:/quartus/nios2eds/bin/gnu/h-x86_64-mingw32/bin/../lib/gcc/nios2-elf/5.3.0/../../../../../H-x86_64-mingw32/nios2-elf/lib\libc.a(lib_a-memcmp.o)
 .debug_ranges  0x0000000000000118       0x10 d:/quartus/nios2eds/bin/gnu/h-x86_64-mingw32/bin/../lib/gcc/nios2-elf/5.3.0/../../../../../H-x86_64-mingw32/nios2-elf/lib\libc.a(lib_a-memcpy.o)
 .debug_ranges  0x0000000000000128       0x10 d:/quartus/nios2eds/bin/gnu/h-x86_64-mingw32/bin/../lib/gcc/nios2-elf/5.3.0/../../../../../H-x86_64-mingw32/nios2-elf/lib\libc.a(lib_a-strlen.o)
 .debug_ranges  0x0000000000000138       0x10 d:/quartus/nios2eds/bin/gnu/h-x86_64-mingw32/bin/../lib/gcc/nios2-elf/5.3.0/../../../../../H-x86_64-mingw32/nios2-elf/lib\libc.a(lib_a-__atexit.o)
 .debug_ranges  0x0000000000000148       0x30 d:/quartus/nios2eds/bin/gnu/h-x86_64-mingw32/bin/../lib/gcc/nios2-elf/5.3.0/../../../../../H-x86_64-mingw32/nios2-elf/lib\libc.a(lib_a-__call_atexit.o)
